Archive member included because of file (symbol)

c:/program files (x86)/atollic/truestudio for arm pro 4.2.0/armtools/bin/../lib/gcc/arm-atollic-eabi/4.7.3/../../../../arm-atollic-eabi/lib/armv7e-m/fpv4-sp-d16\libc.a(lib_a-init.o)
                              src\startup_stm32f4xx.o (__libc_init_array)
c:/program files (x86)/atollic/truestudio for arm pro 4.2.0/armtools/bin/../lib/gcc/arm-atollic-eabi/4.7.3/../../../../arm-atollic-eabi/lib/armv7e-m/fpv4-sp-d16\libc.a(lib_a-memcpy.o)
                              FreeRTOS\queue.o (memcpy)
c:/program files (x86)/atollic/truestudio for arm pro 4.2.0/armtools/bin/../lib/gcc/arm-atollic-eabi/4.7.3/../../../../arm-atollic-eabi/lib/armv7e-m/fpv4-sp-d16\libc.a(lib_a-memset.o)
                              FreeRTOS\tasks.o (memset)
c:/program files (x86)/atollic/truestudio for arm pro 4.2.0/armtools/bin/../lib/gcc/arm-atollic-eabi/4.7.3/../../../../arm-atollic-eabi/lib/armv7e-m/fpv4-sp-d16\libc.a(lib_a-strcat.o)
                              FreeRTOS\tasks.o (strcat)
c:/program files (x86)/atollic/truestudio for arm pro 4.2.0/armtools/bin/../lib/gcc/arm-atollic-eabi/4.7.3/../../../../arm-atollic-eabi/lib/armv7e-m/fpv4-sp-d16\libc.a(lib_a-strlen.o)
                              FreeRTOS\tasks.o (strlen)
c:/program files (x86)/atollic/truestudio for arm pro 4.2.0/armtools/bin/../lib/gcc/arm-atollic-eabi/4.7.3/../../../../arm-atollic-eabi/lib/armv7e-m/fpv4-sp-d16\libc.a(lib_a-strncpy.o)
                              FreeRTOS\tasks.o (strncpy)
c:/program files (x86)/atollic/truestudio for arm pro 4.2.0/armtools/bin/../lib/gcc/arm-atollic-eabi/4.7.3/../../../../arm-atollic-eabi/lib/armv7e-m/fpv4-sp-d16\libc.a(lib_a-syscalls.o)
                              src\tiny_printf.o (_write)
c:/program files (x86)/atollic/truestudio for arm pro 4.2.0/armtools/bin/../lib/gcc/arm-atollic-eabi/4.7.3/../../../../arm-atollic-eabi/lib/armv7e-m/fpv4-sp-d16\libc.a(lib_a-reent.o)
                              c:/program files (x86)/atollic/truestudio for arm pro 4.2.0/armtools/bin/../lib/gcc/arm-atollic-eabi/4.7.3/../../../../arm-atollic-eabi/lib/armv7e-m/fpv4-sp-d16\libc.a(lib_a-syscalls.o) (errno)
c:/program files (x86)/atollic/truestudio for arm pro 4.2.0/armtools/bin/../lib/gcc/arm-atollic-eabi/4.7.3/../../../../arm-atollic-eabi/lib/armv7e-m/fpv4-sp-d16\libc.a(lib_a-freer.o)
                              c:/program files (x86)/atollic/truestudio for arm pro 4.2.0/armtools/bin/../lib/gcc/arm-atollic-eabi/4.7.3/../../../../arm-atollic-eabi/lib/armv7e-m/fpv4-sp-d16\libc.a(lib_a-reent.o) (_free_r)
c:/program files (x86)/atollic/truestudio for arm pro 4.2.0/armtools/bin/../lib/gcc/arm-atollic-eabi/4.7.3/../../../../arm-atollic-eabi/lib/armv7e-m/fpv4-sp-d16\libc.a(lib_a-impure.o)
                              c:/program files (x86)/atollic/truestudio for arm pro 4.2.0/armtools/bin/../lib/gcc/arm-atollic-eabi/4.7.3/../../../../arm-atollic-eabi/lib/armv7e-m/fpv4-sp-d16\libc.a(lib_a-reent.o) (_impure_ptr)
c:/program files (x86)/atollic/truestudio for arm pro 4.2.0/armtools/bin/../lib/gcc/arm-atollic-eabi/4.7.3/../../../../arm-atollic-eabi/lib/armv7e-m/fpv4-sp-d16\libc.a(lib_a-mallocr.o)
                              c:/program files (x86)/atollic/truestudio for arm pro 4.2.0/armtools/bin/../lib/gcc/arm-atollic-eabi/4.7.3/../../../../arm-atollic-eabi/lib/armv7e-m/fpv4-sp-d16\libc.a(lib_a-freer.o) (__malloc_current_mallinfo)
c:/program files (x86)/atollic/truestudio for arm pro 4.2.0/armtools/bin/../lib/gcc/arm-atollic-eabi/4.7.3/../../../../arm-atollic-eabi/lib/armv7e-m/fpv4-sp-d16\libc.a(lib_a-mlock.o)
                              c:/program files (x86)/atollic/truestudio for arm pro 4.2.0/armtools/bin/../lib/gcc/arm-atollic-eabi/4.7.3/../../../../arm-atollic-eabi/lib/armv7e-m/fpv4-sp-d16\libc.a(lib_a-freer.o) (__malloc_lock)
c:/program files (x86)/atollic/truestudio for arm pro 4.2.0/armtools/bin/../lib/gcc/arm-atollic-eabi/4.7.3/../../../../arm-atollic-eabi/lib/armv7e-m/fpv4-sp-d16\libc.a(lib_a-sbrkr.o)
                              c:/program files (x86)/atollic/truestudio for arm pro 4.2.0/armtools/bin/../lib/gcc/arm-atollic-eabi/4.7.3/../../../../arm-atollic-eabi/lib/armv7e-m/fpv4-sp-d16\libc.a(lib_a-freer.o) (_sbrk_r)
c:/program files (x86)/atollic/truestudio for arm pro 4.2.0/armtools/bin/../lib/gcc/arm-atollic-eabi/4.7.3/../../../../arm-atollic-eabi/lib/armv7e-m/fpv4-sp-d16\libm.a(lib_a-s_atan.o)
                              modules\src\sensfusion6.o (atan)
c:/program files (x86)/atollic/truestudio for arm pro 4.2.0/armtools/bin/../lib/gcc/arm-atollic-eabi/4.7.3/../../../../arm-atollic-eabi/lib/armv7e-m/fpv4-sp-d16\libm.a(lib_a-s_fabs.o)
                              c:/program files (x86)/atollic/truestudio for arm pro 4.2.0/armtools/bin/../lib/gcc/arm-atollic-eabi/4.7.3/../../../../arm-atollic-eabi/lib/armv7e-m/fpv4-sp-d16\libm.a(lib_a-s_atan.o) (fabs)
[...]
Memory Configuration

Name             Origin             Length             Attributes
FLASH            0x08000000         0x00100000         xr
RAM              0x20000000         0x00020000         xrw
MEMORY_B1        0x60000000         0x00000000         xr
*default*        0x00000000         0xffffffff

Linker script and memory map

LOAD c:/program files (x86)/atollic/truestudio for arm pro 4.2.0/armtools/bin/../lib/gcc/arm-atollic-eabi/4.7.3/armv7e-m/fpv4-sp-d16/crti.o
LOAD c:/program files (x86)/atollic/truestudio for arm pro 4.2.0/armtools/bin/../lib/gcc/arm-atollic-eabi/4.7.3/armv7e-m/fpv4-sp-d16/crtbegin.o
LOAD utils\src\filter.o
LOAD utils\src\debug.o
LOAD utils\src\cfassert.o
LOAD src\tiny_printf.o
LOAD src\system_stm32f4xx.o
LOAD src\stm32f4xx_it.o
LOAD src\startup_stm32f4xx.o
LOAD src\main.o
LOAD src\hw_config.o
LOAD src\debug.o
LOAD modules\src\stabilizer.o
LOAD modules\src\sensfusion6.o
LOAD hal\src\imu.o
LOAD drivers\src\nvic.o
LOAD drivers\src\nrf24l01.o
LOAD drivers\src\mpu6050.o
LOAD drivers\src\motors.o
LOAD drivers\src\i2croutines.o
LOAD drivers\src\i2cdev.o
LOAD drivers\src\exti.o
LOAD drivers\src\adc.o
LOAD Utilities\stm32f4_discovery_lis302dl.o
LOAD Utilities\stm32f4_discovery.o
LOAD Libraries\STM32F4xx_StdPeriph_Driver\src\stm32f4xx_wwdg.o
LOAD Libraries\STM32F4xx_StdPeriph_Driver\src\stm32f4xx_usart.o
LOAD Libraries\STM32F4xx_StdPeriph_Driver\src\stm32f4xx_tim.o
LOAD Libraries\STM32F4xx_StdPeriph_Driver\src\stm32f4xx_syscfg.o
LOAD Libraries\STM32F4xx_StdPeriph_Driver\src\stm32f4xx_spi.o
LOAD Libraries\STM32F4xx_StdPeriph_Driver\src\stm32f4xx_sdio.o
LOAD Libraries\STM32F4xx_StdPeriph_Driver\src\stm32f4xx_rtc.o
LOAD Libraries\STM32F4xx_StdPeriph_Driver\src\stm32f4xx_rng.o
LOAD Libraries\STM32F4xx_StdPeriph_Driver\src\stm32f4xx_rcc.o
LOAD Libraries\STM32F4xx_StdPeriph_Driver\src\stm32f4xx_pwr.o
LOAD Libraries\STM32F4xx_StdPeriph_Driver\src\stm32f4xx_iwdg.o
LOAD Libraries\STM32F4xx_StdPeriph_Driver\src\stm32f4xx_i2c.o
LOAD Libraries\STM32F4xx_StdPeriph_Driver\src\stm32f4xx_hash_sha1.o
LOAD Libraries\STM32F4xx_StdPeriph_Driver\src\stm32f4xx_hash_md5.o
LOAD Libraries\STM32F4xx_StdPeriph_Driver\src\stm32f4xx_hash.o
LOAD Libraries\STM32F4xx_StdPeriph_Driver\src\stm32f4xx_gpio.o
LOAD Libraries\STM32F4xx_StdPeriph_Driver\src\stm32f4xx_fsmc.o
LOAD Libraries\STM32F4xx_StdPeriph_Driver\src\stm32f4xx_flash.o
LOAD Libraries\STM32F4xx_StdPeriph_Driver\src\stm32f4xx_exti.o
LOAD Libraries\STM32F4xx_StdPeriph_Driver\src\stm32f4xx_dma.o
LOAD Libraries\STM32F4xx_StdPeriph_Driver\src\stm32f4xx_dcmi.o
LOAD Libraries\STM32F4xx_StdPeriph_Driver\src\stm32f4xx_dbgmcu.o
LOAD Libraries\STM32F4xx_StdPeriph_Driver\src\stm32f4xx_dac.o
LOAD Libraries\STM32F4xx_StdPeriph_Driver\src\stm32f4xx_cryp_tdes.o
LOAD Libraries\STM32F4xx_StdPeriph_Driver\src\stm32f4xx_cryp_des.o
LOAD Libraries\STM32F4xx_StdPeriph_Driver\src\stm32f4xx_cryp_aes.o
LOAD Libraries\STM32F4xx_StdPeriph_Driver\src\stm32f4xx_cryp.o
LOAD Libraries\STM32F4xx_StdPeriph_Driver\src\stm32f4xx_crc.o
LOAD Libraries\STM32F4xx_StdPeriph_Driver\src\stm32f4xx_can.o
LOAD Libraries\STM32F4xx_StdPeriph_Driver\src\stm32f4xx_adc.o
LOAD Libraries\STM32F4xx_StdPeriph_Driver\src\misc.o
LOAD FreeRTOS\timers.o
LOAD FreeRTOS\tasks.o
LOAD FreeRTOS\queue.o
LOAD FreeRTOS\portable\MemMang\heap_1.o
LOAD FreeRTOS\portable\GCC\ARM_CM4F\port.o
LOAD FreeRTOS\list.o
LOAD FreeRTOS\croutine.o
START GROUP
LOAD c:/program files (x86)/atollic/truestudio for arm pro 4.2.0/armtools/bin/../lib/gcc/arm-atollic-eabi/4.7.3/../../../../arm-atollic-eabi/lib/armv7e-m/fpv4-sp-d16\libc.a
LOAD c:/program files (x86)/atollic/truestudio for arm pro 4.2.0/armtools/bin/../lib/gcc/arm-atollic-eabi/4.7.3/../../../../arm-atollic-eabi/lib/armv7e-m/fpv4-sp-d16\libm.a
END GROUP
                0x00001000                malloc_getpagesize_P = 0x1000
START GROUP
LOAD c:/program files (x86)/atollic/truestudio for arm pro 4.2.0/armtools/bin/../lib/gcc/arm-atollic-eabi/4.7.3/armv7e-m/fpv4-sp-d16\libgcc.a
LOAD c:/program files (x86)/atollic/truestudio for arm pro 4.2.0/armtools/bin/../lib/gcc/arm-atollic-eabi/4.7.3/../../../../arm-atollic-eabi/lib/armv7e-m/fpv4-sp-d16\libc.a
END GROUP
LOAD c:/program files (x86)/atollic/truestudio for arm pro 4.2.0/armtools/bin/../lib/gcc/arm-atollic-eabi/4.7.3/armv7e-m/fpv4-sp-d16/crtend.o
LOAD c:/program files (x86)/atollic/truestudio for arm pro 4.2.0/armtools/bin/../lib/gcc/arm-atollic-eabi/4.7.3/armv7e-m/fpv4-sp-d16/crtn.o
                0x20020000                _estack = 0x20020000
                0x00000000                _Min_Heap_Size = 0x0
                0x00000400                _Min_Stack_Size = 0x400

.isr_vector     0x08000000      0x188
                0x08000000                . = ALIGN (0x4)
 *(.isr_vector)
 .isr_vector    0x08000000      0x188 src\startup_stm32f4xx.o
                0x08000000                g_pfnVectors
                0x08000188                . = ALIGN (0x4)

.text           0x08000188     0x9d90
                0x08000188                . = ALIGN (0x4)
 *(.text)
 .text          0x08000188       0x54 c:/program files (x86)/atollic/truestudio for arm pro 4.2.0/armtools/bin/../lib/gcc/arm-atollic-eabi/4.7.3/armv7e-m/fpv4-sp-d16/crtbegin.o
 .text          0x080001dc      0x370 c:/program files (x86)/atollic/truestudio for arm pro 4.2.0/armtools/bin/../lib/gcc/arm-atollic-eabi/4.7.3/armv7e-m/fpv4-sp-d16\libgcc.a(_arm_addsubdf3.o)
                0x080001dc                __aeabi_drsub
                0x080001e4                __aeabi_dsub
                0x080001e4                __subdf3
                0x080001e8                __aeabi_dadd
                0x080001e8                __adddf3
                0x08000460                __floatunsidf
                0x08000460                __aeabi_ui2d
                0x08000480                __floatsidf
                0x08000480                __aeabi_i2d
                0x080004a4                __aeabi_f2d
                0x080004a4                __extendsfdf2
                0x080004e0                __floatundidf
                0x080004e0                __aeabi_ul2d
                0x080004f0                __floatdidf
                0x080004f0                __aeabi_l2d
 .text          0x0800054c      0x424 c:/program files (x86)/atollic/truestudio for arm pro 4.2.0/armtools/bin/../lib/gcc/arm-atollic-eabi/4.7.3/armv7e-m/fpv4-sp-d16\libgcc.a(_arm_muldivdf3.o)
                0x0800054c                __aeabi_dmul
                0x0800054c                __muldf3
                0x080007a0                __divdf3
                0x080007a0                __aeabi_ddiv
 .text          0x08000970      0x110 c:/program files (x86)/atollic/truestudio for arm pro 4.2.0/armtools/bin/../lib/gcc/arm-atollic-eabi/4.7.3/armv7e-m/fpv4-sp-d16\libgcc.a(_arm_cmpdf2.o)
                0x08000970                __gtdf2
                0x08000970                __gedf2
                0x08000978                __ltdf2
                0x08000978                __ledf2
                0x08000980                __nedf2
                0x08000980                __eqdf2
                0x08000980                __cmpdf2
                0x080009fc                __aeabi_cdrcmple
                0x08000a0c                __aeabi_cdcmpeq
                0x08000a0c                __aeabi_cdcmple
                0x08000a1c                __aeabi_dcmpeq
                0x08000a30                __aeabi_dcmplt
                0x08000a44                __aeabi_dcmple
                0x08000a58                __aeabi_dcmpge
                0x08000a6c                __aeabi_dcmpgt
 .text          0x08000a80       0xa0 c:/program files (x86)/atollic/truestudio for arm pro 4.2.0/armtools/bin/../lib/gcc/arm-atollic-eabi/4.7.3/armv7e-m/fpv4-sp-d16\libgcc.a(_arm_truncdfsf2.o)
                0x08000a80                __truncdfsf2
                0x08000a80                __aeabi_d2f
 *(.text*)
 .text.iirLPFilterSingle
                0x08000b20       0x7c utils\src\filter.o
                0x08000b20                iirLPFilterSingle
 .text.assertFail
                0x08000b9c       0x10 utils\src\cfassert.o
                0x08000b9c                assertFail
 .text.SystemInit
                0x08000bac       0x94 src\system_stm32f4xx.o
                0x08000bac                SystemInit
 .text.SetSysClock
                0x08000c40      0x188 src\system_stm32f4xx.o
 .text.NMI_Handler
                0x08000dc8        0xc src\stm32f4xx_it.o
                0x08000dc8                NMI_Handler
 .text.HardFault_Handler
                0x08000dd4        0x8 src\stm32f4xx_it.o
                0x08000dd4                HardFault_Handler
 .text.MemManage_Handler
                0x08000ddc        0x8 src\stm32f4xx_it.o
                0x08000ddc                MemManage_Handler
 .text.BusFault_Handler
                0x08000de4        0x8 src\stm32f4xx_it.o
                0x08000de4                BusFault_Handler
 .text.UsageFault_Handler
                0x08000dec        0x8 src\stm32f4xx_it.o
                0x08000dec                UsageFault_Handler
 .text.DebugMon_Handler
                0x08000df4        0xc src\stm32f4xx_it.o
                0x08000df4                DebugMon_Handler
 .text.EXTI0_IRQHandler
                0x08000e00       0x5c src\stm32f4xx_it.o
                0x08000e00                EXTI0_IRQHandler
 .text.Reset_Handler
                0x08000e5c       0x60 src\startup_stm32f4xx.o
                0x08000e5c                Reset_Handler
 .text.Default_Handler
                0x08000ebc        0x4 src\startup_stm32f4xx.o
                0x08000ebc                RTC_Alarm_IRQHandler
                0x08000ebc                HASH_RNG_IRQHandler
                0x08000ebc                EXTI2_IRQHandler
                0x08000ebc                TIM8_CC_IRQHandler
                0x08000ebc                TIM1_CC_IRQHandler
                0x08000ebc                DMA2_Stream5_IRQHandler
                0x08000ebc                DMA1_Stream5_IRQHandler
                0x08000ebc                PVD_IRQHandler
                0x08000ebc                SDIO_IRQHandler
                0x08000ebc                TAMP_STAMP_IRQHandler
                0x08000ebc                CAN2_RX1_IRQHandler
                0x08000ebc                EXTI3_IRQHandler
                0x08000ebc                TIM8_TRG_COM_TIM14_IRQHandler
                0x08000ebc                TIM1_UP_TIM10_IRQHandler
                0x08000ebc                TIM8_UP_TIM13_IRQHandler
                0x08000ebc                I2C3_ER_IRQHandler
                0x08000ebc                DMA1_Stream2_IRQHandler
                0x08000ebc                CAN1_RX0_IRQHandler
                0x08000ebc                FPU_IRQHandler
                0x08000ebc                OTG_HS_WKUP_IRQHandler
                0x08000ebc                CAN2_SCE_IRQHandler
                0x08000ebc                DMA2_Stream2_IRQHandler
                0x08000ebc                SPI1_IRQHandler
                0x08000ebc                TIM6_DAC_IRQHandler
                0x08000ebc                TIM1_BRK_TIM9_IRQHandler
                0x08000ebc                DCMI_IRQHandler
                0x08000ebc                CAN2_RX0_IRQHandler
                0x08000ebc                DMA2_Stream3_IRQHandler
                0x08000ebc                USART6_IRQHandler
                0x08000ebc                CRYP_IRQHandler
                0x08000ebc                CAN1_RX1_IRQHandler
                0x08000ebc                UART5_IRQHandler
                0x08000ebc                DMA2_Stream0_IRQHandler
                0x08000ebc                TIM4_IRQHandler
                0x08000ebc                DMA1_Stream6_IRQHandler
                0x08000ebc                DMA1_Stream1_IRQHandler
                0x08000ebc                UART4_IRQHandler
                0x08000ebc                TIM3_IRQHandler
                0x08000ebc                RCC_IRQHandler
                0x08000ebc                TIM8_BRK_TIM12_IRQHandler
                0x08000ebc                Default_Handler
                0x08000ebc                EXTI15_10_IRQHandler
                0x08000ebc                ADC_IRQHandler
                0x08000ebc                DMA1_Stream7_IRQHandler
                0x08000ebc                TIM7_IRQHandler
                0x08000ebc                CAN2_TX_IRQHandler
                0x08000ebc                TIM5_IRQHandler
                0x08000ebc                DMA2_Stream7_IRQHandler
                0x08000ebc                I2C3_EV_IRQHandler
                0x08000ebc                RTC_WKUP_IRQHandler
                0x08000ebc                ETH_WKUP_IRQHandler
                0x08000ebc                SPI2_IRQHandler
                0x08000ebc                OTG_HS_EP1_IN_IRQHandler
                0x08000ebc                DMA1_Stream0_IRQHandler
                0x08000ebc                CAN1_TX_IRQHandler
                0x08000ebc                EXTI4_IRQHandler
                0x08000ebc                FSMC_IRQHandler
                0x08000ebc                ETH_IRQHandler
                0x08000ebc                OTG_HS_EP1_OUT_IRQHandler
                0x08000ebc                WWDG_IRQHandler
                0x08000ebc                TIM2_IRQHandler
                0x08000ebc                OTG_FS_WKUP_IRQHandler
                0x08000ebc                TIM1_TRG_COM_TIM11_IRQHandler
                0x08000ebc                OTG_HS_IRQHandler
                0x08000ebc                EXTI1_IRQHandler
                0x08000ebc                USART2_IRQHandler
                0x08000ebc                DMA2_Stream1_IRQHandler
                0x08000ebc                CAN1_SCE_IRQHandler
                0x08000ebc                FLASH_IRQHandler
                0x08000ebc                DMA2_Stream4_IRQHandler
                0x08000ebc                USART1_IRQHandler
                0x08000ebc                OTG_FS_IRQHandler
                0x08000ebc                SPI3_IRQHandler
                0x08000ebc                DMA1_Stream4_IRQHandler
                0x08000ebc                DMA2_Stream6_IRQHandler
                0x08000ebc                DMA1_Stream3_IRQHandler
 .text.interruptCallback
                0x08000ec0       0x3c src\main.o
 .text.main     0x08000efc      0x1b8 src\main.o
                0x08000efc                main
 .text.vGetData
                0x080010b4      0x374 src\main.o
                0x080010b4                vGetData
 .text.vElkaRXAck
                0x08001428      0x164 src\main.o
                0x08001428                vElkaRXAck
 .text.vSpektrumchannel_DSMX
                0x0800158c      0x138 src\main.o
                0x0800158c                vSpektrumchannel_DSMX
 .text.vApplicationMallocFailedHook
                0x080016c4        0x8 src\main.o
                0x080016c4                vApplicationMallocFailedHook
 .text.nrfInitRxAck
                0x080016cc       0xbc src\main.o
                0x080016cc                nrfInitRxAck
 .text.USART3_IRQHandler
                0x08001788       0x8c src\main.o
                0x08001788                USART3_IRQHandler
 .text.SpektrumParser_DSMX
                0x08001814       0x84 src\main.o
                0x08001814                SpektrumParser_DSMX
 .text.NVIC_Configuration
                0x08001898       0x30 src\main.o
                0x08001898                NVIC_Configuration
 .text.prvSetupHardware
                0x080018c8       0x24 src\hw_config.o
                0x080018c8                prvSetupHardware
 .text.prvLED_Config
                0x080018ec       0xc4 src\hw_config.o
                0x080018ec                prvLED_Config
 .text.USART3Init
                0x080019b0       0xec src\hw_config.o
                0x080019b0                USART3Init
 .text.vDebugInitQueue
                0x08001a9c       0x24 src\debug.o
                0x08001a9c                vDebugInitQueue
 .text.stabilizerInit
                0x08001ac0       0x74 modules\src\stabilizer.o
                0x08001ac0                stabilizerInit
 *fill*         0x08001b34        0x4 00
 .text.stabilizerTask
                0x08001b38      0x7b0 modules\src\stabilizer.o
 .text.distributePower
                0x080022e8      0x110 modules\src\stabilizer.o
 .text.limitThrust
                0x080023f8       0x38 modules\src\stabilizer.o
 .text.imuinit  0x08002430       0x8c modules\src\stabilizer.o
 .text.sensfusion6Init
                0x080024bc       0x2c modules\src\sensfusion6.o
                0x080024bc                sensfusion6Init
 .text.sensfusion6UpdateQ
                0x080024e8      0x6e0 modules\src\sensfusion6.o
                0x080024e8                sensfusion6UpdateQ
 .text.sensfusion6GetEulerRPY
                0x08002bc8      0x330 modules\src\sensfusion6.o
                0x08002bc8                sensfusion6GetEulerRPY
 .text.invSqrt  0x08002ef8       0x74 modules\src\sensfusion6.o
 .text.imu6Init
                0x08002f6c       0xd4 hal\src\imu.o
                0x08002f6c                imu6Init
 .text.imu6Read
                0x08003040      0x1ec hal\src\imu.o
                0x08003040                imu6Read
 .text.imuBiasInit
                0x0800322c       0x24 hal\src\imu.o
 .text.imuCalculateVarianceAndMean
                0x08003250      0x34c hal\src\imu.o
 .text.imuAddBiasValue
                0x0800359c       0x60 hal\src\imu.o
 .text.imuFindBiasValue
                0x080035fc       0xac hal\src\imu.o
 .text.imuAccIIRLPFilter
                0x080036a8       0x6c hal\src\imu.o
 .text.EXTI9_5_IRQHandler
                0x08003714        0xc drivers\src\nvic.o
                0x08003714                EXTI9_5_IRQHandler
 .text.I2C1_EV_IRQHandler
                0x08003720        0xc drivers\src\nvic.o
                0x08003720                I2C1_EV_IRQHandler
 .text.I2C1_ER_IRQHandler
                0x0800372c        0xc drivers\src\nvic.o
                0x0800372c                I2C1_ER_IRQHandler
 .text.I2C2_EV_IRQHandler
                0x08003738        0xc drivers\src\nvic.o
                0x08003738                I2C2_EV_IRQHandler
 .text.I2C2_ER_IRQHandler
                0x08003744       0x1c drivers\src\nvic.o
                0x08003744                I2C2_ER_IRQHandler
 .text.spiSendByte
                0x08003760       0x68 drivers\src\nrf24l01.o
 .text.spiReceiveByte
                0x080037c8       0x14 drivers\src\nrf24l01.o
 .text.nrfReadReg
                0x080037dc       0x74 drivers\src\nrf24l01.o
                0x080037dc                nrfReadReg
 .text.nrfWriteReg
                0x08003850       0x7c drivers\src\nrf24l01.o
                0x08003850                nrfWriteReg
 .text.nrfWrite1Reg
                0x080038cc       0x2c drivers\src\nrf24l01.o
                0x080038cc                nrfWrite1Reg
 .text.nrfRead1Reg
                0x080038f8       0x28 drivers\src\nrf24l01.o
                0x080038f8                nrfRead1Reg
 .text.nrfFlushRx
                0x08003920       0x40 drivers\src\nrf24l01.o
                0x08003920                nrfFlushRx
 .text.nrfFlushTx
                0x08003960       0x40 drivers\src\nrf24l01.o
                0x08003960                nrfFlushTx
 .text.nrfRxLength
                0x080039a0       0x44 drivers\src\nrf24l01.o
                0x080039a0                nrfRxLength
 .text.nrfWriteAck
                0x080039e4       0x98 drivers\src\nrf24l01.o
                0x080039e4                nrfWriteAck
 .text.nrfReadRX
                0x08003a7c       0x68 drivers\src\nrf24l01.o
                0x08003a7c                nrfReadRX
 .text.nrfIsr   0x08003ae4       0x24 drivers\src\nrf24l01.o
                0x08003ae4                nrfIsr
 .text.nrfSetInterruptCallback
                0x08003b08       0x20 drivers\src\nrf24l01.o
                0x08003b08                nrfSetInterruptCallback
 .text.nrfSetAddress
                0x08003b28       0x58 drivers\src\nrf24l01.o
                0x08003b28                nrfSetAddress
 .text.nrfSetEnable
                0x08003b80       0x3c drivers\src\nrf24l01.o
                0x08003b80                nrfSetEnable
 .text.nrfInit  0x08003bbc      0x1ec drivers\src\nrf24l01.o
                0x08003bbc                nrfInit
 .text.mpu6050Init
                0x08003da8       0x4c drivers\src\mpu6050.o
                0x08003da8                mpu6050Init
 .text.mpu6050TestConnection
                0x08003df4       0x18 drivers\src\mpu6050.o
                0x08003df4                mpu6050TestConnection
 .text.mpu6050SetRate
                0x08003e0c       0x34 drivers\src\mpu6050.o
                0x08003e0c                mpu6050SetRate
 .text.mpu6050SetDLPFMode
                0x08003e40       0x40 drivers\src\mpu6050.o
                0x08003e40                mpu6050SetDLPFMode
 .text.mpu6050SetFullScaleGyroRange
                0x08003e80       0x40 drivers\src\mpu6050.o
                0x08003e80                mpu6050SetFullScaleGyroRange
 .text.mpu6050SetFullScaleAccelRange
                0x08003ec0       0x40 drivers\src\mpu6050.o
                0x08003ec0                mpu6050SetFullScaleAccelRange
 .text.mpu6050SetI2CBypassEnabled
                0x08003f00       0x3c drivers\src\mpu6050.o
                0x08003f00                mpu6050SetI2CBypassEnabled
 .text.mpu6050SetIntEnabled
                0x08003f3c       0x34 drivers\src\mpu6050.o
                0x08003f3c                mpu6050SetIntEnabled
 .text.mpu6050GetMotion6
                0x08003f70      0x110 drivers\src\mpu6050.o
                0x08003f70                mpu6050GetMotion6
 .text.mpu6050Reset
                0x08004080       0x34 drivers\src\mpu6050.o
                0x08004080                mpu6050Reset
 .text.mpu6050SetSleepEnabled
                0x080040b4       0x3c drivers\src\mpu6050.o
                0x080040b4                mpu6050SetSleepEnabled
 .text.mpu6050SetTempSensorEnabled
                0x080040f0       0x40 drivers\src\mpu6050.o
                0x080040f0                mpu6050SetTempSensorEnabled
 .text.mpu6050SetClockSource
                0x08004130       0x40 drivers\src\mpu6050.o
                0x08004130                mpu6050SetClockSource
 .text.mpu6050GetDeviceID
                0x08004170       0x4c drivers\src\mpu6050.o
                0x08004170                mpu6050GetDeviceID
 .text.motorsInit
                0x080041bc      0x2e0 drivers\src\motors.o
                0x080041bc                motorsInit
 .text.motorsSetRatio
                0x0800449c       0x78 drivers\src\motors.o
                0x0800449c                motorsSetRatio
 .text.I2C_Master_BufferRead
                0x08004514      0x26c drivers\src\i2croutines.o
                0x08004514                I2C_Master_BufferRead
 .text.I2C_Master_BufferWrite
                0x08004780      0x26c drivers\src\i2croutines.o
                0x08004780                I2C_Master_BufferWrite
 .text.I2C_LowLevel_Init
                0x080049ec      0x108 drivers\src\i2croutines.o
                0x080049ec                I2C_LowLevel_Init
 .text.I2C_DMAConfig
                0x08004af4      0x114 drivers\src\i2croutines.o
                0x08004af4                I2C_DMAConfig
 .text.i2cInterruptHandlerI2c1
                0x08004c08      0x308 drivers\src\i2croutines.o
                0x08004c08                i2cInterruptHandlerI2c1
 .text.i2cErrorInterruptHandlerI2c1
                0x08004f10       0xd4 drivers\src\i2croutines.o
                0x08004f10                i2cErrorInterruptHandlerI2c1
 .text.i2cdevInit
                0x08004fe4      0x114 drivers\src\i2cdev.o
                0x08004fe4                i2cdevInit
 .text.i2cdevReadByte
                0x080050f8       0x34 drivers\src\i2cdev.o
                0x080050f8                i2cdevReadByte
 .text.i2cdevReadBits
                0x0800512c       0x78 drivers\src\i2cdev.o
                0x0800512c                i2cdevReadBits
 .text.i2cdevRead
                0x080051a4       0x88 drivers\src\i2cdev.o
                0x080051a4                i2cdevRead
 .text.i2cdevWriteByte
                0x0800522c       0x34 drivers\src\i2cdev.o
                0x0800522c                i2cdevWriteByte
 .text.i2cdevWriteBit
                0x08005260       0x70 drivers\src\i2cdev.o
                0x08005260                i2cdevWriteBit
 .text.i2cdevWriteBits
                0x080052d0       0x98 drivers\src\i2cdev.o
                0x080052d0                i2cdevWriteBits
 .text.i2cdevWrite
                0x08005368       0xd8 drivers\src\i2cdev.o
                0x08005368                i2cdevWrite
 .text.i2cdevResetBusI2c1
                0x08005440       0x54 drivers\src\i2cdev.o
 .text.extiInit
                0x08005494       0x4c drivers\src\exti.o
                0x08005494                extiInit
 .text.extiInterruptHandler
                0x080054e0       0x20 drivers\src\exti.o
                0x080054e0                extiInterruptHandler
 .text.adc_init_multi
                0x08005500      0x248 drivers\src\adc.o
                0x08005500                adc_init_multi
 .text.adcTask  0x08005748       0x80 drivers\src\adc.o
                0x08005748                adcTask
 .text.STM_EVAL_LEDToggle
                0x080057c8       0x44 Utilities\stm32f4_discovery.o
                0x080057c8                STM_EVAL_LEDToggle
 .text.USART_Init
                0x0800580c      0x1ac Libraries\STM32F4xx_StdPeriph_Driver\src\stm32f4xx_usart.o
                0x0800580c                USART_Init
 .text.USART_Cmd
                0x080059b8       0x40 Libraries\STM32F4xx_StdPeriph_Driver\src\stm32f4xx_usart.o
                0x080059b8                USART_Cmd
 .text.USART_SendData
                0x080059f8       0x28 Libraries\STM32F4xx_StdPeriph_Driver\src\stm32f4xx_usart.o
                0x080059f8                USART_SendData
 .text.USART_ReceiveData
                0x08005a20       0x24 Libraries\STM32F4xx_StdPeriph_Driver\src\stm32f4xx_usart.o
                0x08005a20                USART_ReceiveData
 .text.USART_ITConfig
                0x08005a44       0xa4 Libraries\STM32F4xx_StdPeriph_Driver\src\stm32f4xx_usart.o
                0x08005a44                USART_ITConfig
 .text.USART_GetITStatus
                0x08005ae8       0xc4 Libraries\STM32F4xx_StdPeriph_Driver\src\stm32f4xx_usart.o
                0x08005ae8                USART_GetITStatus
 .text.TIM_TimeBaseInit
                0x08005bac       0xf4 Libraries\STM32F4xx_StdPeriph_Driver\src\stm32f4xx_tim.o
                0x08005bac                TIM_TimeBaseInit
 .text.TIM_ARRPreloadConfig
                0x08005ca0       0x40 Libraries\STM32F4xx_StdPeriph_Driver\src\stm32f4xx_tim.o
                0x08005ca0                TIM_ARRPreloadConfig
 .text.TIM_Cmd  0x08005ce0       0x40 Libraries\STM32F4xx_StdPeriph_Driver\src\stm32f4xx_tim.o
                0x08005ce0                TIM_Cmd
 .text.TIM_OC1Init
                0x08005d20       0xfc Libraries\STM32F4xx_StdPeriph_Driver\src\stm32f4xx_tim.o
                0x08005d20                TIM_OC1Init
 .text.TIM_OC2Init
                0x08005e1c      0x128 Libraries\STM32F4xx_StdPeriph_Driver\src\stm32f4xx_tim.o
                0x08005e1c                TIM_OC2Init
 .text.TIM_OC3Init
                0x08005f44      0x120 Libraries\STM32F4xx_StdPeriph_Driver\src\stm32f4xx_tim.o
                0x08005f44                TIM_OC3Init
 .text.TIM_SetCompare1
                0x08006064       0x1c Libraries\STM32F4xx_StdPeriph_Driver\src\stm32f4xx_tim.o
                0x08006064                TIM_SetCompare1
 .text.TIM_SetCompare2
                0x08006080       0x1c Libraries\STM32F4xx_StdPeriph_Driver\src\stm32f4xx_tim.o
                0x08006080                TIM_SetCompare2
 .text.TIM_SetCompare3
                0x0800609c       0x1c Libraries\STM32F4xx_StdPeriph_Driver\src\stm32f4xx_tim.o
                0x0800609c                TIM_SetCompare3
 .text.TIM_OC1PreloadConfig
                0x080060b8       0x38 Libraries\STM32F4xx_StdPeriph_Driver\src\stm32f4xx_tim.o
                0x080060b8                TIM_OC1PreloadConfig
 .text.TIM_OC2PreloadConfig
                0x080060f0       0x40 Libraries\STM32F4xx_StdPeriph_Driver\src\stm32f4xx_tim.o
                0x080060f0                TIM_OC2PreloadConfig
 .text.TIM_OC3PreloadConfig
                0x08006130       0x38 Libraries\STM32F4xx_StdPeriph_Driver\src\stm32f4xx_tim.o
                0x08006130                TIM_OC3PreloadConfig
 .text.TIM_CtrlPWMOutputs
                0x08006168       0x50 Libraries\STM32F4xx_StdPeriph_Driver\src\stm32f4xx_tim.o
                0x08006168                TIM_CtrlPWMOutputs
 .text.SYSCFG_EXTILineConfig
                0x080061b8       0xb0 Libraries\STM32F4xx_StdPeriph_Driver\src\stm32f4xx_syscfg.o
                0x080061b8                SYSCFG_EXTILineConfig
 .text.SPI_Init
                0x08006268       0x88 Libraries\STM32F4xx_StdPeriph_Driver\src\stm32f4xx_spi.o
                0x08006268                SPI_Init
 .text.SPI_Cmd  0x080062f0       0x40 Libraries\STM32F4xx_StdPeriph_Driver\src\stm32f4xx_spi.o
                0x080062f0                SPI_Cmd
 .text.SPI_I2S_ReceiveData
                0x08006330       0x1c Libraries\STM32F4xx_StdPeriph_Driver\src\stm32f4xx_spi.o
                0x08006330                SPI_I2S_ReceiveData
 .text.SPI_I2S_SendData
                0x0800634c       0x1c Libraries\STM32F4xx_StdPeriph_Driver\src\stm32f4xx_spi.o
                0x0800634c                SPI_I2S_SendData
 .text.SPI_I2S_GetFlagStatus
                0x08006368       0x40 Libraries\STM32F4xx_StdPeriph_Driver\src\stm32f4xx_spi.o
                0x08006368                SPI_I2S_GetFlagStatus
 .text.RCC_GetClocksFreq
                0x080063a8      0x1cc Libraries\STM32F4xx_StdPeriph_Driver\src\stm32f4xx_rcc.o
                0x080063a8                RCC_GetClocksFreq
 .text.RCC_AHB1PeriphClockCmd
                0x08006574       0x54 Libraries\STM32F4xx_StdPeriph_Driver\src\stm32f4xx_rcc.o
                0x08006574                RCC_AHB1PeriphClockCmd
 .text.RCC_APB1PeriphClockCmd
                0x080065c8       0x54 Libraries\STM32F4xx_StdPeriph_Driver\src\stm32f4xx_rcc.o
                0x080065c8                RCC_APB1PeriphClockCmd
 .text.RCC_APB2PeriphClockCmd
                0x0800661c       0x54 Libraries\STM32F4xx_StdPeriph_Driver\src\stm32f4xx_rcc.o
                0x0800661c                RCC_APB2PeriphClockCmd
 .text.RCC_APB1PeriphResetCmd
                0x08006670       0x54 Libraries\STM32F4xx_StdPeriph_Driver\src\stm32f4xx_rcc.o
                0x08006670                RCC_APB1PeriphResetCmd
 .text.I2C_DeInit
                0x080066c4       0x88 Libraries\STM32F4xx_StdPeriph_Driver\src\stm32f4xx_i2c.o
                0x080066c4                I2C_DeInit
 .text.I2C_Init
                0x0800674c      0x1ac Libraries\STM32F4xx_StdPeriph_Driver\src\stm32f4xx_i2c.o
                0x0800674c                I2C_Init
 .text.I2C_SoftwareResetCmd
                0x080068f8       0x48 Libraries\STM32F4xx_StdPeriph_Driver\src\stm32f4xx_i2c.o
                0x080068f8                I2C_SoftwareResetCmd
 .text.I2C_ClearFlag
                0x08006940       0x30 Libraries\STM32F4xx_StdPeriph_Driver\src\stm32f4xx_i2c.o
                0x08006940                I2C_ClearFlag
 .text.GPIO_Init
                0x08006970      0x144 Libraries\STM32F4xx_StdPeriph_Driver\src\stm32f4xx_gpio.o
                0x08006970                GPIO_Init
 .text.GPIO_SetBits
                0x08006ab4       0x1c Libraries\STM32F4xx_StdPeriph_Driver\src\stm32f4xx_gpio.o
                0x08006ab4                GPIO_SetBits
 .text.GPIO_ResetBits
                0x08006ad0       0x1c Libraries\STM32F4xx_StdPeriph_Driver\src\stm32f4xx_gpio.o
                0x08006ad0                GPIO_ResetBits
 .text.GPIO_PinAFConfig
                0x08006aec       0xa8 Libraries\STM32F4xx_StdPeriph_Driver\src\stm32f4xx_gpio.o
                0x08006aec                GPIO_PinAFConfig
 .text.EXTI_Init
                0x08006b94      0x138 Libraries\STM32F4xx_StdPeriph_Driver\src\stm32f4xx_exti.o
                0x08006b94                EXTI_Init
 .text.EXTI_GetITStatus
                0x08006ccc       0x58 Libraries\STM32F4xx_StdPeriph_Driver\src\stm32f4xx_exti.o
                0x08006ccc                EXTI_GetITStatus
 .text.EXTI_ClearITPendingBit
                0x08006d24       0x20 Libraries\STM32F4xx_StdPeriph_Driver\src\stm32f4xx_exti.o
                0x08006d24                EXTI_ClearITPendingBit
 .text.DMA_DeInit
                0x08006d44      0x244 Libraries\STM32F4xx_StdPeriph_Driver\src\stm32f4xx_dma.o
                0x08006d44                DMA_DeInit
 .text.DMA_Init
                0x08006f88       0xb0 Libraries\STM32F4xx_StdPeriph_Driver\src\stm32f4xx_dma.o
                0x08006f88                DMA_Init
 .text.DMA_Cmd  0x08007038       0x38 Libraries\STM32F4xx_StdPeriph_Driver\src\stm32f4xx_dma.o
                0x08007038                DMA_Cmd
 .text.DMA_ClearFlag
                0x08007070       0x60 Libraries\STM32F4xx_StdPeriph_Driver\src\stm32f4xx_dma.o
                0x08007070                DMA_ClearFlag
 .text.DMA_ITConfig
                0x080070d0       0x74 Libraries\STM32F4xx_StdPeriph_Driver\src\stm32f4xx_dma.o
                0x080070d0                DMA_ITConfig
 .text.ADC_Init
                0x08007144       0xb8 Libraries\STM32F4xx_StdPeriph_Driver\src\stm32f4xx_adc.o
                0x08007144                ADC_Init
 .text.ADC_CommonInit
                0x080071fc       0x5c Libraries\STM32F4xx_StdPeriph_Driver\src\stm32f4xx_adc.o
                0x080071fc                ADC_CommonInit
 .text.ADC_Cmd  0x08007258       0x38 Libraries\STM32F4xx_StdPeriph_Driver\src\stm32f4xx_adc.o
                0x08007258                ADC_Cmd
 .text.ADC_RegularChannelConfig
                0x08007290      0x1bc Libraries\STM32F4xx_StdPeriph_Driver\src\stm32f4xx_adc.o
                0x08007290                ADC_RegularChannelConfig
 .text.ADC_SoftwareStartConv
                0x0800744c       0x20 Libraries\STM32F4xx_StdPeriph_Driver\src\stm32f4xx_adc.o
                0x0800744c                ADC_SoftwareStartConv
 .text.ADC_DMACmd
                0x0800746c       0x38 Libraries\STM32F4xx_StdPeriph_Driver\src\stm32f4xx_adc.o
                0x0800746c                ADC_DMACmd
 .text.ADC_DMARequestAfterLastTransferCmd
                0x080074a4       0x38 Libraries\STM32F4xx_StdPeriph_Driver\src\stm32f4xx_adc.o
                0x080074a4                ADC_DMARequestAfterLastTransferCmd
 .text.NVIC_PriorityGroupConfig
                0x080074dc       0x28 Libraries\STM32F4xx_StdPeriph_Driver\src\misc.o
                0x080074dc                NVIC_PriorityGroupConfig
 .text.NVIC_Init
                0x08007504       0xe4 Libraries\STM32F4xx_StdPeriph_Driver\src\misc.o
                0x08007504                NVIC_Init
 .text.NVIC_SetVectorTable
                0x080075e8       0x2c Libraries\STM32F4xx_StdPeriph_Driver\src\misc.o
                0x080075e8                NVIC_SetVectorTable
 .text.xTimerCreateTimerTask
                0x08007614       0x70 FreeRTOS\timers.o
                0x08007614                xTimerCreateTimerTask
 .text.xTimerGenericCommand
                0x08007684       0xac FreeRTOS\timers.o
                0x08007684                xTimerGenericCommand
 .text.prvProcessExpiredTimer
                0x08007730       0x80 FreeRTOS\timers.o
 .text.prvTimerTask
                0x080077b0       0x24 FreeRTOS\timers.o
 .text.prvProcessTimerOrBlockTask
                0x080077d4       0x74 FreeRTOS\timers.o
 .text.prvGetNextExpireTime
                0x08007848       0x54 FreeRTOS\timers.o
 .text.prvSampleTimeNow
                0x0800789c       0x58 FreeRTOS\timers.o
 .text.prvInsertTimerInActiveList
                0x080078f4       0x94 FreeRTOS\timers.o
 .text.prvProcessReceivedCommands
                0x08007988      0x114 FreeRTOS\timers.o
 .text.prvSwitchTimerLists
                0x08007a9c       0xec FreeRTOS\timers.o
 .text.prvCheckForValidListAndQueue
                0x08007b88       0x74 FreeRTOS\timers.o
 .text.xTaskGenericCreate
                0x08007bfc      0x1ec FreeRTOS\tasks.o
                0x08007bfc                xTaskGenericCreate
 .text.vTaskDelayUntil
                0x08007de8       0xd0 FreeRTOS\tasks.o
                0x08007de8                vTaskDelayUntil
 .text.vTaskStartScheduler
                0x08007eb8       0x90 FreeRTOS\tasks.o
                0x08007eb8                vTaskStartScheduler
 .text.vTaskSuspendAll
                0x08007f48       0x24 FreeRTOS\tasks.o
                0x08007f48                vTaskSuspendAll
 .text.xTaskResumeAll
                0x08007f6c      0x168 FreeRTOS\tasks.o
                0x08007f6c                xTaskResumeAll
 .text.xTaskGetTickCount
                0x080080d4       0x28 FreeRTOS\tasks.o
                0x080080d4                xTaskGetTickCount
 .text.vTaskIncrementTick
                0x080080fc      0x1d0 FreeRTOS\tasks.o
                0x080080fc                vTaskIncrementTick
 .text.vTaskSwitchContext
                0x080082cc       0xdc FreeRTOS\tasks.o
                0x080082cc                vTaskSwitchContext
 .text.vTaskPlaceOnEventList
                0x080083a8       0x64 FreeRTOS\tasks.o
                0x080083a8                vTaskPlaceOnEventList
 .text.vTaskPlaceOnEventListRestricted
                0x0800840c       0x64 FreeRTOS\tasks.o
                0x0800840c                vTaskPlaceOnEventListRestricted
 .text.xTaskRemoveFromEventList
                0x08008470       0xd4 FreeRTOS\tasks.o
                0x08008470                xTaskRemoveFromEventList
 .text.vTaskSetTimeOutState
                0x08008544       0x40 FreeRTOS\tasks.o
                0x08008544                vTaskSetTimeOutState
 .text.xTaskCheckForTimeOut
                0x08008584       0xb0 FreeRTOS\tasks.o
                0x08008584                xTaskCheckForTimeOut
 .text.vTaskMissedYield
                0x08008634       0x18 FreeRTOS\tasks.o
                0x08008634                vTaskMissedYield
 .text.prvIdleTask
                0x0800864c       0x24 FreeRTOS\tasks.o
 .text.prvInitialiseTCBVariables
                0x08008670       0x78 FreeRTOS\tasks.o
 .text.prvInitialiseTaskLists
                0x080086e8       0x8c FreeRTOS\tasks.o
 .text.prvCheckTasksWaitingTermination
                0x08008774        0xc FreeRTOS\tasks.o
 .text.prvAddCurrentTaskToDelayedList
                0x08008780       0x8c FreeRTOS\tasks.o
 .text.prvAllocateTCBAndStack
                0x0800880c       0x70 FreeRTOS\tasks.o
 .text.xTaskGetCurrentTaskHandle
                0x0800887c       0x20 FreeRTOS\tasks.o
                0x0800887c                xTaskGetCurrentTaskHandle
 .text.xTaskGetSchedulerState
                0x0800889c       0x48 FreeRTOS\tasks.o
                0x0800889c                xTaskGetSchedulerState
 .text.vTaskPriorityInherit
                0x080088e4       0xe4 FreeRTOS\tasks.o
                0x080088e4                vTaskPriorityInherit
 .text.vTaskPriorityDisinherit
                0x080089c8       0x90 FreeRTOS\tasks.o
                0x080089c8                vTaskPriorityDisinherit
 .text.xQueueGenericCreate
                0x08008a58       0xe8 FreeRTOS\queue.o
                0x08008a58                xQueueGenericCreate
 .text.xQueueGenericSend
                0x08008b40      0x154 FreeRTOS\queue.o
                0x08008b40                xQueueGenericSend
 .text.xQueueGenericSendFromISR
                0x08008c94       0xd4 FreeRTOS\queue.o
                0x08008c94                xQueueGenericSendFromISR
 .text.xQueueGenericReceive
                0x08008d68      0x1bc FreeRTOS\queue.o
                0x08008d68                xQueueGenericReceive
 .text.prvCopyDataToQueue
                0x08008f24       0xc4 FreeRTOS\queue.o
 .text.prvCopyDataFromQueue
                0x08008fe8       0x50 FreeRTOS\queue.o
 .text.prvUnlockQueue
                0x08009038       0xa0 FreeRTOS\queue.o
 .text.prvIsQueueEmpty
                0x080090d8       0x2c FreeRTOS\queue.o
 .text.prvIsQueueFull
                0x08009104       0x30 FreeRTOS\queue.o
 .text.vQueueWaitForMessageRestricted
                0x08009134       0x5c FreeRTOS\queue.o
                0x08009134                vQueueWaitForMessageRestricted
 .text.pvPortMalloc
                0x08009190       0xa4 FreeRTOS\portable\MemMang\heap_1.o
                0x08009190                pvPortMalloc
 .text.vPortFree
                0x08009234       0x14 FreeRTOS\portable\MemMang\heap_1.o
                0x08009234                vPortFree
 .text.pxPortInitialiseStack
                0x08009248       0x68 FreeRTOS\portable\GCC\ARM_CM4F\port.o
                0x08009248                pxPortInitialiseStack
 .text.SVC_Handler
                0x080092b0       0x20 FreeRTOS\portable\GCC\ARM_CM4F\port.o
                0x080092b0                SVC_Handler
 .text.vPortStartFirstTask
                0x080092d0       0x14 FreeRTOS\portable\GCC\ARM_CM4F\port.o
                0x080092d0                vPortStartFirstTask
 .text.xPortStartScheduler
                0x080092e4       0x54 FreeRTOS\portable\GCC\ARM_CM4F\port.o
                0x080092e4                xPortStartScheduler
 .text.vPortYieldFromISR
                0x08009338       0x18 FreeRTOS\portable\GCC\ARM_CM4F\port.o
                0x08009338                vPortYieldFromISR
 .text.vPortEnterCritical
                0x08009350       0x2c FreeRTOS\portable\GCC\ARM_CM4F\port.o
                0x08009350                vPortEnterCritical
 .text.vPortExitCritical
                0x0800937c       0x38 FreeRTOS\portable\GCC\ARM_CM4F\port.o
                0x0800937c                vPortExitCritical
 .text.PendSV_Handler
                0x080093b4       0x58 FreeRTOS\portable\GCC\ARM_CM4F\port.o
                0x080093b4                PendSV_Handler
 .text.SysTick_Handler
                0x0800940c       0x38 FreeRTOS\portable\GCC\ARM_CM4F\port.o
                0x0800940c                SysTick_Handler
 .text.prvSetupTimerInterrupt
                0x08009444       0x40 FreeRTOS\portable\GCC\ARM_CM4F\port.o
 .text.vListInitialise
                0x08009484       0x40 FreeRTOS\list.o
                0x08009484                vListInitialise
 .text.vListInitialiseItem
                0x080094c4       0x1c FreeRTOS\list.o
                0x080094c4                vListInitialiseItem
 .text.vListInsertEnd
                0x080094e0       0x50 FreeRTOS\list.o
                0x080094e0                vListInsertEnd
 .text.vListInsert
                0x08009530       0x74 FreeRTOS\list.o
                0x08009530                vListInsert
 .text.vListRemove
                0x080095a4       0x54 FreeRTOS\list.o
                0x080095a4                vListRemove
 .text.__libc_init_array
                0x080095f8       0x4c c:/program files (x86)/atollic/truestudio for arm pro 4.2.0/armtools/bin/../lib/gcc/arm-atollic-eabi/4.7.3/../../../../arm-atollic-eabi/lib/armv7e-m/fpv4-sp-d16\libc.a(lib_a-init.o)
                0x080095f8                __libc_init_array
 .text.memcpy   0x08009644       0x12 c:/program files (x86)/atollic/truestudio for arm pro 4.2.0/armtools/bin/../lib/gcc/arm-atollic-eabi/4.7.3/../../../../arm-atollic-eabi/lib/armv7e-m/fpv4-sp-d16\libc.a(lib_a-memcpy.o)
                0x08009644                memcpy
 .text.memset   0x08009656       0x10 c:/program files (x86)/atollic/truestudio for arm pro 4.2.0/armtools/bin/../lib/gcc/arm-atollic-eabi/4.7.3/../../../../arm-atollic-eabi/lib/armv7e-m/fpv4-sp-d16\libc.a(lib_a-memset.o)
                0x08009656                memset
 .text.strncpy  0x08009666       0x2a c:/program files (x86)/atollic/truestudio for arm pro 4.2.0/armtools/bin/../lib/gcc/arm-atollic-eabi/4.7.3/../../../../arm-atollic-eabi/lib/armv7e-m/fpv4-sp-d16\libc.a(lib_a-strncpy.o)
                0x08009666                strncpy
 .text.atan     0x08009690      0x360 c:/program files (x86)/atollic/truestudio for arm pro 4.2.0/armtools/bin/../lib/gcc/arm-atollic-eabi/4.7.3/../../../../arm-atollic-eabi/lib/armv7e-m/fpv4-sp-d16\libm.a(lib_a-s_atan.o)
                0x08009690                atan
 .text.fabs     0x080099f0        0x6 c:/program files (x86)/atollic/truestudio for arm pro 4.2.0/armtools/bin/../lib/gcc/arm-atollic-eabi/4.7.3/../../../../arm-atollic-eabi/lib/armv7e-m/fpv4-sp-d16\libm.a(lib_a-s_fabs.o)
                0x080099f0                fabs
 .text.atan2    0x080099f6        0x4 c:/program files (x86)/atollic/truestudio for arm pro 4.2.0/armtools/bin/../lib/gcc/arm-atollic-eabi/4.7.3/../../../../arm-atollic-eabi/lib/armv7e-m/fpv4-sp-d16\libm.a(lib_a-w_atan2.o)
                0x080099f6                atan2
 *fill*         0x080099fa        0x2 00
 .text.sqrt     0x080099fc       0xa4 c:/program files (x86)/atollic/truestudio for arm pro 4.2.0/armtools/bin/../lib/gcc/arm-atollic-eabi/4.7.3/../../../../arm-atollic-eabi/lib/armv7e-m/fpv4-sp-d16\libm.a(lib_a-w_sqrt.o)
                0x080099fc                sqrt
 .text.__ieee754_atan2
                0x08009aa0      0x1e0 c:/program files (x86)/atollic/truestudio for arm pro 4.2.0/armtools/bin/../lib/gcc/arm-atollic-eabi/4.7.3/../../../../arm-atollic-eabi/lib/armv7e-m/fpv4-sp-d16\libm.a(lib_a-e_atan2.o)
                0x08009aa0                __ieee754_atan2
 .text.__ieee754_sqrt
                0x08009c80      0x15c c:/program files (x86)/atollic/truestudio for arm pro 4.2.0/armtools/bin/../lib/gcc/arm-atollic-eabi/4.7.3/../../../../arm-atollic-eabi/lib/armv7e-m/fpv4-sp-d16\libm.a(lib_a-e_sqrt.o)
                0x08009c80                __ieee754_sqrt
 .text.__fpclassifyd
                0x08009ddc       0x64 c:/program files (x86)/atollic/truestudio for arm pro 4.2.0/armtools/bin/../lib/gcc/arm-atollic-eabi/4.7.3/../../../../arm-atollic-eabi/lib/armv7e-m/fpv4-sp-d16\libm.a(lib_a-s_fpclassify.o)
                0x08009ddc                __fpclassifyd
 .text.matherr  0x08009e40        0x4 c:/program files (x86)/atollic/truestudio for arm pro 4.2.0/armtools/bin/../lib/gcc/arm-atollic-eabi/4.7.3/../../../../arm-atollic-eabi/lib/armv7e-m/fpv4-sp-d16\libm.a(lib_a-s_matherr.o)
                0x08009e40                matherr
 *(.rodata)
 .rodata        0x08009e44        0x8 src\main.o
 .rodata        0x08009e4c        0xc modules\src\stabilizer.o
 .rodata        0x08009e58       0x24 drivers\src\nrf24l01.o
 .rodata        0x08009e7c        0x4 drivers\src\adc.o
 .rodata        0x08009e80        0x8 FreeRTOS\timers.o
 .rodata        0x08009e88       0x20 FreeRTOS\tasks.o
 *(.rodata*)
 .rodata.GPIO_PIN
                0x08009ea8        0x8 Utilities\stm32f4_discovery.o
                0x08009ea8                GPIO_PIN
 .rodata.atanlo
                0x08009eb0       0x20 c:/program files (x86)/atollic/truestudio for arm pro 4.2.0/armtools/bin/../lib/gcc/arm-atollic-eabi/4.7.3/../../../../arm-atollic-eabi/lib/armv7e-m/fpv4-sp-d16\libm.a(lib_a-s_atan.o)
 .rodata.atanhi
                0x08009ed0       0x20 c:/program files (x86)/atollic/truestudio for arm pro 4.2.0/armtools/bin/../lib/gcc/arm-atollic-eabi/4.7.3/../../../../arm-atollic-eabi/lib/armv7e-m/fpv4-sp-d16\libm.a(lib_a-s_atan.o)
 .rodata.str1.1
                0x08009ef0        0x5 c:/program files (x86)/atollic/truestudio for arm pro 4.2.0/armtools/bin/../lib/gcc/arm-atollic-eabi/4.7.3/../../../../arm-atollic-eabi/lib/armv7e-m/fpv4-sp-d16\libm.a(lib_a-w_sqrt.o)
 *(.glue_7)
 .glue_7        0x00000000        0x0 linker stubs
 *(.glue_7t)
 .glue_7t       0x00000000        0x0 linker stubs
 *(.eh_frame)
 *fill*         0x08009ef5        0x3 00
 .eh_frame      0x08009ef8        0x0 c:/program files (x86)/atollic/truestudio for arm pro 4.2.0/armtools/bin/../lib/gcc/arm-atollic-eabi/4.7.3/armv7e-m/fpv4-sp-d16/crtbegin.o
 *(.init)
 .init          0x08009ef8        0x4 c:/program files (x86)/atollic/truestudio for arm pro 4.2.0/armtools/bin/../lib/gcc/arm-atollic-eabi/4.7.3/armv7e-m/fpv4-sp-d16/crti.o
                0x08009ef8                _init
 .init          0x08009efc        0x8 c:/program files (x86)/atollic/truestudio for arm pro 4.2.0/armtools/bin/../lib/gcc/arm-atollic-eabi/4.7.3/armv7e-m/fpv4-sp-d16/crtn.o
 *(.fini)
 .fini          0x08009f04        0x4 c:/program files (x86)/atollic/truestudio for arm pro 4.2.0/armtools/bin/../lib/gcc/arm-atollic-eabi/4.7.3/armv7e-m/fpv4-sp-d16/crti.o
                0x08009f04                _fini
 .fini          0x08009f08        0x8 c:/program files (x86)/atollic/truestudio for arm pro 4.2.0/armtools/bin/../lib/gcc/arm-atollic-eabi/4.7.3/armv7e-m/fpv4-sp-d16/crtn.o
 .fini.stub     0x08009f10        0x8 linker stubs
                0x08009f18                . = ALIGN (0x4)
                0x08009f18                _etext = .

.vfp11_veneer   0x08009f18        0x0
 .vfp11_veneer  0x00000000        0x0 linker stubs

.v4_bx          0x08009f18        0x0
 .v4_bx         0x00000000        0x0 linker stubs

.iplt           0x08009f18        0x0
 .iplt          0x00000000        0x0 c:/program files (x86)/atollic/truestudio for arm pro 4.2.0/armtools/bin/../lib/gcc/arm-atollic-eabi/4.7.3/armv7e-m/fpv4-sp-d16/crtbegin.o

.rel.dyn        0x08009f18        0x0
 .rel.iplt      0x00000000        0x0 c:/program files (x86)/atollic/truestudio for arm pro 4.2.0/armtools/bin/../lib/gcc/arm-atollic-eabi/4.7.3/armv7e-m/fpv4-sp-d16/crtbegin.o

.ARM.extab
 *(.ARM.extab* .gnu.linkonce.armextab.*)

.ARM            0x08009f18        0x0
                0x08009f18                __exidx_start = .
 *(.ARM.exidx*)
                0x08009f18                __exidx_end = .

.preinit_array  0x08009f18        0x0
                0x08009f18                PROVIDE (__preinit_array_start, .)
 *(.preinit_array*)
                0x08009f18                PROVIDE (__preinit_array_end, .)

.init_array     0x08009f18        0x4
                0x08009f18                PROVIDE (__init_array_start, .)
 *(SORT(.init_array.*))
 *(.init_array*)
 .init_array    0x08009f18        0x4 c:/program files (x86)/atollic/truestudio for arm pro 4.2.0/armtools/bin/../lib/gcc/arm-atollic-eabi/4.7.3/armv7e-m/fpv4-sp-d16/crtbegin.o
                0x08009f1c                PROVIDE (__init_array_end, .)

.fini_array     0x08009f1c        0x4
                0x08009f1c                PROVIDE (__fini_array_start, .)
 *(.fini_array*)
 .fini_array    0x08009f1c        0x4 c:/program files (x86)/atollic/truestudio for arm pro 4.2.0/armtools/bin/../lib/gcc/arm-atollic-eabi/4.7.3/armv7e-m/fpv4-sp-d16/crtbegin.o
 *(SORT(.fini_array.*))
                0x08009f20                PROVIDE (__fini_array_end, .)
                0x08009f20                _sidata = .

.data           0x20000000       0x54 load address 0x08009f20
                0x20000000                . = ALIGN (0x4)
                0x20000000                _sdata = .
 *(.data)
 *(.data*)
 .data.SystemCoreClock
                0x20000000        0x4 src\system_stm32f4xx.o
                0x20000000                SystemCoreClock
 .data.pitchkp  0x20000004        0x1 modules\src\stabilizer.o
                0x20000004                pitchkp
 .data.pitchkd  0x20000005        0x1 modules\src\stabilizer.o
                0x20000005                pitchkd
 .data.rollkp   0x20000006        0x1 modules\src\stabilizer.o
                0x20000006                rollkp
 .data.rollkd   0x20000007        0x1 modules\src\stabilizer.o
                0x20000007                rollkd
 .data.yawkp    0x20000008        0x1 modules\src\stabilizer.o
                0x20000008                yawkp
 *fill*         0x20000009        0x1 00
 .data.actuatorThrust
                0x2000000a        0x2 modules\src\stabilizer.o
                0x2000000a                actuatorThrust
 .data.baseline
                0x2000000c        0x2 modules\src\stabilizer.o
                0x2000000c                baseline
 .data.trimThrust
                0x2000000e        0x2 modules\src\stabilizer.o
                0x2000000e                trimThrust
 .data.trimLeftServo
                0x20000010        0x2 modules\src\stabilizer.o
                0x20000010                trimLeftServo
 .data.trimRightServo
                0x20000012        0x2 modules\src\stabilizer.o
                0x20000012                trimRightServo
 .data.t_sens   0x20000014        0x1 modules\src\stabilizer.o
                0x20000014                t_sens
 .data.r_sens   0x20000015        0x1 modules\src\stabilizer.o
                0x20000015                r_sens
 .data.p_sens   0x20000016        0x1 modules\src\stabilizer.o
                0x20000016                p_sens
 .data.y_sens   0x20000017        0x1 modules\src\stabilizer.o
                0x20000017                y_sens
 .data.twoKp    0x20000018        0x4 modules\src\sensfusion6.o
                0x20000018                twoKp
 .data.twoKi    0x2000001c        0x4 modules\src\sensfusion6.o
                0x2000001c                twoKi
 .data.q0       0x20000020        0x4 modules\src\sensfusion6.o
                0x20000020                q0
 .data.k        0x20000024        0x4 drivers\src\adc.o
                0x20000024                k
 .data.GPIO_PORT
                0x20000028       0x10 Utilities\stm32f4_discovery.o
                0x20000028                GPIO_PORT
 .data.APBAHBPrescTable
                0x20000038       0x10 Libraries\STM32F4xx_StdPeriph_Driver\src\stm32f4xx_rcc.o
 .data.xNextTaskUnblockTime
                0x20000048        0x4 FreeRTOS\tasks.o
 .data.uxCriticalNesting
                0x2000004c        0x4 FreeRTOS\portable\GCC\ARM_CM4F\port.o
 .data.__fdlib_version
                0x20000050        0x1 c:/program files (x86)/atollic/truestudio for arm pro 4.2.0/armtools/bin/../lib/gcc/arm-atollic-eabi/4.7.3/../../../../arm-atollic-eabi/lib/armv7e-m/fpv4-sp-d16\libm.a(lib_a-s_lib_ver.o)
                0x20000050                __fdlib_version
                0x20000054                . = ALIGN (0x4)
 *fill*         0x20000051        0x3 00
                0x20000054                _edata = .

.jcr            0x20000054        0x0 load address 0x08009f74
 .jcr           0x20000054        0x0 c:/program files (x86)/atollic/truestudio for arm pro 4.2.0/armtools/bin/../lib/gcc/arm-atollic-eabi/4.7.3/armv7e-m/fpv4-sp-d16/crtbegin.o

.igot.plt       0x20000054        0x0 load address 0x08009f74
 .igot.plt      0x00000000        0x0 c:/program files (x86)/atollic/truestudio for arm pro 4.2.0/armtools/bin/../lib/gcc/arm-atollic-eabi/4.7.3/armv7e-m/fpv4-sp-d16/crtbegin.o
                0x20000054                . = ALIGN (0x4)

.bss            0x20000058     0x57d0 load address 0x08009f78
                0x20000058                _sbss = .
                0x20000058                __bss_start__ = _sbss
 *(.bss)
 .bss           0x20000058       0x1c c:/program files (x86)/atollic/truestudio for arm pro 4.2.0/armtools/bin/../lib/gcc/arm-atollic-eabi/4.7.3/armv7e-m/fpv4-sp-d16/crtbegin.o
 *(.bss*)
 .bss.PrimarySpektrumState
                0x20000074       0x14 src\main.o
                0x20000074                PrimarySpektrumState
 .bss.xSemaphoreSW
                0x20000088        0x4 src\main.o
                0x20000088                xSemaphoreSW
 .bss.xHigherPriorityTaskWoken
                0x2000008c        0x4 src\main.o
 .bss.pknoreceive.8387
                0x20000090       0x18 src\main.o
 .bss.pk.8386   0x200000a8       0x18 src\main.o
 .bss.eulerPitchDesired
                0x200000c0        0x4 modules\src\stabilizer.o
                0x200000c0                eulerPitchDesired
 .bss.actuatorRoll
                0x200000c4        0x2 modules\src\stabilizer.o
                0x200000c4                actuatorRoll
 .bss.actuatorPitch
                0x200000c6        0x2 modules\src\stabilizer.o
                0x200000c6                actuatorPitch
 .bss.actuatorYaw
                0x200000c8        0x2 modules\src\stabilizer.o
                0x200000c8                actuatorYaw
 .bss.trimRoll  0x200000ca        0x2 modules\src\stabilizer.o
                0x200000ca                trimRoll
 .bss.trimPitch
                0x200000cc        0x2 modules\src\stabilizer.o
                0x200000cc                trimPitch
 .bss.trimYaw   0x200000ce        0x2 modules\src\stabilizer.o
                0x200000ce                trimYaw
 .bss.i.8984    0x200000d0        0x4 modules\src\stabilizer.o
 .bss.k.8968    0x200000d4        0x4 modules\src\stabilizer.o
 .bss.integralFBx
                0x200000d8        0x4 modules\src\sensfusion6.o
                0x200000d8                integralFBx
 .bss.integralFBy
                0x200000dc        0x4 modules\src\sensfusion6.o
                0x200000dc                integralFBy
 .bss.integralFBz
                0x200000e0        0x4 modules\src\sensfusion6.o
                0x200000e0                integralFBz
 .bss.q1        0x200000e4        0x4 modules\src\sensfusion6.o
                0x200000e4                q1
 .bss.q2        0x200000e8        0x4 modules\src\sensfusion6.o
                0x200000e8                q2
 .bss.q3        0x200000ec        0x4 modules\src\sensfusion6.o
                0x200000ec                q3
 .bss.isInit    0x200000f0        0x1 modules\src\sensfusion6.o
 .bss.isInit    0x200000f1        0x1 hal\src\imu.o
 .bss.isInit    0x200000f2        0x1 drivers\src\nrf24l01.o
 *fill*         0x200000f3        0x1 00
 .bss.interruptCb
                0x200000f4        0x4 drivers\src\nrf24l01.o
 .bss.devAddr   0x200000f8        0x1 drivers\src\mpu6050.o
 *fill*         0x200000f9        0x3 00
 .bss.I2Cx      0x200000fc        0x4 drivers\src\mpu6050.o
 .bss.buffer    0x20000100       0x10 drivers\src\mpu6050.o
 .bss.isInit    0x20000110        0x1 drivers\src\mpu6050.o
 .bss.isInit    0x20000111        0x1 drivers\src\motors.o
 *fill*         0x20000112        0x2 00
 .bss.I2CDirection
                0x20000114        0x4 drivers\src\i2croutines.o
                0x20000114                I2CDirection
 .bss.Tx_Idx1   0x20000118        0x1 drivers\src\i2croutines.o
                0x20000118                Tx_Idx1
 .bss.Rx_Idx1   0x20000119        0x1 drivers\src\i2croutines.o
                0x20000119                Rx_Idx1
 *fill*         0x2000011a        0x2 00
 .bss.buffer.7712
                0x2000011c       0x14 drivers\src\i2cdev.o
 .bss.isInit    0x20000130        0x1 drivers\src\exti.o
 *fill*         0x20000131        0x3 00
 .bss.xActiveTimerList1
                0x20000134       0x14 FreeRTOS\timers.o
 .bss.xActiveTimerList2
                0x20000148       0x14 FreeRTOS\timers.o
 .bss.pxCurrentTimerList
                0x2000015c        0x4 FreeRTOS\timers.o
 .bss.pxOverflowTimerList
                0x20000160        0x4 FreeRTOS\timers.o
 .bss.xTimerQueue
                0x20000164        0x4 FreeRTOS\timers.o
 .bss.xLastTime.7657
                0x20000168        0x4 FreeRTOS\timers.o
 .bss.pxCurrentTCB
                0x2000016c        0x4 FreeRTOS\tasks.o
                0x2000016c                pxCurrentTCB
 .bss.pxReadyTasksLists
                0x20000170       0x64 FreeRTOS\tasks.o
 .bss.xDelayedTaskList1
                0x200001d4       0x14 FreeRTOS\tasks.o
 .bss.xDelayedTaskList2
                0x200001e8       0x14 FreeRTOS\tasks.o
 .bss.pxDelayedTaskList
                0x200001fc        0x4 FreeRTOS\tasks.o
 .bss.pxOverflowDelayedTaskList
                0x20000200        0x4 FreeRTOS\tasks.o
 .bss.xPendingReadyList
                0x20000204       0x14 FreeRTOS\tasks.o
 .bss.uxCurrentNumberOfTasks
                0x20000218        0x4 FreeRTOS\tasks.o
 .bss.xTickCount
                0x2000021c        0x4 FreeRTOS\tasks.o
 .bss.uxTopUsedPriority
                0x20000220        0x4 FreeRTOS\tasks.o
 .bss.uxTopReadyPriority
                0x20000224        0x4 FreeRTOS\tasks.o
 .bss.xSchedulerRunning
                0x20000228        0x4 FreeRTOS\tasks.o
 .bss.uxSchedulerSuspended
                0x2000022c        0x4 FreeRTOS\tasks.o
 .bss.uxMissedTicks
                0x20000230        0x4 FreeRTOS\tasks.o
 .bss.xMissedYield
                0x20000234        0x4 FreeRTOS\tasks.o
 .bss.xNumOfOverflows
                0x20000238        0x4 FreeRTOS\tasks.o
 .bss.uxTCBNumber
                0x2000023c        0x4 FreeRTOS\tasks.o
 .bss.xHeap     0x20000240     0x4e20 FreeRTOS\portable\MemMang\heap_1.o
 .bss.xNextFreeByte
                0x20005060        0x4 FreeRTOS\portable\MemMang\heap_1.o
 *(COMMON)
 COMMON         0x20005064        0x4 src\stm32f4xx_it.o
                0x20005064                xHigherPriorityTaskWoken
 COMMON         0x20005068       0xae src\main.o
                0x20005068                eulerqueue
                0x2000506c                acc
                0x20005078                channeldata
                0x20005094                queuewritten
                0x20005098                uartData
                0x2000509c                xDebugQueue
                0x200050a0                dataRdy
                0x200050a4                axi16
                0x200050a8                tx1Queue
                0x200050ac                imudata
                0x200050c8                spektrumqueue
                0x200050cc                spektrum_check
                0x200050d0                gyro
                0x200050dc                azi16
                0x200050e0                adctransferQueue
                0x200050e4                spektrumchannel
                0x200050f4                gyroMpu
                0x200050fc                xQueue
                0x20005100                ayi16
                0x20005104                channelnum
                0x20005108                gzi16
                0x2000510c                accelMpu
                0x20005112                gxi16
                0x20005114                gyi16
 *fill*         0x20005116        0x2 00
 COMMON         0x20005118       0x64 modules\src\stabilizer.o
                0x20005118                f_actuatorRoll
                0x2000511c                pitchki
                0x20005120                eulerRollActual
                0x20005124                rightmotor
                0x20005128                leftmotor
                0x2000512c                eulerYawDesired
                0x20005130                f_actuatorPitch
                0x20005134                rs
                0x20005138                theta
                0x2000513c                tail
                0x20005140                eulerYawActual
                0x20005144                motorPowerLeftfront
                0x20005148                yawRateDesired
                0x2000514c                rollki
                0x20005150                motorPowerRightrear
                0x20005154                pitchRateDesired
                0x20005158                fusionDt
                0x2000515c                eulerPitchActual
                0x20005160                eulerRollDesired
                0x20005164                motorPowerLeftrear
                0x20005168                rollRateDesired
                0x2000516c                ls
                0x20005170                motorPowerRightfront
                0x20005174                f_actuatorYaw
                0x20005178                f_actuatorThrust
 COMMON         0x2000517c      0x646 hal\src\imu.o
                0x2000517c                __errno
                0x20005180                accelBias
                0x2000548c                accelLPFAligned
                0x20005494                varianceSampleTime
                0x20005498                imuAccLpfAttFactor
                0x2000549c                accelLPF
                0x200054a4                accelStoredFilterValues
                0x200054b0                gyroBias
                0x200057bc                mag
 *fill*         0x200057c2        0x2 00
 COMMON         0x200057c4       0x48 drivers\src\i2croutines.o
                0x200057c4                I2CDMA_InitStructure
                0x20005800                Address
                0x20005804                NumbOfBytes2
                0x20005808                NumbOfBytes1
 COMMON         0x2000580c       0x10 drivers\src\i2cdev.o
                0x2000580c                Buffer_Tx1
                0x20005810                i2cdevDmaEventI2c1
                0x20005814                Buffer_Rx1
                0x20005818                i2cdevDmaEventI2c2
 COMMON         0x2000581c        0xc drivers\src\adc.o
                0x2000581c                adcQueue
                0x20005820                ADCConvertedValues
                0x20005828                . = ALIGN (0x4)
                0x20005828                _ebss = .
                0x20005828                __bss_end__ = _ebss

._user_heap_stack
                0x20005828      0x400 load address 0x08009f74
                0x20005828                . = ALIGN (0x4)
                0x20005828                PROVIDE (end, .)
                0x20005828                PROVIDE (_end, .)
                0x20005828                . = (. + _Min_Heap_Size)
                0x20005c28                . = (. + _Min_Stack_Size)
 *fill*         0x20005828      0x400 00
                0x20005c28                . = ALIGN (0x4)

.memory_b1_text
 *(.mb1text)
 *(.mb1text*)
 *(.mb1rodata)
 *(.mb1rodata*)

/DISCARD/
 libc.a(*)
 libm.a(*)
 libgcc.a(*)

.ARM.attributes
                0x00000000       0x30
 *(.ARM.attributes)
 .ARM.attributes
                0x00000000       0x24 c:/program files (x86)/atollic/truestudio for arm pro 4.2.0/armtools/bin/../lib/gcc/arm-atollic-eabi/4.7.3/armv7e-m/fpv4-sp-d16/crti.o
 .ARM.attributes
                0x00000024       0x2e c:/program files (x86)/atollic/truestudio for arm pro 4.2.0/armtools/bin/../lib/gcc/arm-atollic-eabi/4.7.3/armv7e-m/fpv4-sp-d16/crtbegin.o
 .ARM.attributes
                0x00000052       0x39 utils\src\filter.o
 .ARM.attributes
                0x0000008b       0x39 utils\src\cfassert.o
 .ARM.attributes
                0x000000c4       0x39 src\system_stm32f4xx.o
 .ARM.attributes
                0x000000fd       0x39 src\stm32f4xx_it.o
 .ARM.attributes
                0x00000136       0x21 src\startup_stm32f4xx.o
 .ARM.attributes
                0x00000157       0x39 src\main.o
 .ARM.attributes
                0x00000190       0x39 src\hw_config.o
 .ARM.attributes
                0x000001c9       0x39 src\debug.o
 .ARM.attributes
                0x00000202       0x39 modules\src\stabilizer.o
 .ARM.attributes
                0x0000023b       0x39 modules\src\sensfusion6.o
 .ARM.attributes
                0x00000274       0x39 hal\src\imu.o
 .ARM.attributes
                0x000002ad       0x39 drivers\src\nvic.o
 .ARM.attributes
                0x000002e6       0x39 drivers\src\nrf24l01.o
 .ARM.attributes
                0x0000031f       0x39 drivers\src\mpu6050.o
 .ARM.attributes
                0x00000358       0x39 drivers\src\motors.o
 .ARM.attributes
                0x00000391       0x39 drivers\src\i2croutines.o
 .ARM.attributes
                0x000003ca       0x39 drivers\src\i2cdev.o
 .ARM.attributes
                0x00000403       0x39 drivers\src\exti.o
 .ARM.attributes
                0x0000043c       0x39 drivers\src\adc.o
 .ARM.attributes
                0x00000475       0x39 Utilities\stm32f4_discovery.o
 .ARM.attributes
                0x000004ae       0x39 Libraries\STM32F4xx_StdPeriph_Driver\src\stm32f4xx_usart.o
 .ARM.attributes
                0x000004e7       0x39 Libraries\STM32F4xx_StdPeriph_Driver\src\stm32f4xx_tim.o
 .ARM.attributes
                0x00000520       0x39 Libraries\STM32F4xx_StdPeriph_Driver\src\stm32f4xx_syscfg.o
 .ARM.attributes
                0x00000559       0x39 Libraries\STM32F4xx_StdPeriph_Driver\src\stm32f4xx_spi.o
 .ARM.attributes
                0x00000592       0x39 Libraries\STM32F4xx_StdPeriph_Driver\src\stm32f4xx_rcc.o
 .ARM.attributes
                0x000005cb       0x39 Libraries\STM32F4xx_StdPeriph_Driver\src\stm32f4xx_i2c.o
 .ARM.attributes
                0x00000604       0x39 Libraries\STM32F4xx_StdPeriph_Driver\src\stm32f4xx_gpio.o
 .ARM.attributes
                0x0000063d       0x39 Libraries\STM32F4xx_StdPeriph_Driver\src\stm32f4xx_exti.o
 .ARM.attributes
                0x00000676       0x39 Libraries\STM32F4xx_StdPeriph_Driver\src\stm32f4xx_dma.o
 .ARM.attributes
                0x000006af       0x39 Libraries\STM32F4xx_StdPeriph_Driver\src\stm32f4xx_adc.o
 .ARM.attributes
                0x000006e8       0x39 Libraries\STM32F4xx_StdPeriph_Driver\src\misc.o
 .ARM.attributes
                0x00000721       0x39 FreeRTOS\timers.o
 .ARM.attributes
                0x0000075a       0x39 FreeRTOS\tasks.o
 .ARM.attributes
                0x00000793       0x39 FreeRTOS\queue.o
 .ARM.attributes
                0x000007cc       0x39 FreeRTOS\portable\MemMang\heap_1.o
 .ARM.attributes
                0x00000805       0x39 FreeRTOS\portable\GCC\ARM_CM4F\port.o
 .ARM.attributes
                0x0000083e       0x39 FreeRTOS\list.o
 .ARM.attributes
                0x00000877       0x2e c:/program files (x86)/atollic/truestudio for arm pro 4.2.0/armtools/bin/../lib/gcc/arm-atollic-eabi/4.7.3/../../../../arm-atollic-eabi/lib/armv7e-m/fpv4-sp-d16\libc.a(lib_a-init.o)
 .ARM.attributes
                0x000008a5       0x2e c:/program files (x86)/atollic/truestudio for arm pro 4.2.0/armtools/bin/../lib/gcc/arm-atollic-eabi/4.7.3/../../../../arm-atollic-eabi/lib/armv7e-m/fpv4-sp-d16\libc.a(lib_a-memcpy.o)
 .ARM.attributes
                0x000008d3       0x2e c:/program files (x86)/atollic/truestudio for arm pro 4.2.0/armtools/bin/../lib/gcc/arm-atollic-eabi/4.7.3/../../../../arm-atollic-eabi/lib/armv7e-m/fpv4-sp-d16\libc.a(lib_a-memset.o)
 .ARM.attributes
                0x00000901       0x2e c:/program files (x86)/atollic/truestudio for arm pro 4.2.0/armtools/bin/../lib/gcc/arm-atollic-eabi/4.7.3/../../../../arm-atollic-eabi/lib/armv7e-m/fpv4-sp-d16\libc.a(lib_a-strncpy.o)
 .ARM.attributes
                0x0000092f       0x2e c:/program files (x86)/atollic/truestudio for arm pro 4.2.0/armtools/bin/../lib/gcc/arm-atollic-eabi/4.7.3/../../../../arm-atollic-eabi/lib/armv7e-m/fpv4-sp-d16\libm.a(lib_a-s_atan.o)
 .ARM.attributes
                0x0000095d       0x2e c:/program files (x86)/atollic/truestudio for arm pro 4.2.0/armtools/bin/../lib/gcc/arm-atollic-eabi/4.7.3/../../../../arm-atollic-eabi/lib/armv7e-m/fpv4-sp-d16\libm.a(lib_a-s_fabs.o)
 .ARM.attributes
                0x0000098b       0x2e c:/program files (x86)/atollic/truestudio for arm pro 4.2.0/armtools/bin/../lib/gcc/arm-atollic-eabi/4.7.3/../../../../arm-atollic-eabi/lib/armv7e-m/fpv4-sp-d16\libm.a(lib_a-w_atan2.o)
 .ARM.attributes
                0x000009b9       0x2e c:/program files (x86)/atollic/truestudio for arm pro 4.2.0/armtools/bin/../lib/gcc/arm-atollic-eabi/4.7.3/../../../../arm-atollic-eabi/lib/armv7e-m/fpv4-sp-d16\libm.a(lib_a-w_sqrt.o)
 .ARM.attributes
                0x000009e7       0x2e c:/program files (x86)/atollic/truestudio for arm pro 4.2.0/armtools/bin/../lib/gcc/arm-atollic-eabi/4.7.3/../../../../arm-atollic-eabi/lib/armv7e-m/fpv4-sp-d16\libm.a(lib_a-e_atan2.o)
 .ARM.attributes
                0x00000a15       0x2e c:/program files (x86)/atollic/truestudio for arm pro 4.2.0/armtools/bin/../lib/gcc/arm-atollic-eabi/4.7.3/../../../../arm-atollic-eabi/lib/armv7e-m/fpv4-sp-d16\libm.a(lib_a-e_sqrt.o)
 .ARM.attributes
                0x00000a43       0x2e c:/program files (x86)/atollic/truestudio for arm pro 4.2.0/armtools/bin/../lib/gcc/arm-atollic-eabi/4.7.3/../../../../arm-atollic-eabi/lib/armv7e-m/fpv4-sp-d16\libm.a(lib_a-s_fpclassify.o)
 .ARM.attributes
                0x00000a71       0x2e c:/program files (x86)/atollic/truestudio for arm pro 4.2.0/armtools/bin/../lib/gcc/arm-atollic-eabi/4.7.3/../../../../arm-atollic-eabi/lib/armv7e-m/fpv4-sp-d16\libm.a(lib_a-s_lib_ver.o)
 .ARM.attributes
                0x00000a9f       0x2e c:/program files (x86)/atollic/truestudio for arm pro 4.2.0/armtools/bin/../lib/gcc/arm-atollic-eabi/4.7.3/../../../../arm-atollic-eabi/lib/armv7e-m/fpv4-sp-d16\libm.a(lib_a-s_matherr.o)
 .ARM.attributes
                0x00000acd       0x24 c:/program files (x86)/atollic/truestudio for arm pro 4.2.0/armtools/bin/../lib/gcc/arm-atollic-eabi/4.7.3/armv7e-m/fpv4-sp-d16\libgcc.a(_arm_addsubdf3.o)
 .ARM.attributes
                0x00000af1       0x24 c:/program files (x86)/atollic/truestudio for arm pro 4.2.0/armtools/bin/../lib/gcc/arm-atollic-eabi/4.7.3/armv7e-m/fpv4-sp-d16\libgcc.a(_arm_muldivdf3.o)
 .ARM.attributes
                0x00000b15       0x24 c:/program files (x86)/atollic/truestudio for arm pro 4.2.0/armtools/bin/../lib/gcc/arm-atollic-eabi/4.7.3/armv7e-m/fpv4-sp-d16\libgcc.a(_arm_cmpdf2.o)
 .ARM.attributes
                0x00000b39       0x24 c:/program files (x86)/atollic/truestudio for arm pro 4.2.0/armtools/bin/../lib/gcc/arm-atollic-eabi/4.7.3/armv7e-m/fpv4-sp-d16\libgcc.a(_arm_truncdfsf2.o)
 .ARM.attributes
                0x00000b5d       0x24 c:/program files (x86)/atollic/truestudio for arm pro 4.2.0/armtools/bin/../lib/gcc/arm-atollic-eabi/4.7.3/armv7e-m/fpv4-sp-d16/crtn.o
OUTPUT(elkastm32f4_test_spektrum_adc.elf elf32-littlearm)

.debug_info     0x00000000    0x13bcc
 .debug_info    0x00000000       0xfe utils\src\filter.o
 .debug_info    0x000000fe       0x83 utils\src\cfassert.o
 .debug_info    0x00000181      0x5f9 src\system_stm32f4xx.o
 .debug_info    0x0000077a      0x187 src\stm32f4xx_it.o
 .debug_info    0x00000901       0x91 src\startup_stm32f4xx.o
 .debug_info    0x00000992      0xe4f src\main.o
 .debug_info    0x000017e1      0x973 src\hw_config.o
 .debug_info    0x00002154      0x3df src\debug.o
 .debug_info    0x00002533      0x855 modules\src\stabilizer.o
 .debug_info    0x00002d88      0x358 modules\src\sensfusion6.o
 .debug_info    0x000030e0      0x6c2 hal\src\imu.o
 .debug_info    0x000037a2      0x2f1 drivers\src\nvic.o
 .debug_info    0x00003a93      0x9e5 drivers\src\nrf24l01.o
 .debug_info    0x00004478     0x2b85 drivers\src\mpu6050.o
 .debug_info    0x00006ffd      0x6a9 drivers\src\motors.o
 .debug_info    0x000076a6      0xba3 drivers\src\i2croutines.o
 .debug_info    0x00008249      0xa20 drivers\src\i2cdev.o
 .debug_info    0x00008c69      0x3da drivers\src\exti.o
 .debug_info    0x00009043      0x793 drivers\src\adc.o
 .debug_info    0x000097d6      0x8be Utilities\stm32f4_discovery.o
 .debug_info    0x0000a094      0xa69 Libraries\STM32F4xx_StdPeriph_Driver\src\stm32f4xx_usart.o
 .debug_info    0x0000aafd     0x1e81 Libraries\STM32F4xx_StdPeriph_Driver\src\stm32f4xx_tim.o
 .debug_info    0x0000c97e      0x27d Libraries\STM32F4xx_StdPeriph_Driver\src\stm32f4xx_syscfg.o
 .debug_info    0x0000cbfb      0xbe2 Libraries\STM32F4xx_StdPeriph_Driver\src\stm32f4xx_spi.o
 .debug_info    0x0000d7dd      0xd4d Libraries\STM32F4xx_StdPeriph_Driver\src\stm32f4xx_rcc.o
 .debug_info    0x0000e52a      0xbaf Libraries\STM32F4xx_StdPeriph_Driver\src\stm32f4xx_i2c.o
 .debug_info    0x0000f0d9      0x644 Libraries\STM32F4xx_StdPeriph_Driver\src\stm32f4xx_gpio.o
 .debug_info    0x0000f71d      0x377 Libraries\STM32F4xx_StdPeriph_Driver\src\stm32f4xx_exti.o
 .debug_info    0x0000fa94      0x7b3 Libraries\STM32F4xx_StdPeriph_Driver\src\stm32f4xx_dma.o
 .debug_info    0x00010247      0xd18 Libraries\STM32F4xx_StdPeriph_Driver\src\stm32f4xx_adc.o
 .debug_info    0x00010f5f      0x596 Libraries\STM32F4xx_StdPeriph_Driver\src\misc.o
 .debug_info    0x000114f5      0x780 FreeRTOS\timers.o
 .debug_info    0x00011c75      0xe3f FreeRTOS\tasks.o
 .debug_info    0x00012ab4      0xa58 FreeRTOS\queue.o
 .debug_info    0x0001350c      0x1b3 FreeRTOS\portable\MemMang\heap_1.o
 .debug_info    0x000136bf      0x235 FreeRTOS\portable\GCC\ARM_CM4F\port.o
 .debug_info    0x000138f4      0x2d8 FreeRTOS\list.o

.debug_abbrev   0x00000000     0x348d
 .debug_abbrev  0x00000000       0x9a utils\src\filter.o
 .debug_abbrev  0x0000009a       0x6d utils\src\cfassert.o
 .debug_abbrev  0x00000107      0x13a src\system_stm32f4xx.o
 .debug_abbrev  0x00000241       0xc9 src\stm32f4xx_it.o
 .debug_abbrev  0x0000030a       0x12 src\startup_stm32f4xx.o
 .debug_abbrev  0x0000031c      0x2d9 src\main.o
 .debug_abbrev  0x000005f5      0x1c5 src\hw_config.o
 .debug_abbrev  0x000007ba      0x16c src\debug.o
 .debug_abbrev  0x00000926      0x194 modules\src\stabilizer.o
 .debug_abbrev  0x00000aba      0x11e modules\src\sensfusion6.o
 .debug_abbrev  0x00000bd8      0x1f9 hal\src\imu.o
 .debug_abbrev  0x00000dd1       0xb9 drivers\src\nvic.o
 .debug_abbrev  0x00000e8a      0x269 drivers\src\nrf24l01.o
 .debug_abbrev  0x000010f3      0x248 drivers\src\mpu6050.o
 .debug_abbrev  0x0000133b      0x158 drivers\src\motors.o
 .debug_abbrev  0x00001493      0x1b0 drivers\src\i2croutines.o
 .debug_abbrev  0x00001643      0x1ba drivers\src\i2cdev.o
 .debug_abbrev  0x000017fd      0x101 drivers\src\exti.o
 .debug_abbrev  0x000018fe      0x153 drivers\src\adc.o
 .debug_abbrev  0x00001a51      0x187 Utilities\stm32f4_discovery.o
 .debug_abbrev  0x00001bd8      0x159 Libraries\STM32F4xx_StdPeriph_Driver\src\stm32f4xx_usart.o
 .debug_abbrev  0x00001d31      0x18b Libraries\STM32F4xx_StdPeriph_Driver\src\stm32f4xx_tim.o
 .debug_abbrev  0x00001ebc      0x135 Libraries\STM32F4xx_StdPeriph_Driver\src\stm32f4xx_syscfg.o
 .debug_abbrev  0x00001ff1      0x16b Libraries\STM32F4xx_StdPeriph_Driver\src\stm32f4xx_spi.o
 .debug_abbrev  0x0000215c      0x1e7 Libraries\STM32F4xx_StdPeriph_Driver\src\stm32f4xx_rcc.o
 .debug_abbrev  0x00002343      0x168 Libraries\STM32F4xx_StdPeriph_Driver\src\stm32f4xx_i2c.o
 .debug_abbrev  0x000024ab      0x1a7 Libraries\STM32F4xx_StdPeriph_Driver\src\stm32f4xx_gpio.o
 .debug_abbrev  0x00002652      0x1a9 Libraries\STM32F4xx_StdPeriph_Driver\src\stm32f4xx_exti.o
 .debug_abbrev  0x000027fb      0x159 Libraries\STM32F4xx_StdPeriph_Driver\src\stm32f4xx_dma.o
 .debug_abbrev  0x00002954      0x19a Libraries\STM32F4xx_StdPeriph_Driver\src\stm32f4xx_adc.o
 .debug_abbrev  0x00002aee      0x12b Libraries\STM32F4xx_StdPeriph_Driver\src\misc.o
 .debug_abbrev  0x00002c19      0x188 FreeRTOS\timers.o
 .debug_abbrev  0x00002da1      0x212 FreeRTOS\tasks.o
 .debug_abbrev  0x00002fb3      0x191 FreeRTOS\queue.o
 .debug_abbrev  0x00003144      0x135 FreeRTOS\portable\MemMang\heap_1.o
 .debug_abbrev  0x00003279      0x15d FreeRTOS\portable\GCC\ARM_CM4F\port.o
 .debug_abbrev  0x000033d6       0xb7 FreeRTOS\list.o

.debug_loc      0x00000000     0xab1b
 .debug_loc     0x00000000       0x38 utils\src\filter.o
 .debug_loc     0x00000038       0x38 utils\src\cfassert.o
 .debug_loc     0x00000070       0x9c src\system_stm32f4xx.o
 .debug_loc     0x0000010c      0x134 src\stm32f4xx_it.o
 .debug_loc     0x00000240      0x2ee src\main.o
 .debug_loc     0x0000052e      0x1a8 src\hw_config.o
 .debug_loc     0x000006d6      0x148 src\debug.o
 .debug_loc     0x0000081e      0x10e modules\src\stabilizer.o
 .debug_loc     0x0000092c      0x102 modules\src\sensfusion6.o
 .debug_loc     0x00000a2e      0x1fa hal\src\imu.o
 .debug_loc     0x00000c28      0x23c drivers\src\nvic.o
 .debug_loc     0x00000e64      0x4a0 drivers\src\nrf24l01.o
 .debug_loc     0x00001304     0x397a drivers\src\mpu6050.o
 .debug_loc     0x00004c7e       0xa8 drivers\src\motors.o
 .debug_loc     0x00004d26      0x188 drivers\src\i2croutines.o
 .debug_loc     0x00004eae      0x27c drivers\src\i2cdev.o
 .debug_loc     0x0000512a       0x90 drivers\src\exti.o
 .debug_loc     0x000051ba       0xac drivers\src\adc.o
 .debug_loc     0x00005266      0x150 Utilities\stm32f4_discovery.o
 .debug_loc     0x000053b6      0x658 Libraries\STM32F4xx_StdPeriph_Driver\src\stm32f4xx_usart.o
 .debug_loc     0x00005a0e     0x1420 Libraries\STM32F4xx_StdPeriph_Driver\src\stm32f4xx_tim.o
 .debug_loc     0x00006e2e      0x144 Libraries\STM32F4xx_StdPeriph_Driver\src\stm32f4xx_syscfg.o
 .debug_loc     0x00006f72      0x578 Libraries\STM32F4xx_StdPeriph_Driver\src\stm32f4xx_spi.o
 .debug_loc     0x000074ea      0x97c Libraries\STM32F4xx_StdPeriph_Driver\src\stm32f4xx_rcc.o
 .debug_loc     0x00007e66      0x738 Libraries\STM32F4xx_StdPeriph_Driver\src\stm32f4xx_i2c.o
 .debug_loc     0x0000859e      0x310 Libraries\STM32F4xx_StdPeriph_Driver\src\stm32f4xx_gpio.o
 .debug_loc     0x000088ae      0x1b4 Libraries\STM32F4xx_StdPeriph_Driver\src\stm32f4xx_exti.o
 .debug_loc     0x00008a62      0x428 Libraries\STM32F4xx_StdPeriph_Driver\src\stm32f4xx_dma.o
 .debug_loc     0x00008e8a      0x838 Libraries\STM32F4xx_StdPeriph_Driver\src\stm32f4xx_adc.o
 .debug_loc     0x000096c2      0x118 Libraries\STM32F4xx_StdPeriph_Driver\src\misc.o
 .debug_loc     0x000097da      0x304 FreeRTOS\timers.o
 .debug_loc     0x00009ade      0x76d FreeRTOS\tasks.o
 .debug_loc     0x0000a24b      0x578 FreeRTOS\queue.o
 .debug_loc     0x0000a7c3       0xc8 FreeRTOS\portable\MemMang\heap_1.o
 .debug_loc     0x0000a88b      0x178 FreeRTOS\portable\GCC\ARM_CM4F\port.o
 .debug_loc     0x0000aa03      0x118 FreeRTOS\list.o

.debug_aranges  0x00000000     0x1c98
 .debug_aranges
                0x00000000       0x20 utils\src\filter.o
 .debug_aranges
                0x00000020       0x20 utils\src\cfassert.o
 .debug_aranges
                0x00000040       0x30 src\system_stm32f4xx.o
 .debug_aranges
                0x00000070       0x50 src\stm32f4xx_it.o
 .debug_aranges
                0x000000c0       0x28 src\startup_stm32f4xx.o
 .debug_aranges
                0x000000e8       0x88 src\main.o
 .debug_aranges
                0x00000170       0x58 src\hw_config.o
 .debug_aranges
                0x000001c8       0x48 src\debug.o
 .debug_aranges
                0x00000210       0x40 modules\src\stabilizer.o
 .debug_aranges
                0x00000250       0x40 modules\src\sensfusion6.o
 .debug_aranges
                0x00000290       0x60 hal\src\imu.o
 .debug_aranges
                0x000002f0       0x80 drivers\src\nvic.o
 .debug_aranges
                0x00000370       0xc8 drivers\src\nrf24l01.o
 .debug_aranges
                0x00000438      0x870 drivers\src\mpu6050.o
 .debug_aranges
                0x00000ca8       0x30 drivers\src\motors.o
 .debug_aranges
                0x00000cd8       0x50 drivers\src\i2croutines.o
 .debug_aranges
                0x00000d28       0x78 drivers\src\i2cdev.o
 .debug_aranges
                0x00000da0       0x30 drivers\src\exti.o
 .debug_aranges
                0x00000dd0       0x30 drivers\src\adc.o
 .debug_aranges
                0x00000e00       0x48 Utilities\stm32f4_discovery.o
 .debug_aranges
                0x00000e48      0x100 Libraries\STM32F4xx_StdPeriph_Driver\src\stm32f4xx_usart.o
 .debug_aranges
                0x00000f48      0x2f8 Libraries\STM32F4xx_StdPeriph_Driver\src\stm32f4xx_tim.o
 .debug_aranges
                0x00001240       0x48 Libraries\STM32F4xx_StdPeriph_Driver\src\stm32f4xx_syscfg.o
 .debug_aranges
                0x00001288       0xe0 Libraries\STM32F4xx_StdPeriph_Driver\src\stm32f4xx_spi.o
 .debug_aranges
                0x00001368      0x178 Libraries\STM32F4xx_StdPeriph_Driver\src\stm32f4xx_rcc.o
 .debug_aranges
                0x000014e0      0x120 Libraries\STM32F4xx_StdPeriph_Driver\src\stm32f4xx_i2c.o
 .debug_aranges
                0x00001600       0x88 Libraries\STM32F4xx_StdPeriph_Driver\src\stm32f4xx_gpio.o
 .debug_aranges
                0x00001688       0x58 Libraries\STM32F4xx_StdPeriph_Driver\src\stm32f4xx_exti.o
 .debug_aranges
                0x000016e0       0xb0 Libraries\STM32F4xx_StdPeriph_Driver\src\stm32f4xx_dma.o
 .debug_aranges
                0x00001790      0x148 Libraries\STM32F4xx_StdPeriph_Driver\src\stm32f4xx_adc.o
 .debug_aranges
                0x000018d8       0x40 Libraries\STM32F4xx_StdPeriph_Driver\src\misc.o
 .debug_aranges
                0x00001918       0x88 FreeRTOS\timers.o
 .debug_aranges
                0x000019a0      0x130 FreeRTOS\tasks.o
 .debug_aranges
                0x00001ad0       0xe0 FreeRTOS\queue.o
 .debug_aranges
                0x00001bb0       0x38 FreeRTOS\portable\MemMang\heap_1.o
 .debug_aranges
                0x00001be8       0x70 FreeRTOS\portable\GCC\ARM_CM4F\port.o
 .debug_aranges
                0x00001c58       0x40 FreeRTOS\list.o

.debug_ranges   0x00000000     0x1a50
 .debug_ranges  0x00000000       0x10 utils\src\filter.o
 .debug_ranges  0x00000010       0x10 utils\src\cfassert.o
 .debug_ranges  0x00000020       0x20 src\system_stm32f4xx.o
 .debug_ranges  0x00000040       0x40 src\stm32f4xx_it.o
 .debug_ranges  0x00000080       0x20 src\startup_stm32f4xx.o
 .debug_ranges  0x000000a0       0x78 src\main.o
 .debug_ranges  0x00000118       0x48 src\hw_config.o
 .debug_ranges  0x00000160       0x38 src\debug.o
 .debug_ranges  0x00000198       0x30 modules\src\stabilizer.o
 .debug_ranges  0x000001c8       0x30 modules\src\sensfusion6.o
 .debug_ranges  0x000001f8       0x50 hal\src\imu.o
 .debug_ranges  0x00000248       0x70 drivers\src\nvic.o
 .debug_ranges  0x000002b8       0xb8 drivers\src\nrf24l01.o
 .debug_ranges  0x00000370      0x860 drivers\src\mpu6050.o
 .debug_ranges  0x00000bd0       0x20 drivers\src\motors.o
 .debug_ranges  0x00000bf0       0x40 drivers\src\i2croutines.o
 .debug_ranges  0x00000c30       0x68 drivers\src\i2cdev.o
 .debug_ranges  0x00000c98       0x20 drivers\src\exti.o
 .debug_ranges  0x00000cb8       0x20 drivers\src\adc.o
 .debug_ranges  0x00000cd8       0x38 Utilities\stm32f4_discovery.o
 .debug_ranges  0x00000d10       0xf0 Libraries\STM32F4xx_StdPeriph_Driver\src\stm32f4xx_usart.o
 .debug_ranges  0x00000e00      0x2e8 Libraries\STM32F4xx_StdPeriph_Driver\src\stm32f4xx_tim.o
 .debug_ranges  0x000010e8       0x38 Libraries\STM32F4xx_StdPeriph_Driver\src\stm32f4xx_syscfg.o
 .debug_ranges  0x00001120       0xd0 Libraries\STM32F4xx_StdPeriph_Driver\src\stm32f4xx_spi.o
 .debug_ranges  0x000011f0      0x168 Libraries\STM32F4xx_StdPeriph_Driver\src\stm32f4xx_rcc.o
 .debug_ranges  0x00001358      0x110 Libraries\STM32F4xx_StdPeriph_Driver\src\stm32f4xx_i2c.o
 .debug_ranges  0x00001468       0x78 Libraries\STM32F4xx_StdPeriph_Driver\src\stm32f4xx_gpio.o
 .debug_ranges  0x000014e0       0x48 Libraries\STM32F4xx_StdPeriph_Driver\src\stm32f4xx_exti.o
 .debug_ranges  0x00001528       0xa0 Libraries\STM32F4xx_StdPeriph_Driver\src\stm32f4xx_dma.o
 .debug_ranges  0x000015c8      0x138 Libraries\STM32F4xx_StdPeriph_Driver\src\stm32f4xx_adc.o
 .debug_ranges  0x00001700       0x30 Libraries\STM32F4xx_StdPeriph_Driver\src\misc.o
 .debug_ranges  0x00001730       0x78 FreeRTOS\timers.o
 .debug_ranges  0x000017a8      0x120 FreeRTOS\tasks.o
 .debug_ranges  0x000018c8       0xd0 FreeRTOS\queue.o
 .debug_ranges  0x00001998       0x28 FreeRTOS\portable\MemMang\heap_1.o
 .debug_ranges  0x000019c0       0x60 FreeRTOS\portable\GCC\ARM_CM4F\port.o
 .debug_ranges  0x00001a20       0x30 FreeRTOS\list.o

.debug_line     0x00000000     0x885e
 .debug_line    0x00000000       0xec utils\src\filter.o
 .debug_line    0x000000ec       0x4c utils\src\cfassert.o
 .debug_line    0x00000138      0x1b5 src\system_stm32f4xx.o
 .debug_line    0x000002ed      0x1ec src\stm32f4xx_it.o
 .debug_line    0x000004d9       0x7c src\startup_stm32f4xx.o
 .debug_line    0x00000555      0x4e2 src\main.o
 .debug_line    0x00000a37      0x2e7 src\hw_config.o
 .debug_line    0x00000d1e      0x2ab src\debug.o
 .debug_line    0x00000fc9      0x24d modules\src\stabilizer.o
 .debug_line    0x00001216      0x1ba modules\src\sensfusion6.o
 .debug_line    0x000013d0      0x2a0 hal\src\imu.o
 .debug_line    0x00001670      0x215 drivers\src\nvic.o
 .debug_line    0x00001885      0x3ed drivers\src\nrf24l01.o
 .debug_line    0x00001c72     0x16bb drivers\src\mpu6050.o
 .debug_line    0x0000332d      0x230 drivers\src\motors.o
 .debug_line    0x0000355d      0x38f drivers\src\i2croutines.o
 .debug_line    0x000038ec      0x351 drivers\src\i2cdev.o
 .debug_line    0x00003c3d      0x1a1 drivers\src\exti.o
 .debug_line    0x00003dde      0x2f4 drivers\src\adc.o
 .debug_line    0x000040d2      0x235 Utilities\stm32f4_discovery.o
 .debug_line    0x00004307      0x44e Libraries\STM32F4xx_StdPeriph_Driver\src\stm32f4xx_usart.o
 .debug_line    0x00004755      0xa23 Libraries\STM32F4xx_StdPeriph_Driver\src\stm32f4xx_tim.o
 .debug_line    0x00005178      0x1d0 Libraries\STM32F4xx_StdPeriph_Driver\src\stm32f4xx_syscfg.o
 .debug_line    0x00005348      0x3fd Libraries\STM32F4xx_StdPeriph_Driver\src\stm32f4xx_spi.o
 .debug_line    0x00005745      0x545 Libraries\STM32F4xx_StdPeriph_Driver\src\stm32f4xx_rcc.o
 .debug_line    0x00005c8a      0x486 Libraries\STM32F4xx_StdPeriph_Driver\src\stm32f4xx_i2c.o
 .debug_line    0x00006110      0x2e9 Libraries\STM32F4xx_StdPeriph_Driver\src\stm32f4xx_gpio.o
 .debug_line    0x000063f9      0x24f Libraries\STM32F4xx_StdPeriph_Driver\src\stm32f4xx_exti.o
 .debug_line    0x00006648      0x386 Libraries\STM32F4xx_StdPeriph_Driver\src\stm32f4xx_dma.o
 .debug_line    0x000069ce      0x4fe Libraries\STM32F4xx_StdPeriph_Driver\src\stm32f4xx_adc.o
 .debug_line    0x00006ecc      0x1ef Libraries\STM32F4xx_StdPeriph_Driver\src\misc.o
 .debug_line    0x000070bb      0x371 FreeRTOS\timers.o
 .debug_line    0x0000742c      0x7be FreeRTOS\tasks.o
 .debug_line    0x00007bea      0x666 FreeRTOS\queue.o
 .debug_line    0x00008250      0x1e5 FreeRTOS\portable\MemMang\heap_1.o
 .debug_line    0x00008435      0x248 FreeRTOS\portable\GCC\ARM_CM4F\port.o
 .debug_line    0x0000867d      0x1e1 FreeRTOS\list.o

.debug_str      0x00000000     0x79ca
 .debug_str     0x00000000      0x135 utils\src\filter.o
                                0x179 (size before relaxing)
 .debug_str     0x00000135       0x28 utils\src\cfassert.o
                                 0xcd (size before relaxing)
 .debug_str     0x0000015d      0x22e src\system_stm32f4xx.o
                                0x373 (size before relaxing)
 .debug_str     0x0000038b       0xb7 src\stm32f4xx_it.o
                                0x21c (size before relaxing)
 .debug_str     0x00000442      0x98c src\main.o
                                0xbad (size before relaxing)
 .debug_str     0x00000dce      0x55f src\hw_config.o
                                0x739 (size before relaxing)
 .debug_str     0x0000132d       0xa6 src\debug.o
                                0x289 (size before relaxing)
 .debug_str     0x000013d3      0x30b modules\src\stabilizer.o
                                0x575 (size before relaxing)
 .debug_str     0x000016de       0xd9 modules\src\sensfusion6.o
                                0x24c (size before relaxing)
 .debug_str     0x000017b7      0x1e0 hal\src\imu.o
                                0x407 (size before relaxing)
 .debug_str     0x00001997      0x127 drivers\src\nvic.o
                                0x2ec (size before relaxing)
 .debug_str     0x00001abe      0x2e1 drivers\src\nrf24l01.o
                                0x692 (size before relaxing)
 .debug_str     0x00001d9f     0x1d44 drivers\src\mpu6050.o
                               0x1f95 (size before relaxing)
 .debug_str     0x00003ae3       0x56 drivers\src\motors.o
                                0x581 (size before relaxing)
 .debug_str     0x00003b39      0x361 drivers\src\i2croutines.o
                                0xcc2 (size before relaxing)
 .debug_str     0x00003e9a      0x117 drivers\src\i2cdev.o
                                0x945 (size before relaxing)
 .debug_str     0x00003fb1       0x3d drivers\src\exti.o
                                0x743 (size before relaxing)
 .debug_str     0x00003fee      0x1b1 drivers\src\adc.o
                                0x669 (size before relaxing)
 .debug_str     0x0000419f      0x177 Utilities\stm32f4_discovery.o
                                0xaff (size before relaxing)
 .debug_str     0x00004316      0x410 Libraries\STM32F4xx_StdPeriph_Driver\src\stm32f4xx_usart.o
                                0x677 (size before relaxing)
 .debug_str     0x00004726      0x9f1 Libraries\STM32F4xx_StdPeriph_Driver\src\stm32f4xx_tim.o
                                0xdb8 (size before relaxing)
 .debug_str     0x00005117      0x156 Libraries\STM32F4xx_StdPeriph_Driver\src\stm32f4xx_syscfg.o
                                0x2e7 (size before relaxing)
 .debug_str     0x0000526d      0x2f0 Libraries\STM32F4xx_StdPeriph_Driver\src\stm32f4xx_spi.o
                                0x672 (size before relaxing)
 .debug_str     0x0000555d      0x4f0 Libraries\STM32F4xx_StdPeriph_Driver\src\stm32f4xx_rcc.o
                                0x838 (size before relaxing)
 .debug_str     0x00005a4d      0x335 Libraries\STM32F4xx_StdPeriph_Driver\src\stm32f4xx_i2c.o
                                0x64d (size before relaxing)
 .debug_str     0x00005d82      0x18b Libraries\STM32F4xx_StdPeriph_Driver\src\stm32f4xx_gpio.o
                                0x48b (size before relaxing)
 .debug_str     0x00005f0d       0xf3 Libraries\STM32F4xx_StdPeriph_Driver\src\stm32f4xx_exti.o
                                0x356 (size before relaxing)
 .debug_str     0x00006000      0x254 Libraries\STM32F4xx_StdPeriph_Driver\src\stm32f4xx_dma.o
                                0x534 (size before relaxing)
 .debug_str     0x00006254      0x4d6 Libraries\STM32F4xx_StdPeriph_Driver\src\stm32f4xx_adc.o
                                0x7ec (size before relaxing)
 .debug_str     0x0000672a      0x14d Libraries\STM32F4xx_StdPeriph_Driver\src\misc.o
                                0x3c1 (size before relaxing)
 .debug_str     0x00006877      0x3f1 FreeRTOS\timers.o
                                0x590 (size before relaxing)
 .debug_str     0x00006c68      0x6ff FreeRTOS\tasks.o
                                0x92c (size before relaxing)
 .debug_str     0x00007367      0x3f6 FreeRTOS\queue.o
                                0x692 (size before relaxing)
 .debug_str     0x0000775d       0xaa FreeRTOS\portable\MemMang\heap_1.o
                                0x217 (size before relaxing)
 .debug_str     0x00007807      0x124 FreeRTOS\portable\GCC\ARM_CM4F\port.o
                                0x2a0 (size before relaxing)
 .debug_str     0x0000792b       0x9f FreeRTOS\list.o
                                0x286 (size before relaxing)

.comment        0x00000000       0x82