Archive member included because of file (symbol)

c:/program files (x86)/atollic/truestudio for arm lite 4.1.0/armtools/bin/../lib/gcc/arm-atollic-eabi/4.7.3/../../../../arm-atollic-eabi/lib/armv7e-m/fpv4-sp-d16\libc.a(lib_a-init.o)
                              src\startup_stm32f4xx.o (__libc_init_array)
c:/program files (x86)/atollic/truestudio for arm lite 4.1.0/armtools/bin/../lib/gcc/arm-atollic-eabi/4.7.3/../../../../arm-atollic-eabi/lib/armv7e-m/fpv4-sp-d16\libc.a(lib_a-memcmp.o)
                              FreeRTOS\tasks.o (memcmp)
c:/program files (x86)/atollic/truestudio for arm lite 4.1.0/armtools/bin/../lib/gcc/arm-atollic-eabi/4.7.3/../../../../arm-atollic-eabi/lib/armv7e-m/fpv4-sp-d16\libc.a(lib_a-memcpy.o)
                              FreeRTOS\queue.o (memcpy)
c:/program files (x86)/atollic/truestudio for arm lite 4.1.0/armtools/bin/../lib/gcc/arm-atollic-eabi/4.7.3/../../../../arm-atollic-eabi/lib/armv7e-m/fpv4-sp-d16\libc.a(lib_a-memset.o)
                              FreeRTOS\tasks.o (memset)
c:/program files (x86)/atollic/truestudio for arm lite 4.1.0/armtools/bin/../lib/gcc/arm-atollic-eabi/4.7.3/../../../../arm-atollic-eabi/lib/armv7e-m/fpv4-sp-d16\libc.a(lib_a-strncpy.o)
                              FreeRTOS\tasks.o (strncpy)
c:/program files (x86)/atollic/truestudio for arm lite 4.1.0/armtools/bin/../lib/gcc/arm-atollic-eabi/4.7.3/../../../../arm-atollic-eabi/lib/armv7e-m/fpv4-sp-d16\libc.a(lib_a-syscalls.o)
                              src\tiny_printf.o (_write)
c:/program files (x86)/atollic/truestudio for arm lite 4.1.0/armtools/bin/../lib/gcc/arm-atollic-eabi/4.7.3/../../../../arm-atollic-eabi/lib/armv7e-m/fpv4-sp-d16\libc.a(lib_a-reent.o)
                              c:/program files (x86)/atollic/truestudio for arm lite 4.1.0/armtools/bin/../lib/gcc/arm-atollic-eabi/4.7.3/../../../../arm-atollic-eabi/lib/armv7e-m/fpv4-sp-d16\libc.a(lib_a-syscalls.o) (errno)
c:/program files (x86)/atollic/truestudio for arm lite 4.1.0/armtools/bin/../lib/gcc/arm-atollic-eabi/4.7.3/../../../../arm-atollic-eabi/lib/armv7e-m/fpv4-sp-d16\libc.a(lib_a-freer.o)
                              c:/program files (x86)/atollic/truestudio for arm lite 4.1.0/armtools/bin/../lib/gcc/arm-atollic-eabi/4.7.3/../../../../arm-atollic-eabi/lib/armv7e-m/fpv4-sp-d16\libc.a(lib_a-reent.o) (_free_r)
c:/program files (x86)/atollic/truestudio for arm lite 4.1.0/armtools/bin/../lib/gcc/arm-atollic-eabi/4.7.3/../../../../arm-atollic-eabi/lib/armv7e-m/fpv4-sp-d16\libc.a(lib_a-impure.o)
                              c:/program files (x86)/atollic/truestudio for arm lite 4.1.0/armtools/bin/../lib/gcc/arm-atollic-eabi/4.7.3/../../../../arm-atollic-eabi/lib/armv7e-m/fpv4-sp-d16\libc.a(lib_a-reent.o) (_impure_ptr)
c:/program files (x86)/atollic/truestudio for arm lite 4.1.0/armtools/bin/../lib/gcc/arm-atollic-eabi/4.7.3/../../../../arm-atollic-eabi/lib/armv7e-m/fpv4-sp-d16\libc.a(lib_a-mallocr.o)
                              c:/program files (x86)/atollic/truestudio for arm lite 4.1.0/armtools/bin/../lib/gcc/arm-atollic-eabi/4.7.3/../../../../arm-atollic-eabi/lib/armv7e-m/fpv4-sp-d16\libc.a(lib_a-freer.o) (__malloc_current_mallinfo)
c:/program files (x86)/atollic/truestudio for arm lite 4.1.0/armtools/bin/../lib/gcc/arm-atollic-eabi/4.7.3/../../../../arm-atollic-eabi/lib/armv7e-m/fpv4-sp-d16\libc.a(lib_a-mlock.o)
                              c:/program files (x86)/atollic/truestudio for arm lite 4.1.0/armtools/bin/../lib/gcc/arm-atollic-eabi/4.7.3/../../../../arm-atollic-eabi/lib/armv7e-m/fpv4-sp-d16\libc.a(lib_a-freer.o) (__malloc_lock)
c:/program files (x86)/atollic/truestudio for arm lite 4.1.0/armtools/bin/../lib/gcc/arm-atollic-eabi/4.7.3/../../../../arm-atollic-eabi/lib/armv7e-m/fpv4-sp-d16\libc.a(lib_a-sbrkr.o)
                              c:/program files (x86)/atollic/truestudio for arm lite 4.1.0/armtools/bin/../lib/gcc/arm-atollic-eabi/4.7.3/../../../../arm-atollic-eabi/lib/armv7e-m/fpv4-sp-d16\libc.a(lib_a-freer.o) (_sbrk_r)

Allocating common symbols
Common symbol       size              file

errno               0x4               c:/program files (x86)/atollic/truestudio for arm lite 4.1.0/armtools/bin/../lib/gcc/arm-atollic-eabi/4.7.3/../../../../arm-atollic-eabi/lib/armv7e-m/fpv4-sp-d16\libc.a(lib_a-reent.o)
xHigherPriorityTaskWoken
                    0x4               src\stm32f4xx_it.o
xMEMS_Task          0x4               src\main.o
xLED_Tasks          0x10              src\main.o
xQueue              0x4               src\main.o
xBALANCE_Task       0x4               src\main.o
NVIC_InitStructure  0x4               Utilities\stm32f4_discovery.o

Discarded input sections

 .text          0x00000000        0x0 c:/program files (x86)/atollic/truestudio for arm lite 4.1.0/armtools/bin/../lib/gcc/arm-atollic-eabi/4.7.3/armv7e-m/fpv4-sp-d16/crti.o
[...]
Memory Configuration

Name             Origin             Length             Attributes
FLASH            0x08000000         0x00100000         xr
RAM              0x20000000         0x00020000         xrw
MEMORY_B1        0x60000000         0x00000000         xr
*default*        0x00000000         0xffffffff

Linker script and memory map

LOAD c:/program files (x86)/atollic/truestudio for arm lite 4.1.0/armtools/bin/../lib/gcc/arm-atollic-eabi/4.7.3/armv7e-m/fpv4-sp-d16/crti.o
LOAD c:/program files (x86)/atollic/truestudio for arm lite 4.1.0/armtools/bin/../lib/gcc/arm-atollic-eabi/4.7.3/armv7e-m/fpv4-sp-d16/crtbegin.o
LOAD src\tiny_printf.o
LOAD src\system_stm32f4xx.o
LOAD src\stm32f4xx_it.o
LOAD src\startup_stm32f4xx.o
LOAD src\main.o
LOAD src\hw_config.o
LOAD Utilities\stm32f4_discovery_lis302dl.o
LOAD Utilities\stm32f4_discovery.o
LOAD Libraries\STM32F4xx_StdPeriph_Driver\src\stm32f4xx_wwdg.o
LOAD Libraries\STM32F4xx_StdPeriph_Driver\src\stm32f4xx_usart.o
LOAD Libraries\STM32F4xx_StdPeriph_Driver\src\stm32f4xx_tim.o
LOAD Libraries\STM32F4xx_StdPeriph_Driver\src\stm32f4xx_syscfg.o
LOAD Libraries\STM32F4xx_StdPeriph_Driver\src\stm32f4xx_spi.o
LOAD Libraries\STM32F4xx_StdPeriph_Driver\src\stm32f4xx_sdio.o
LOAD Libraries\STM32F4xx_StdPeriph_Driver\src\stm32f4xx_rtc.o
LOAD Libraries\STM32F4xx_StdPeriph_Driver\src\stm32f4xx_rng.o
LOAD Libraries\STM32F4xx_StdPeriph_Driver\src\stm32f4xx_rcc.o
LOAD Libraries\STM32F4xx_StdPeriph_Driver\src\stm32f4xx_pwr.o
LOAD Libraries\STM32F4xx_StdPeriph_Driver\src\stm32f4xx_iwdg.o
LOAD Libraries\STM32F4xx_StdPeriph_Driver\src\stm32f4xx_i2c.o
LOAD Libraries\STM32F4xx_StdPeriph_Driver\src\stm32f4xx_hash_sha1.o
LOAD Libraries\STM32F4xx_StdPeriph_Driver\src\stm32f4xx_hash_md5.o
LOAD Libraries\STM32F4xx_StdPeriph_Driver\src\stm32f4xx_hash.o
LOAD Libraries\STM32F4xx_StdPeriph_Driver\src\stm32f4xx_gpio.o
LOAD Libraries\STM32F4xx_StdPeriph_Driver\src\stm32f4xx_fsmc.o
LOAD Libraries\STM32F4xx_StdPeriph_Driver\src\stm32f4xx_flash.o
LOAD Libraries\STM32F4xx_StdPeriph_Driver\src\stm32f4xx_exti.o
LOAD Libraries\STM32F4xx_StdPeriph_Driver\src\stm32f4xx_dma.o
LOAD Libraries\STM32F4xx_StdPeriph_Driver\src\stm32f4xx_dcmi.o
LOAD Libraries\STM32F4xx_StdPeriph_Driver\src\stm32f4xx_dbgmcu.o
LOAD Libraries\STM32F4xx_StdPeriph_Driver\src\stm32f4xx_dac.o
LOAD Libraries\STM32F4xx_StdPeriph_Driver\src\stm32f4xx_cryp_tdes.o
LOAD Libraries\STM32F4xx_StdPeriph_Driver\src\stm32f4xx_cryp_des.o
LOAD Libraries\STM32F4xx_StdPeriph_Driver\src\stm32f4xx_cryp_aes.o
LOAD Libraries\STM32F4xx_StdPeriph_Driver\src\stm32f4xx_cryp.o
LOAD Libraries\STM32F4xx_StdPeriph_Driver\src\stm32f4xx_crc.o
LOAD Libraries\STM32F4xx_StdPeriph_Driver\src\stm32f4xx_can.o
LOAD Libraries\STM32F4xx_StdPeriph_Driver\src\stm32f4xx_adc.o
LOAD Libraries\STM32F4xx_StdPeriph_Driver\src\misc.o
LOAD FreeRTOS\timers.o
LOAD FreeRTOS\tasks.o
LOAD FreeRTOS\queue.o
LOAD FreeRTOS\portable\port.o
LOAD FreeRTOS\portable\MemMang\heap_2.o
LOAD FreeRTOS\list.o
LOAD c:/program files (x86)/atollic/truestudio for arm lite 4.1.0/armtools/bin/../lib/gcc/arm-atollic-eabi/4.7.3/../../../../arm-atollic-eabi/lib/armv7e-m/fpv4-sp-d16\libm.a
START GROUP
LOAD c:/program files (x86)/atollic/truestudio for arm lite 4.1.0/armtools/bin/../lib/gcc/arm-atollic-eabi/4.7.3/../../../../arm-atollic-eabi/lib/armv7e-m/fpv4-sp-d16\libc.a
LOAD c:/program files (x86)/atollic/truestudio for arm lite 4.1.0/armtools/bin/../lib/gcc/arm-atollic-eabi/4.7.3/../../../../arm-atollic-eabi/lib/armv7e-m/fpv4-sp-d16\libm.a
END GROUP
                0x00001000                malloc_getpagesize_P = 0x1000
START GROUP
LOAD c:/program files (x86)/atollic/truestudio for arm lite 4.1.0/armtools/bin/../lib/gcc/arm-atollic-eabi/4.7.3/armv7e-m/fpv4-sp-d16\libgcc.a
LOAD c:/program files (x86)/atollic/truestudio for arm lite 4.1.0/armtools/bin/../lib/gcc/arm-atollic-eabi/4.7.3/../../../../arm-atollic-eabi/lib/armv7e-m/fpv4-sp-d16\libc.a
END GROUP
LOAD c:/program files (x86)/atollic/truestudio for arm lite 4.1.0/armtools/bin/../lib/gcc/arm-atollic-eabi/4.7.3/armv7e-m/fpv4-sp-d16/crtend.o
LOAD c:/program files (x86)/atollic/truestudio for arm lite 4.1.0/armtools/bin/../lib/gcc/arm-atollic-eabi/4.7.3/armv7e-m/fpv4-sp-d16/crtn.o
                0x20020000                _estack = 0x20020000
                0x00000000                _Min_Heap_Size = 0x0
                0x00000400                _Min_Stack_Size = 0x400

.isr_vector     0x08000000      0x188
                0x08000000                . = ALIGN (0x4)
 *(.isr_vector)
 .isr_vector    0x08000000      0x188 src\startup_stm32f4xx.o
                0x08000000                g_pfnVectors
                0x08000188                . = ALIGN (0x4)

.text           0x08000188     0x4638
                0x08000188                . = ALIGN (0x4)
 *(.text)
 .text          0x08000188       0x54 c:/program files (x86)/atollic/truestudio for arm lite 4.1.0/armtools/bin/../lib/gcc/arm-atollic-eabi/4.7.3/armv7e-m/fpv4-sp-d16/crtbegin.o
 *(.text*)
 .text.SystemInit
                0x080001dc       0x94 src\system_stm32f4xx.o
                0x080001dc                SystemInit
 .text.SetSysClock
                0x08000270      0x188 src\system_stm32f4xx.o
 .text.NMI_Handler
                0x080003f8        0xc src\stm32f4xx_it.o
                0x080003f8                NMI_Handler
 .text.HardFault_Handler
                0x08000404        0x8 src\stm32f4xx_it.o
                0x08000404                HardFault_Handler
 .text.MemManage_Handler
                0x0800040c        0x8 src\stm32f4xx_it.o
                0x0800040c                MemManage_Handler
 .text.BusFault_Handler
                0x08000414        0x8 src\stm32f4xx_it.o
                0x08000414                BusFault_Handler
 .text.UsageFault_Handler
                0x0800041c        0x8 src\stm32f4xx_it.o
                0x0800041c                UsageFault_Handler
 .text.DebugMon_Handler
                0x08000424        0xc src\stm32f4xx_it.o
                0x08000424                DebugMon_Handler
 .text.EXTI0_IRQHandler
                0x08000430       0x5c src\stm32f4xx_it.o
                0x08000430                EXTI0_IRQHandler
 .text.Reset_Handler
                0x0800048c       0x60 src\startup_stm32f4xx.o
                0x0800048c                Reset_Handler
 .text.Default_Handler
                0x080004ec        0x4 src\startup_stm32f4xx.o
                0x080004ec                RTC_Alarm_IRQHandler
                0x080004ec                HASH_RNG_IRQHandler
                0x080004ec                EXTI2_IRQHandler
                0x080004ec                TIM8_CC_IRQHandler
                0x080004ec                TIM1_CC_IRQHandler
                0x080004ec                DMA2_Stream5_IRQHandler
                0x080004ec                DMA1_Stream5_IRQHandler
                0x080004ec                PVD_IRQHandler
                0x080004ec                SDIO_IRQHandler
                0x080004ec                TAMP_STAMP_IRQHandler
                0x080004ec                CAN2_RX1_IRQHandler
                0x080004ec                EXTI3_IRQHandler
                0x080004ec                TIM8_TRG_COM_TIM14_IRQHandler
                0x080004ec                TIM1_UP_TIM10_IRQHandler
                0x080004ec                TIM8_UP_TIM13_IRQHandler
                0x080004ec                I2C3_ER_IRQHandler
                0x080004ec                I2C2_EV_IRQHandler
                0x080004ec                DMA1_Stream2_IRQHandler
                0x080004ec                CAN1_RX0_IRQHandler
                0x080004ec                FPU_IRQHandler
                0x080004ec                OTG_HS_WKUP_IRQHandler
                0x080004ec                CAN2_SCE_IRQHandler
                0x080004ec                DMA2_Stream2_IRQHandler
                0x080004ec                SPI1_IRQHandler
                0x080004ec                TIM6_DAC_IRQHandler
                0x080004ec                TIM1_BRK_TIM9_IRQHandler
                0x080004ec                DCMI_IRQHandler
                0x080004ec                CAN2_RX0_IRQHandler
                0x080004ec                DMA2_Stream3_IRQHandler
                0x080004ec                USART6_IRQHandler
                0x080004ec                USART3_IRQHandler
                0x080004ec                CRYP_IRQHandler
                0x080004ec                CAN1_RX1_IRQHandler
                0x080004ec                UART5_IRQHandler
                0x080004ec                DMA2_Stream0_IRQHandler
                0x080004ec                TIM4_IRQHandler
                0x080004ec                I2C1_EV_IRQHandler
                0x080004ec                DMA1_Stream6_IRQHandler
                0x080004ec                DMA1_Stream1_IRQHandler
                0x080004ec                UART4_IRQHandler
                0x080004ec                TIM3_IRQHandler
                0x080004ec                RCC_IRQHandler
                0x080004ec                TIM8_BRK_TIM12_IRQHandler
                0x080004ec                Default_Handler
                0x080004ec                EXTI15_10_IRQHandler
                0x080004ec                ADC_IRQHandler
                0x080004ec                DMA1_Stream7_IRQHandler
                0x080004ec                TIM7_IRQHandler
                0x080004ec                CAN2_TX_IRQHandler
                0x080004ec                TIM5_IRQHandler
                0x080004ec                DMA2_Stream7_IRQHandler
                0x080004ec                I2C3_EV_IRQHandler
                0x080004ec                EXTI9_5_IRQHandler
                0x080004ec                RTC_WKUP_IRQHandler
                0x080004ec                ETH_WKUP_IRQHandler
                0x080004ec                SPI2_IRQHandler
                0x080004ec                OTG_HS_EP1_IN_IRQHandler
                0x080004ec                DMA1_Stream0_IRQHandler
                0x080004ec                CAN1_TX_IRQHandler
                0x080004ec                EXTI4_IRQHandler
                0x080004ec                FSMC_IRQHandler
                0x080004ec                ETH_IRQHandler
                0x080004ec                OTG_HS_EP1_OUT_IRQHandler
                0x080004ec                WWDG_IRQHandler
                0x080004ec                TIM2_IRQHandler
                0x080004ec                OTG_FS_WKUP_IRQHandler
                0x080004ec                TIM1_TRG_COM_TIM11_IRQHandler
                0x080004ec                OTG_HS_IRQHandler
                0x080004ec                EXTI1_IRQHandler
                0x080004ec                USART2_IRQHandler
                0x080004ec                I2C2_ER_IRQHandler
                0x080004ec                DMA2_Stream1_IRQHandler
                0x080004ec                CAN1_SCE_IRQHandler
                0x080004ec                FLASH_IRQHandler
                0x080004ec                DMA2_Stream4_IRQHandler
                0x080004ec                USART1_IRQHandler
                0x080004ec                OTG_FS_IRQHandler
                0x080004ec                SPI3_IRQHandler
                0x080004ec                DMA1_Stream4_IRQHandler
                0x080004ec                I2C1_ER_IRQHandler
                0x080004ec                DMA2_Stream6_IRQHandler
                0x080004ec                DMA1_Stream3_IRQHandler
 .text.main     0x080004f0      0x218 src\main.o
                0x080004f0                main
 .text.vMEMSTask
                0x08000708       0x44 src\main.o
 .text.vBALANCETask
                0x0800074c      0x1a8 src\main.o
 .text.vLEDTask
                0x080008f4       0x28 src\main.o
 .text.vSWITCHTask
                0x0800091c      0x14c src\main.o
 .text.vApplicationIdleHook
                0x08000a68       0x18 src\main.o
                0x08000a68                vApplicationIdleHook
 .text.vApplicationStackOverflowHook
                0x08000a80        0xc src\main.o
                0x08000a80                vApplicationStackOverflowHook
 .text.prvSetupHardware
                0x08000a8c       0x38 src\hw_config.o
                0x08000a8c                prvSetupHardware
 .text.prvLED_Config
                0x08000ac4       0xc4 src\hw_config.o
                0x08000ac4                prvLED_Config
 .text.prvMEMS_Config
                0x08000b88      0x124 src\hw_config.o
                0x08000b88                prvMEMS_Config
 .text.LIS302DL_TIMEOUT_UserCallback
                0x08000cac        0x8 src\hw_config.o
                0x08000cac                LIS302DL_TIMEOUT_UserCallback
 .text.prvTIM4_Config
                0x08000cb4      0x170 src\hw_config.o
                0x08000cb4                prvTIM4_Config
 .text.LIS302DL_Init
                0x08000e24       0x54 Utilities\stm32f4_discovery_lis302dl.o
                0x08000e24                LIS302DL_Init
 .text.LIS302DL_InterruptConfig
                0x08000e78       0x50 Utilities\stm32f4_discovery_lis302dl.o
                0x08000e78                LIS302DL_InterruptConfig
 .text.LIS302DL_Write
                0x08000ec8       0x70 Utilities\stm32f4_discovery_lis302dl.o
                0x08000ec8                LIS302DL_Write
 .text.LIS302DL_Read
                0x08000f38       0x80 Utilities\stm32f4_discovery_lis302dl.o
                0x08000f38                LIS302DL_Read
 .text.LIS302DL_LowLevel_Init
                0x08000fb8      0x1cc Utilities\stm32f4_discovery_lis302dl.o
 .text.LIS302DL_SendByte
                0x08001184       0xe4 Utilities\stm32f4_discovery_lis302dl.o
 .text.STM_EVAL_LEDToggle
                0x08001268       0x44 Utilities\stm32f4_discovery.o
                0x08001268                STM_EVAL_LEDToggle
 .text.STM_EVAL_PBInit
                0x080012ac       0xec Utilities\stm32f4_discovery.o
                0x080012ac                STM_EVAL_PBInit
 .text.TIM_TimeBaseInit
                0x08001398       0xf4 Libraries\STM32F4xx_StdPeriph_Driver\src\stm32f4xx_tim.o
                0x08001398                TIM_TimeBaseInit
 .text.TIM_ARRPreloadConfig
                0x0800148c       0x40 Libraries\STM32F4xx_StdPeriph_Driver\src\stm32f4xx_tim.o
                0x0800148c                TIM_ARRPreloadConfig
 .text.TIM_Cmd  0x080014cc       0x40 Libraries\STM32F4xx_StdPeriph_Driver\src\stm32f4xx_tim.o
                0x080014cc                TIM_Cmd
 .text.TIM_OC1Init
                0x0800150c       0xfc Libraries\STM32F4xx_StdPeriph_Driver\src\stm32f4xx_tim.o
                0x0800150c                TIM_OC1Init
 .text.TIM_OC2Init
                0x08001608      0x128 Libraries\STM32F4xx_StdPeriph_Driver\src\stm32f4xx_tim.o
                0x08001608                TIM_OC2Init
 .text.TIM_OC3Init
                0x08001730      0x120 Libraries\STM32F4xx_StdPeriph_Driver\src\stm32f4xx_tim.o
                0x08001730                TIM_OC3Init
 .text.TIM_OC4Init
                0x08001850       0xe0 Libraries\STM32F4xx_StdPeriph_Driver\src\stm32f4xx_tim.o
                0x08001850                TIM_OC4Init
 .text.TIM_SetCompare1
                0x08001930       0x1c Libraries\STM32F4xx_StdPeriph_Driver\src\stm32f4xx_tim.o
                0x08001930                TIM_SetCompare1
 .text.TIM_SetCompare2
                0x0800194c       0x1c Libraries\STM32F4xx_StdPeriph_Driver\src\stm32f4xx_tim.o
                0x0800194c                TIM_SetCompare2
 .text.TIM_SetCompare3
                0x08001968       0x1c Libraries\STM32F4xx_StdPeriph_Driver\src\stm32f4xx_tim.o
                0x08001968                TIM_SetCompare3
 .text.TIM_SetCompare4
                0x08001984       0x1c Libraries\STM32F4xx_StdPeriph_Driver\src\stm32f4xx_tim.o
                0x08001984                TIM_SetCompare4
 .text.TIM_OC1PreloadConfig
                0x080019a0       0x38 Libraries\STM32F4xx_StdPeriph_Driver\src\stm32f4xx_tim.o
                0x080019a0                TIM_OC1PreloadConfig
 .text.TIM_OC2PreloadConfig
                0x080019d8       0x40 Libraries\STM32F4xx_StdPeriph_Driver\src\stm32f4xx_tim.o
                0x080019d8                TIM_OC2PreloadConfig
 .text.TIM_OC3PreloadConfig
                0x08001a18       0x38 Libraries\STM32F4xx_StdPeriph_Driver\src\stm32f4xx_tim.o
                0x08001a18                TIM_OC3PreloadConfig
 .text.TIM_OC4PreloadConfig
                0x08001a50       0x40 Libraries\STM32F4xx_StdPeriph_Driver\src\stm32f4xx_tim.o
                0x08001a50                TIM_OC4PreloadConfig
 .text.TIM_CCxCmd
                0x08001a90       0x5c Libraries\STM32F4xx_StdPeriph_Driver\src\stm32f4xx_tim.o
                0x08001a90                TIM_CCxCmd
 .text.SYSCFG_EXTILineConfig
                0x08001aec       0xb0 Libraries\STM32F4xx_StdPeriph_Driver\src\stm32f4xx_syscfg.o
                0x08001aec                SYSCFG_EXTILineConfig
 .text.SPI_I2S_DeInit
                0x08001b9c       0x88 Libraries\STM32F4xx_StdPeriph_Driver\src\stm32f4xx_spi.o
                0x08001b9c                SPI_I2S_DeInit
 .text.SPI_Init
                0x08001c24       0x88 Libraries\STM32F4xx_StdPeriph_Driver\src\stm32f4xx_spi.o
                0x08001c24                SPI_Init
 .text.SPI_Cmd  0x08001cac       0x40 Libraries\STM32F4xx_StdPeriph_Driver\src\stm32f4xx_spi.o
                0x08001cac                SPI_Cmd
 .text.SPI_I2S_ReceiveData
                0x08001cec       0x1c Libraries\STM32F4xx_StdPeriph_Driver\src\stm32f4xx_spi.o
                0x08001cec                SPI_I2S_ReceiveData
 .text.SPI_I2S_SendData
                0x08001d08       0x1c Libraries\STM32F4xx_StdPeriph_Driver\src\stm32f4xx_spi.o
                0x08001d08                SPI_I2S_SendData
 .text.SPI_I2S_GetFlagStatus
                0x08001d24       0x40 Libraries\STM32F4xx_StdPeriph_Driver\src\stm32f4xx_spi.o
                0x08001d24                SPI_I2S_GetFlagStatus
 .text.RCC_AHB1PeriphClockCmd
                0x08001d64       0x54 Libraries\STM32F4xx_StdPeriph_Driver\src\stm32f4xx_rcc.o
                0x08001d64                RCC_AHB1PeriphClockCmd
 .text.RCC_APB1PeriphClockCmd
                0x08001db8       0x54 Libraries\STM32F4xx_StdPeriph_Driver\src\stm32f4xx_rcc.o
                0x08001db8                RCC_APB1PeriphClockCmd
 .text.RCC_APB2PeriphClockCmd
                0x08001e0c       0x54 Libraries\STM32F4xx_StdPeriph_Driver\src\stm32f4xx_rcc.o
                0x08001e0c                RCC_APB2PeriphClockCmd
 .text.RCC_APB1PeriphResetCmd
                0x08001e60       0x54 Libraries\STM32F4xx_StdPeriph_Driver\src\stm32f4xx_rcc.o
                0x08001e60                RCC_APB1PeriphResetCmd
 .text.RCC_APB2PeriphResetCmd
                0x08001eb4       0x54 Libraries\STM32F4xx_StdPeriph_Driver\src\stm32f4xx_rcc.o
                0x08001eb4                RCC_APB2PeriphResetCmd
 .text.GPIO_Init
                0x08001f08      0x144 Libraries\STM32F4xx_StdPeriph_Driver\src\stm32f4xx_gpio.o
                0x08001f08                GPIO_Init
 .text.GPIO_SetBits
                0x0800204c       0x1c Libraries\STM32F4xx_StdPeriph_Driver\src\stm32f4xx_gpio.o
                0x0800204c                GPIO_SetBits
 .text.GPIO_ResetBits
                0x08002068       0x1c Libraries\STM32F4xx_StdPeriph_Driver\src\stm32f4xx_gpio.o
                0x08002068                GPIO_ResetBits
 .text.GPIO_PinAFConfig
                0x08002084       0xa8 Libraries\STM32F4xx_StdPeriph_Driver\src\stm32f4xx_gpio.o
                0x08002084                GPIO_PinAFConfig
 .text.EXTI_Init
                0x0800212c      0x138 Libraries\STM32F4xx_StdPeriph_Driver\src\stm32f4xx_exti.o
                0x0800212c                EXTI_Init
 .text.EXTI_GetITStatus
                0x08002264       0x58 Libraries\STM32F4xx_StdPeriph_Driver\src\stm32f4xx_exti.o
                0x08002264                EXTI_GetITStatus
 .text.EXTI_ClearITPendingBit
                0x080022bc       0x20 Libraries\STM32F4xx_StdPeriph_Driver\src\stm32f4xx_exti.o
                0x080022bc                EXTI_ClearITPendingBit
 .text.NVIC_PriorityGroupConfig
                0x080022dc       0x28 Libraries\STM32F4xx_StdPeriph_Driver\src\misc.o
                0x080022dc                NVIC_PriorityGroupConfig
 .text.NVIC_Init
                0x08002304       0xe4 Libraries\STM32F4xx_StdPeriph_Driver\src\misc.o
                0x08002304                NVIC_Init
 .text.NVIC_SetVectorTable
                0x080023e8       0x2c Libraries\STM32F4xx_StdPeriph_Driver\src\misc.o
                0x080023e8                NVIC_SetVectorTable
 .text.xTimerCreateTimerTask
                0x08002414       0x70 FreeRTOS\timers.o
                0x08002414                xTimerCreateTimerTask
 .text.xTimerGenericCommand
                0x08002484       0xac FreeRTOS\timers.o
                0x08002484                xTimerGenericCommand
 .text.prvProcessExpiredTimer
                0x08002530       0x80 FreeRTOS\timers.o
 .text.prvTimerTask
                0x080025b0       0x24 FreeRTOS\timers.o
 .text.prvProcessTimerOrBlockTask
                0x080025d4       0x74 FreeRTOS\timers.o
 .text.prvGetNextExpireTime
                0x08002648       0x54 FreeRTOS\timers.o
 .text.prvSampleTimeNow
                0x0800269c       0x58 FreeRTOS\timers.o
 .text.prvInsertTimerInActiveList
                0x080026f4       0x94 FreeRTOS\timers.o
 .text.prvProcessReceivedCommands
                0x08002788      0x114 FreeRTOS\timers.o
 .text.prvSwitchTimerLists
                0x0800289c       0xec FreeRTOS\timers.o
 .text.prvCheckForValidListAndQueue
                0x08002988       0x70 FreeRTOS\timers.o
 .text.xTaskGenericCreate
                0x080029f8      0x1f4 FreeRTOS\tasks.o
                0x080029f8                xTaskGenericCreate
 .text.vTaskDelay
                0x08002bec       0x5c FreeRTOS\tasks.o
                0x08002bec                vTaskDelay
 .text.vTaskSuspend
                0x08002c48       0xc0 FreeRTOS\tasks.o
                0x08002c48                vTaskSuspend
 .text.xTaskIsTaskSuspended
                0x08002d08       0x60 FreeRTOS\tasks.o
                0x08002d08                xTaskIsTaskSuspended
 .text.vTaskResume
                0x08002d68       0xbc FreeRTOS\tasks.o
                0x08002d68                vTaskResume
 .text.vTaskStartScheduler
                0x08002e24       0x90 FreeRTOS\tasks.o
                0x08002e24                vTaskStartScheduler
 .text.vTaskSuspendAll
                0x08002eb4       0x24 FreeRTOS\tasks.o
                0x08002eb4                vTaskSuspendAll
 .text.xTaskResumeAll
                0x08002ed8      0x168 FreeRTOS\tasks.o
                0x08002ed8                xTaskResumeAll
 .text.xTaskGetTickCount
                0x08003040       0x28 FreeRTOS\tasks.o
                0x08003040                xTaskGetTickCount
 .text.vTaskIncrementTick
                0x08003068      0x1d0 FreeRTOS\tasks.o
                0x08003068                vTaskIncrementTick
 .text.vTaskSwitchContext
                0x08003238      0x15c FreeRTOS\tasks.o
                0x08003238                vTaskSwitchContext
 .text.vTaskPlaceOnEventList
                0x08003394       0x88 FreeRTOS\tasks.o
                0x08003394                vTaskPlaceOnEventList
 .text.vTaskPlaceOnEventListRestricted
                0x0800341c       0x64 FreeRTOS\tasks.o
                0x0800341c                vTaskPlaceOnEventListRestricted
 .text.xTaskRemoveFromEventList
                0x08003480       0xd4 FreeRTOS\tasks.o
                0x08003480                xTaskRemoveFromEventList
 .text.vTaskSetTimeOutState
                0x08003554       0x40 FreeRTOS\tasks.o
                0x08003554                vTaskSetTimeOutState
 .text.xTaskCheckForTimeOut
                0x08003594       0xc4 FreeRTOS\tasks.o
                0x08003594                xTaskCheckForTimeOut
 .text.vTaskMissedYield
                0x08003658       0x18 FreeRTOS\tasks.o
                0x08003658                vTaskMissedYield
 .text.prvIdleTask
                0x08003670       0x24 FreeRTOS\tasks.o
 .text.prvInitialiseTCBVariables
                0x08003694       0x74 FreeRTOS\tasks.o
 .text.prvInitialiseTaskLists
                0x08003708       0xa4 FreeRTOS\tasks.o
 .text.prvCheckTasksWaitingTermination
                0x080037ac       0x98 FreeRTOS\tasks.o
 .text.prvAddCurrentTaskToDelayedList
                0x08003844       0x8c FreeRTOS\tasks.o
 .text.prvAllocateTCBAndStack
                0x080038d0       0x70 FreeRTOS\tasks.o
 .text.prvDeleteTCB
                0x08003940       0x20 FreeRTOS\tasks.o
 .text.xTaskGetSchedulerState
                0x08003960       0x48 FreeRTOS\tasks.o
                0x08003960                xTaskGetSchedulerState
 .text.xQueueCreate
                0x080039a8       0xdc FreeRTOS\queue.o
                0x080039a8                xQueueCreate
 .text.xQueueGenericSend
                0x08003a84      0x154 FreeRTOS\queue.o
                0x08003a84                xQueueGenericSend
 .text.xQueueGenericSendFromISR
                0x08003bd8       0xd4 FreeRTOS\queue.o
                0x08003bd8                xQueueGenericSendFromISR
 .text.xQueueGenericReceive
                0x08003cac      0x190 FreeRTOS\queue.o
                0x08003cac                xQueueGenericReceive
 .text.prvCopyDataToQueue
                0x08003e3c       0xa8 FreeRTOS\queue.o
 .text.prvCopyDataFromQueue
                0x08003ee4       0x50 FreeRTOS\queue.o
 .text.prvUnlockQueue
                0x08003f34       0xa0 FreeRTOS\queue.o
 .text.prvIsQueueEmpty
                0x08003fd4       0x2c FreeRTOS\queue.o
 .text.prvIsQueueFull
                0x08004000       0x30 FreeRTOS\queue.o
 .text.vQueueWaitForMessageRestricted
                0x08004030       0x5c FreeRTOS\queue.o
                0x08004030                vQueueWaitForMessageRestricted
 .text.pxPortInitialiseStack
                0x0800408c       0x60 FreeRTOS\portable\port.o
                0x0800408c                pxPortInitialiseStack
 .text.SVC_Handler
                0x080040ec       0x20 FreeRTOS\portable\port.o
                0x080040ec                SVC_Handler
 .text.vPortStartFirstTask
                0x0800410c       0x14 FreeRTOS\portable\port.o
                0x0800410c                vPortStartFirstTask
 .text.xPortStartScheduler
                0x08004120       0x54 FreeRTOS\portable\port.o
                0x08004120                xPortStartScheduler
 .text.vPortYieldFromISR
                0x08004174       0x18 FreeRTOS\portable\port.o
                0x08004174                vPortYieldFromISR
 .text.vPortEnterCritical
                0x0800418c       0x2c FreeRTOS\portable\port.o
                0x0800418c                vPortEnterCritical
 .text.vPortExitCritical
                0x080041b8       0x38 FreeRTOS\portable\port.o
                0x080041b8                vPortExitCritical
 .text.PendSV_Handler
                0x080041f0       0x3c FreeRTOS\portable\port.o
                0x080041f0                PendSV_Handler
 .text.SysTick_Handler
                0x0800422c       0x38 FreeRTOS\portable\port.o
                0x0800422c                SysTick_Handler
 .text.prvSetupTimerInterrupt
                0x08004264       0x28 FreeRTOS\portable\port.o
 .text.pvPortMalloc
                0x0800428c      0x1b0 FreeRTOS\portable\MemMang\heap_2.o
                0x0800428c                pvPortMalloc
 .text.vPortFree
                0x0800443c       0x88 FreeRTOS\portable\MemMang\heap_2.o
                0x0800443c                vPortFree
 .text.xPortGetFreeHeapSize
                0x080044c4       0x18 FreeRTOS\portable\MemMang\heap_2.o
                0x080044c4                xPortGetFreeHeapSize
 .text.vListInitialise
                0x080044dc       0x40 FreeRTOS\list.o
                0x080044dc                vListInitialise
 .text.vListInitialiseItem
                0x0800451c       0x1c FreeRTOS\list.o
                0x0800451c                vListInitialiseItem
 .text.vListInsertEnd
                0x08004538       0x50 FreeRTOS\list.o
                0x08004538                vListInsertEnd
 .text.vListInsert
                0x08004588       0x74 FreeRTOS\list.o
                0x08004588                vListInsert
 .text.vListRemove
                0x080045fc       0x54 FreeRTOS\list.o
                0x080045fc                vListRemove
 .text.__libc_init_array
                0x08004650       0x4c c:/program files (x86)/atollic/truestudio for arm lite 4.1.0/armtools/bin/../lib/gcc/arm-atollic-eabi/4.7.3/../../../../arm-atollic-eabi/lib/armv7e-m/fpv4-sp-d16\libc.a(lib_a-init.o)
                0x08004650                __libc_init_array
 .text.memcmp   0x0800469c       0x1e c:/program files (x86)/atollic/truestudio for arm lite 4.1.0/armtools/bin/../lib/gcc/arm-atollic-eabi/4.7.3/../../../../arm-atollic-eabi/lib/armv7e-m/fpv4-sp-d16\libc.a(lib_a-memcmp.o)
                0x0800469c                memcmp
 .text.memcpy   0x080046ba       0x12 c:/program files (x86)/atollic/truestudio for arm lite 4.1.0/armtools/bin/../lib/gcc/arm-atollic-eabi/4.7.3/../../../../arm-atollic-eabi/lib/armv7e-m/fpv4-sp-d16\libc.a(lib_a-memcpy.o)
                0x080046ba                memcpy
 .text.memset   0x080046cc       0x10 c:/program files (x86)/atollic/truestudio for arm lite 4.1.0/armtools/bin/../lib/gcc/arm-atollic-eabi/4.7.3/../../../../arm-atollic-eabi/lib/armv7e-m/fpv4-sp-d16\libc.a(lib_a-memset.o)
                0x080046cc                memset
 .text.strncpy  0x080046dc       0x2a c:/program files (x86)/atollic/truestudio for arm lite 4.1.0/armtools/bin/../lib/gcc/arm-atollic-eabi/4.7.3/../../../../arm-atollic-eabi/lib/armv7e-m/fpv4-sp-d16\libc.a(lib_a-strncpy.o)
                0x080046dc                strncpy
 *(.rodata)
 *fill*         0x08004706        0x2 00
 .rodata        0x08004708       0x38 src\main.o
 .rodata        0x08004740        0x8 FreeRTOS\timers.o
 .rodata        0x08004748        0x8 FreeRTOS\tasks.o
 *(.rodata*)
 .rodata.LEDS   0x08004750       0x20 src\main.o
 .rodata.GPIO_PIN
                0x08004770        0x8 Utilities\stm32f4_discovery.o
                0x08004770                GPIO_PIN
 .rodata.BUTTON_PIN
                0x08004778        0x4 Utilities\stm32f4_discovery.o
                0x08004778                BUTTON_PIN
 .rodata.BUTTON_CLK
                0x0800477c        0x4 Utilities\stm32f4_discovery.o
                0x0800477c                BUTTON_CLK
 .rodata.BUTTON_EXTI_LINE
                0x08004780        0x4 Utilities\stm32f4_discovery.o
                0x08004780                BUTTON_EXTI_LINE
 .rodata.BUTTON_PORT_SOURCE
                0x08004784        0x4 Utilities\stm32f4_discovery.o
                0x08004784                BUTTON_PORT_SOURCE
 .rodata.BUTTON_PIN_SOURCE
                0x08004788        0x4 Utilities\stm32f4_discovery.o
                0x08004788                BUTTON_PIN_SOURCE
 .rodata.BUTTON_IRQn
                0x0800478c        0x4 Utilities\stm32f4_discovery.o
                0x0800478c                BUTTON_IRQn
 .rodata.ucExpectedStackBytes.5898
                0x08004790       0x14 FreeRTOS\tasks.o
 .rodata.heapSTRUCT_SIZE
                0x080047a4        0x2 FreeRTOS\portable\MemMang\heap_2.o
 *(.glue_7)
 .glue_7        0x00000000        0x0 linker stubs
 *(.glue_7t)
 .glue_7t       0x00000000        0x0 linker stubs
 *(.eh_frame)
 *fill*         0x080047a6        0x2 00
 .eh_frame      0x080047a8        0x0 c:/program files (x86)/atollic/truestudio for arm lite 4.1.0/armtools/bin/../lib/gcc/arm-atollic-eabi/4.7.3/armv7e-m/fpv4-sp-d16/crtbegin.o
 *(.init)
 .init          0x080047a8        0x4 c:/program files (x86)/atollic/truestudio for arm lite 4.1.0/armtools/bin/../lib/gcc/arm-atollic-eabi/4.7.3/armv7e-m/fpv4-sp-d16/crti.o
                0x080047a8                _init
 .init          0x080047ac        0x8 c:/program files (x86)/atollic/truestudio for arm lite 4.1.0/armtools/bin/../lib/gcc/arm-atollic-eabi/4.7.3/armv7e-m/fpv4-sp-d16/crtn.o
 *(.fini)
 .fini          0x080047b4        0x4 c:/program files (x86)/atollic/truestudio for arm lite 4.1.0/armtools/bin/../lib/gcc/arm-atollic-eabi/4.7.3/armv7e-m/fpv4-sp-d16/crti.o
                0x080047b4                _fini
 .fini          0x080047b8        0x8 c:/program files (x86)/atollic/truestudio for arm lite 4.1.0/armtools/bin/../lib/gcc/arm-atollic-eabi/4.7.3/armv7e-m/fpv4-sp-d16/crtn.o
                0x080047c0                . = ALIGN (0x4)
                0x080047c0                _etext = .

.vfp11_veneer   0x080047c0        0x0
 .vfp11_veneer  0x00000000        0x0 linker stubs

.v4_bx          0x080047c0        0x0
 .v4_bx         0x00000000        0x0 linker stubs

.iplt           0x080047c0        0x0
 .iplt          0x00000000        0x0 c:/program files (x86)/atollic/truestudio for arm lite 4.1.0/armtools/bin/../lib/gcc/arm-atollic-eabi/4.7.3/armv7e-m/fpv4-sp-d16/crtbegin.o

.rel.dyn        0x080047c0        0x0
 .rel.iplt      0x00000000        0x0 c:/program files (x86)/atollic/truestudio for arm lite 4.1.0/armtools/bin/../lib/gcc/arm-atollic-eabi/4.7.3/armv7e-m/fpv4-sp-d16/crtbegin.o

.ARM.extab
 *(.ARM.extab* .gnu.linkonce.armextab.*)

.ARM            0x080047c0        0x0
                0x080047c0                __exidx_start = .
 *(.ARM.exidx*)
                0x080047c0                __exidx_end = .

.preinit_array  0x080047c0        0x0
                0x080047c0                PROVIDE (__preinit_array_start, .)
 *(.preinit_array*)
                0x080047c0                PROVIDE (__preinit_array_end, .)

.init_array     0x080047c0        0x4
                0x080047c0                PROVIDE (__init_array_start, .)
 *(SORT(.init_array.*))
 *(.init_array*)
 .init_array    0x080047c0        0x4 c:/program files (x86)/atollic/truestudio for arm lite 4.1.0/armtools/bin/../lib/gcc/arm-atollic-eabi/4.7.3/armv7e-m/fpv4-sp-d16/crtbegin.o
                0x080047c4                PROVIDE (__init_array_end, .)

.fini_array     0x080047c4        0x4
                0x080047c4                PROVIDE (__fini_array_start, .)
 *(.fini_array*)
 .fini_array    0x080047c4        0x4 c:/program files (x86)/atollic/truestudio for arm lite 4.1.0/armtools/bin/../lib/gcc/arm-atollic-eabi/4.7.3/armv7e-m/fpv4-sp-d16/crtbegin.o
 *(SORT(.fini_array.*))
                0x080047c8                PROVIDE (__fini_array_end, .)
                0x080047c8                _sidata = .

.data           0x20000000       0x28 load address 0x080047c8
                0x20000000                . = ALIGN (0x4)
                0x20000000                _sdata = .
 *(.data)
 *(.data*)
 .data.SystemCoreClock
                0x20000000        0x4 src\system_stm32f4xx.o
                0x20000000                SystemCoreClock
 .data.LIS302DLTimeout
                0x20000004        0x4 Utilities\stm32f4_discovery_lis302dl.o
                0x20000004                LIS302DLTimeout
 .data.GPIO_PORT
                0x20000008       0x10 Utilities\stm32f4_discovery.o
                0x20000008                GPIO_PORT
 .data.BUTTON_PORT
                0x20000018        0x4 Utilities\stm32f4_discovery.o
                0x20000018                BUTTON_PORT
 .data.xNextTaskUnblockTime
                0x2000001c        0x4 FreeRTOS\tasks.o
 .data.uxCriticalNesting
                0x20000020        0x4 FreeRTOS\portable\port.o
 .data.xFreeBytesRemaining
                0x20000024        0x4 FreeRTOS\portable\MemMang\heap_2.o
                0x20000028                . = ALIGN (0x4)
                0x20000028                _edata = .

.jcr            0x20000028        0x0 load address 0x080047f0
 .jcr           0x20000028        0x0 c:/program files (x86)/atollic/truestudio for arm lite 4.1.0/armtools/bin/../lib/gcc/arm-atollic-eabi/4.7.3/armv7e-m/fpv4-sp-d16/crtbegin.o

.igot.plt       0x20000028        0x0 load address 0x080047f0
 .igot.plt      0x00000000        0x0 c:/program files (x86)/atollic/truestudio for arm lite 4.1.0/armtools/bin/../lib/gcc/arm-atollic-eabi/4.7.3/armv7e-m/fpv4-sp-d16/crtbegin.o
                0x20000028                . = ALIGN (0x4)

.bss            0x20000028     0xc994 load address 0x080047f0
                0x20000028                _sbss = .
                0x20000028                __bss_start__ = _sbss
 *(.bss)
 .bss           0x20000028       0x1c c:/program files (x86)/atollic/truestudio for arm lite 4.1.0/armtools/bin/../lib/gcc/arm-atollic-eabi/4.7.3/armv7e-m/fpv4-sp-d16/crtbegin.o
 *(.bss*)
 .bss.xSemaphoreSW
                0x20000044        0x4 src\main.o
                0x20000044                xSemaphoreSW
 .bss.i.7651    0x20000048        0x4 src\main.o
 .bss.xActiveTimerList1
                0x2000004c       0x14 FreeRTOS\timers.o
 .bss.xActiveTimerList2
                0x20000060       0x14 FreeRTOS\timers.o
 .bss.pxCurrentTimerList
                0x20000074        0x4 FreeRTOS\timers.o
 .bss.pxOverflowTimerList
                0x20000078        0x4 FreeRTOS\timers.o
 .bss.xTimerQueue
                0x2000007c        0x4 FreeRTOS\timers.o
 .bss.xLastTime.4405
                0x20000080        0x4 FreeRTOS\timers.o
 .bss.pxCurrentTCB
                0x20000084        0x4 FreeRTOS\tasks.o
                0x20000084                pxCurrentTCB
 .bss.pxReadyTasksLists
                0x20000088       0x64 FreeRTOS\tasks.o
 .bss.xDelayedTaskList1
                0x200000ec       0x14 FreeRTOS\tasks.o
 .bss.xDelayedTaskList2
                0x20000100       0x14 FreeRTOS\tasks.o
 .bss.pxDelayedTaskList
                0x20000114        0x4 FreeRTOS\tasks.o
 .bss.pxOverflowDelayedTaskList
                0x20000118        0x4 FreeRTOS\tasks.o
 .bss.xPendingReadyList
                0x2000011c       0x14 FreeRTOS\tasks.o
 .bss.xTasksWaitingTermination
                0x20000130       0x14 FreeRTOS\tasks.o
 .bss.uxTasksDeleted
                0x20000144        0x4 FreeRTOS\tasks.o
 .bss.xSuspendedTaskList
                0x20000148       0x14 FreeRTOS\tasks.o
 .bss.uxCurrentNumberOfTasks
                0x2000015c        0x4 FreeRTOS\tasks.o
 .bss.xTickCount
                0x20000160        0x4 FreeRTOS\tasks.o
 .bss.uxTopUsedPriority
                0x20000164        0x4 FreeRTOS\tasks.o
 .bss.uxTopReadyPriority
                0x20000168        0x4 FreeRTOS\tasks.o
 .bss.xSchedulerRunning
                0x2000016c        0x4 FreeRTOS\tasks.o
 .bss.uxSchedulerSuspended
                0x20000170        0x4 FreeRTOS\tasks.o
 .bss.uxMissedTicks
                0x20000174        0x4 FreeRTOS\tasks.o
 .bss.xMissedYield
                0x20000178        0x4 FreeRTOS\tasks.o
 .bss.xNumOfOverflows
                0x2000017c        0x4 FreeRTOS\tasks.o
 .bss.uxTaskNumber
                0x20000180        0x4 FreeRTOS\tasks.o
 *fill*         0x20000184        0x4 00
 .bss.xHeap     0x20000188     0xc800 FreeRTOS\portable\MemMang\heap_2.o
 .bss.xStart    0x2000c988        0x8 FreeRTOS\portable\MemMang\heap_2.o
 .bss.xEnd      0x2000c990        0x8 FreeRTOS\portable\MemMang\heap_2.o
 .bss.xHeapHasBeenInitialised.4818
                0x2000c998        0x4 FreeRTOS\portable\MemMang\heap_2.o
 *(COMMON)
 COMMON         0x2000c99c        0x4 src\stm32f4xx_it.o
                0x2000c99c                xHigherPriorityTaskWoken
 COMMON         0x2000c9a0       0x1c src\main.o
                0x2000c9a0                xMEMS_Task
                0x2000c9a4                xLED_Tasks
                0x2000c9b4                xQueue
                0x2000c9b8                xBALANCE_Task
                0x2000c9bc                . = ALIGN (0x4)
                0x2000c9bc                _ebss = .
                0x2000c9bc                __bss_end__ = _ebss

._user_heap_stack
                0x2000c9bc      0x400 load address 0x080047f0
                0x2000c9bc                . = ALIGN (0x4)
                0x2000c9bc                PROVIDE (end, .)
                0x2000c9bc                PROVIDE (_end, .)
                0x2000c9bc                . = (. + _Min_Heap_Size)
                0x2000cdbc                . = (. + _Min_Stack_Size)
 *fill*         0x2000c9bc      0x400 00
                0x2000cdbc                . = ALIGN (0x4)

.memory_b1_text
 *(.mb1text)
 *(.mb1text*)
 *(.mb1rodata)
 *(.mb1rodata*)

/DISCARD/
 libc.a(*)
 libm.a(*)
 libgcc.a(*)

.ARM.attributes
                0x00000000       0x30
 *(.ARM.attributes)
 .ARM.attributes
                0x00000000       0x24 c:/program files (x86)/atollic/truestudio for arm lite 4.1.0/armtools/bin/../lib/gcc/arm-atollic-eabi/4.7.3/armv7e-m/fpv4-sp-d16/crti.o
 .ARM.attributes
                0x00000024       0x2e c:/program files (x86)/atollic/truestudio for arm lite 4.1.0/armtools/bin/../lib/gcc/arm-atollic-eabi/4.7.3/armv7e-m/fpv4-sp-d16/crtbegin.o
 .ARM.attributes
                0x00000052       0x33 src\system_stm32f4xx.o
 .ARM.attributes
                0x00000085       0x33 src\stm32f4xx_it.o
 .ARM.attributes
                0x000000b8       0x21 src\startup_stm32f4xx.o
 .ARM.attributes
                0x000000d9       0x33 src\main.o
 .ARM.attributes
                0x0000010c       0x33 src\hw_config.o
 .ARM.attributes
                0x0000013f       0x33 Utilities\stm32f4_discovery_lis302dl.o
 .ARM.attributes
                0x00000172       0x33 Utilities\stm32f4_discovery.o
 .ARM.attributes
                0x000001a5       0x33 Libraries\STM32F4xx_StdPeriph_Driver\src\stm32f4xx_tim.o
 .ARM.attributes
                0x000001d8       0x33 Libraries\STM32F4xx_StdPeriph_Driver\src\stm32f4xx_syscfg.o
 .ARM.attributes
                0x0000020b       0x33 Libraries\STM32F4xx_StdPeriph_Driver\src\stm32f4xx_spi.o
 .ARM.attributes
                0x0000023e       0x33 Libraries\STM32F4xx_StdPeriph_Driver\src\stm32f4xx_rcc.o
 .ARM.attributes
                0x00000271       0x33 Libraries\STM32F4xx_StdPeriph_Driver\src\stm32f4xx_gpio.o
 .ARM.attributes
                0x000002a4       0x33 Libraries\STM32F4xx_StdPeriph_Driver\src\stm32f4xx_exti.o
 .ARM.attributes
                0x000002d7       0x33 Libraries\STM32F4xx_StdPeriph_Driver\src\misc.o
 .ARM.attributes
                0x0000030a       0x33 FreeRTOS\timers.o
 .ARM.attributes
                0x0000033d       0x33 FreeRTOS\tasks.o
 .ARM.attributes
                0x00000370       0x33 FreeRTOS\queue.o
 .ARM.attributes
                0x000003a3       0x33 FreeRTOS\portable\port.o
 .ARM.attributes
                0x000003d6       0x33 FreeRTOS\portable\MemMang\heap_2.o
 .ARM.attributes
                0x00000409       0x33 FreeRTOS\list.o
 .ARM.attributes
                0x0000043c       0x2e c:/program files (x86)/atollic/truestudio for arm lite 4.1.0/armtools/bin/../lib/gcc/arm-atollic-eabi/4.7.3/../../../../arm-atollic-eabi/lib/armv7e-m/fpv4-sp-d16\libc.a(lib_a-init.o)
 .ARM.attributes
                0x0000046a       0x2e c:/program files (x86)/atollic/truestudio for arm lite 4.1.0/armtools/bin/../lib/gcc/arm-atollic-eabi/4.7.3/../../../../arm-atollic-eabi/lib/armv7e-m/fpv4-sp-d16\libc.a(lib_a-memcmp.o)
 .ARM.attributes
                0x00000498       0x2e c:/program files (x86)/atollic/truestudio for arm lite 4.1.0/armtools/bin/../lib/gcc/arm-atollic-eabi/4.7.3/../../../../arm-atollic-eabi/lib/armv7e-m/fpv4-sp-d16\libc.a(lib_a-memcpy.o)
 .ARM.attributes
                0x000004c6       0x2e c:/program files (x86)/atollic/truestudio for arm lite 4.1.0/armtools/bin/../lib/gcc/arm-atollic-eabi/4.7.3/../../../../arm-atollic-eabi/lib/armv7e-m/fpv4-sp-d16\libc.a(lib_a-memset.o)
 .ARM.attributes
                0x000004f4       0x2e c:/program files (x86)/atollic/truestudio for arm lite 4.1.0/armtools/bin/../lib/gcc/arm-atollic-eabi/4.7.3/../../../../arm-atollic-eabi/lib/armv7e-m/fpv4-sp-d16\libc.a(lib_a-strncpy.o)
 .ARM.attributes
                0x00000522       0x24 c:/program files (x86)/atollic/truestudio for arm lite 4.1.0/armtools/bin/../lib/gcc/arm-atollic-eabi/4.7.3/armv7e-m/fpv4-sp-d16/crtn.o
OUTPUT(F4_FreeRTOS1.elf elf32-littlearm)

.debug_info     0x00000000     0x9475
 .debug_info    0x00000000      0x5f9 src\system_stm32f4xx.o
 .debug_info    0x000005f9      0x187 src\stm32f4xx_it.o
 .debug_info    0x00000780       0x80 src\startup_stm32f4xx.o
 .debug_info    0x00000800      0x5d4 src\main.o
 .debug_info    0x00000dd4      0x76a src\hw_config.o
 .debug_info    0x0000153e      0x83c Utilities\stm32f4_discovery_lis302dl.o
 .debug_info    0x00001d7a      0x8be Utilities\stm32f4_discovery.o
 .debug_info    0x00002638     0x1e81 Libraries\STM32F4xx_StdPeriph_Driver\src\stm32f4xx_tim.o
 .debug_info    0x000044b9      0x27d Libraries\STM32F4xx_StdPeriph_Driver\src\stm32f4xx_syscfg.o
 .debug_info    0x00004736      0xbe2 Libraries\STM32F4xx_StdPeriph_Driver\src\stm32f4xx_spi.o
 .debug_info    0x00005318      0xd4d Libraries\STM32F4xx_StdPeriph_Driver\src\stm32f4xx_rcc.o
 .debug_info    0x00006065      0x644 Libraries\STM32F4xx_StdPeriph_Driver\src\stm32f4xx_gpio.o
 .debug_info    0x000066a9      0x377 Libraries\STM32F4xx_StdPeriph_Driver\src\stm32f4xx_exti.o
 .debug_info    0x00006a20      0x596 Libraries\STM32F4xx_StdPeriph_Driver\src\misc.o
 .debug_info    0x00006fb6      0x746 FreeRTOS\timers.o
 .debug_info    0x000076fc      0xe45 FreeRTOS\tasks.o
 .debug_info    0x00008541      0x7cf FreeRTOS\queue.o
 .debug_info    0x00008d10      0x1ed FreeRTOS\portable\port.o
 .debug_info    0x00008efd      0x2c2 FreeRTOS\portable\MemMang\heap_2.o
 .debug_info    0x000091bf      0x2b6 FreeRTOS\list.o

.debug_abbrev   0x00000000     0x1b0d
 .debug_abbrev  0x00000000      0x13a src\system_stm32f4xx.o
 .debug_abbrev  0x0000013a       0xc9 src\stm32f4xx_it.o
 .debug_abbrev  0x00000203       0x12 src\startup_stm32f4xx.o
 .debug_abbrev  0x00000215      0x1a0 src\main.o
 .debug_abbrev  0x000003b5      0x164 src\hw_config.o
 .debug_abbrev  0x00000519      0x1bd Utilities\stm32f4_discovery_lis302dl.o
 .debug_abbrev  0x000006d6      0x187 Utilities\stm32f4_discovery.o
 .debug_abbrev  0x0000085d      0x18b Libraries\STM32F4xx_StdPeriph_Driver\src\stm32f4xx_tim.o
 .debug_abbrev  0x000009e8      0x135 Libraries\STM32F4xx_StdPeriph_Driver\src\stm32f4xx_syscfg.o
 .debug_abbrev  0x00000b1d      0x16b Libraries\STM32F4xx_StdPeriph_Driver\src\stm32f4xx_spi.o
 .debug_abbrev  0x00000c88      0x1e7 Libraries\STM32F4xx_StdPeriph_Driver\src\stm32f4xx_rcc.o
 .debug_abbrev  0x00000e6f      0x1a7 Libraries\STM32F4xx_StdPeriph_Driver\src\stm32f4xx_gpio.o
 .debug_abbrev  0x00001016      0x1a9 Libraries\STM32F4xx_StdPeriph_Driver\src\stm32f4xx_exti.o
 .debug_abbrev  0x000011bf      0x12b Libraries\STM32F4xx_StdPeriph_Driver\src\misc.o
 .debug_abbrev  0x000012ea      0x177 FreeRTOS\timers.o
 .debug_abbrev  0x00001461      0x1e2 FreeRTOS\tasks.o
 .debug_abbrev  0x00001643      0x16e FreeRTOS\queue.o
 .debug_abbrev  0x000017b1      0x134 FreeRTOS\portable\port.o
 .debug_abbrev  0x000018e5      0x16a FreeRTOS\portable\MemMang\heap_2.o
 .debug_abbrev  0x00001a4f       0xbe FreeRTOS\list.o

.debug_loc      0x00000000     0x43fc
 .debug_loc     0x00000000       0x9c src\system_stm32f4xx.o
 .debug_loc     0x0000009c      0x134 src\stm32f4xx_it.o
 .debug_loc     0x000001d0      0x1b4 src\main.o
 .debug_loc     0x00000384      0x100 src\hw_config.o
 .debug_loc     0x00000484      0x2a0 Utilities\stm32f4_discovery_lis302dl.o
 .debug_loc     0x00000724      0x150 Utilities\stm32f4_discovery.o
 .debug_loc     0x00000874     0x1420 Libraries\STM32F4xx_StdPeriph_Driver\src\stm32f4xx_tim.o
 .debug_loc     0x00001c94      0x144 Libraries\STM32F4xx_StdPeriph_Driver\src\stm32f4xx_syscfg.o
 .debug_loc     0x00001dd8      0x578 Libraries\STM32F4xx_StdPeriph_Driver\src\stm32f4xx_spi.o
 .debug_loc     0x00002350      0x97c Libraries\STM32F4xx_StdPeriph_Driver\src\stm32f4xx_rcc.o
 .debug_loc     0x00002ccc      0x310 Libraries\STM32F4xx_StdPeriph_Driver\src\stm32f4xx_gpio.o
 .debug_loc     0x00002fdc      0x1b4 Libraries\STM32F4xx_StdPeriph_Driver\src\stm32f4xx_exti.o
 .debug_loc     0x00003190      0x118 Libraries\STM32F4xx_StdPeriph_Driver\src\misc.o
 .debug_loc     0x000032a8      0x304 FreeRTOS\timers.o
 .debug_loc     0x000035ac      0x740 FreeRTOS\tasks.o
 .debug_loc     0x00003cec      0x3b8 FreeRTOS\queue.o
 .debug_loc     0x000040a4      0x178 FreeRTOS\portable\port.o
 .debug_loc     0x0000421c       0xc8 FreeRTOS\portable\MemMang\heap_2.o
 .debug_loc     0x000042e4      0x118 FreeRTOS\list.o

.debug_aranges  0x00000000      0xbf0
 .debug_aranges
                0x00000000       0x30 src\system_stm32f4xx.o
 .debug_aranges
                0x00000030       0x50 src\stm32f4xx_it.o
 .debug_aranges
                0x00000080       0x28 src\startup_stm32f4xx.o
 .debug_aranges
                0x000000a8       0x58 src\main.o
 .debug_aranges
                0x00000100       0x40 src\hw_config.o
 .debug_aranges
                0x00000140       0x78 Utilities\stm32f4_discovery_lis302dl.o
 .debug_aranges
                0x000001b8       0x48 Utilities\stm32f4_discovery.o
 .debug_aranges
                0x00000200      0x2f8 Libraries\STM32F4xx_StdPeriph_Driver\src\stm32f4xx_tim.o
 .debug_aranges
                0x000004f8       0x48 Libraries\STM32F4xx_StdPeriph_Driver\src\stm32f4xx_syscfg.o
 .debug_aranges
                0x00000540       0xe0 Libraries\STM32F4xx_StdPeriph_Driver\src\stm32f4xx_spi.o
 .debug_aranges
                0x00000620      0x178 Libraries\STM32F4xx_StdPeriph_Driver\src\stm32f4xx_rcc.o
 .debug_aranges
                0x00000798       0x88 Libraries\STM32F4xx_StdPeriph_Driver\src\stm32f4xx_gpio.o
 .debug_aranges
                0x00000820       0x58 Libraries\STM32F4xx_StdPeriph_Driver\src\stm32f4xx_exti.o
 .debug_aranges
                0x00000878       0x40 Libraries\STM32F4xx_StdPeriph_Driver\src\misc.o
 .debug_aranges
                0x000008b8       0x88 FreeRTOS\timers.o
 .debug_aranges
                0x00000940      0x128 FreeRTOS\tasks.o
 .debug_aranges
                0x00000a68       0xa0 FreeRTOS\queue.o
 .debug_aranges
                0x00000b08       0x70 FreeRTOS\portable\port.o
 .debug_aranges
                0x00000b78       0x38 FreeRTOS\portable\MemMang\heap_2.o
 .debug_aranges
                0x00000bb0       0x40 FreeRTOS\list.o

.debug_ranges   0x00000000      0xab8
 .debug_ranges  0x00000000       0x20 src\system_stm32f4xx.o
 .debug_ranges  0x00000020       0x40 src\stm32f4xx_it.o
 .debug_ranges  0x00000060       0x20 src\startup_stm32f4xx.o
 .debug_ranges  0x00000080       0x48 src\main.o
 .debug_ranges  0x000000c8       0x30 src\hw_config.o
 .debug_ranges  0x000000f8       0x68 Utilities\stm32f4_discovery_lis302dl.o
 .debug_ranges  0x00000160       0x38 Utilities\stm32f4_discovery.o
 .debug_ranges  0x00000198      0x2e8 Libraries\STM32F4xx_StdPeriph_Driver\src\stm32f4xx_tim.o
 .debug_ranges  0x00000480       0x38 Libraries\STM32F4xx_StdPeriph_Driver\src\stm32f4xx_syscfg.o
 .debug_ranges  0x000004b8       0xd0 Libraries\STM32F4xx_StdPeriph_Driver\src\stm32f4xx_spi.o
 .debug_ranges  0x00000588      0x168 Libraries\STM32F4xx_StdPeriph_Driver\src\stm32f4xx_rcc.o
 .debug_ranges  0x000006f0       0x78 Libraries\STM32F4xx_StdPeriph_Driver\src\stm32f4xx_gpio.o
 .debug_ranges  0x00000768       0x48 Libraries\STM32F4xx_StdPeriph_Driver\src\stm32f4xx_exti.o
 .debug_ranges  0x000007b0       0x30 Libraries\STM32F4xx_StdPeriph_Driver\src\misc.o
 .debug_ranges  0x000007e0       0x78 FreeRTOS\timers.o
 .debug_ranges  0x00000858      0x118 FreeRTOS\tasks.o
 .debug_ranges  0x00000970       0x90 FreeRTOS\queue.o
 .debug_ranges  0x00000a00       0x60 FreeRTOS\portable\port.o
 .debug_ranges  0x00000a60       0x28 FreeRTOS\portable\MemMang\heap_2.o
 .debug_ranges  0x00000a88       0x30 FreeRTOS\list.o

.debug_line     0x00000000     0x3e08
 .debug_line    0x00000000      0x1b6 src\system_stm32f4xx.o
 .debug_line    0x000001b6      0x1ed src\stm32f4xx_it.o
 .debug_line    0x000003a3       0x7c src\startup_stm32f4xx.o
 .debug_line    0x0000041f      0x324 src\main.o
 .debug_line    0x00000743      0x28a src\hw_config.o
 .debug_line    0x000009cd      0x352 Utilities\stm32f4_discovery_lis302dl.o
 .debug_line    0x00000d1f      0x236 Utilities\stm32f4_discovery.o
 .debug_line    0x00000f55      0xa24 Libraries\STM32F4xx_StdPeriph_Driver\src\stm32f4xx_tim.o
 .debug_line    0x00001979      0x1d1 Libraries\STM32F4xx_StdPeriph_Driver\src\stm32f4xx_syscfg.o
 .debug_line    0x00001b4a      0x3fe Libraries\STM32F4xx_StdPeriph_Driver\src\stm32f4xx_spi.o
 .debug_line    0x00001f48      0x546 Libraries\STM32F4xx_StdPeriph_Driver\src\stm32f4xx_rcc.o
 .debug_line    0x0000248e      0x2ea Libraries\STM32F4xx_StdPeriph_Driver\src\stm32f4xx_gpio.o
 .debug_line    0x00002778      0x250 Libraries\STM32F4xx_StdPeriph_Driver\src\stm32f4xx_exti.o
 .debug_line    0x000029c8      0x1f0 Libraries\STM32F4xx_StdPeriph_Driver\src\misc.o
 .debug_line    0x00002bb8      0x286 FreeRTOS\timers.o
 .debug_line    0x00002e3e      0x796 FreeRTOS\tasks.o
 .debug_line    0x000035d4      0x486 FreeRTOS\queue.o
 .debug_line    0x00003a5a      0x147 FreeRTOS\portable\port.o
 .debug_line    0x00003ba1      0x16e FreeRTOS\portable\MemMang\heap_2.o
 .debug_line    0x00003d0f       0xf9 FreeRTOS\list.o

.debug_str      0x00000000     0x3cb9
 .debug_str     0x00000000      0x308 src\system_stm32f4xx.o
                                0x362 (size before relaxing)
 .debug_str     0x00000308       0xb7 src\stm32f4xx_it.o
                                0x20b (size before relaxing)
 .debug_str     0x000003bf      0x20a src\main.o
                                0x3cf (size before relaxing)
 .debug_str     0x000005c9      0x437 src\hw_config.o
                                0x681 (size before relaxing)
 .debug_str     0x00000a00      0x2f9 Utilities\stm32f4_discovery_lis302dl.o
                                0x70f (size before relaxing)
 .debug_str     0x00000cf9      0x7ae Utilities\stm32f4_discovery.o
                                0xaee (size before relaxing)
 .debug_str     0x000014a7      0xa04 Libraries\STM32F4xx_StdPeriph_Driver\src\stm32f4xx_tim.o
                                0xda7 (size before relaxing)
 .debug_str     0x00001eab      0x156 Libraries\STM32F4xx_StdPeriph_Driver\src\stm32f4xx_syscfg.o
                                0x2d6 (size before relaxing)
 .debug_str     0x00002001      0x2fd Libraries\STM32F4xx_StdPeriph_Driver\src\stm32f4xx_spi.o
                                0x661 (size before relaxing)
 .debug_str     0x000022fe      0x55c Libraries\STM32F4xx_StdPeriph_Driver\src\stm32f4xx_rcc.o
                                0x827 (size before relaxing)
 .debug_str     0x0000285a      0x190 Libraries\STM32F4xx_StdPeriph_Driver\src\stm32f4xx_gpio.o
                                0x47a (size before relaxing)
 .debug_str     0x000029ea       0xf3 Libraries\STM32F4xx_StdPeriph_Driver\src\stm32f4xx_exti.o
                                0x345 (size before relaxing)
 .debug_str     0x00002add      0x147 Libraries\STM32F4xx_StdPeriph_Driver\src\misc.o
                                0x3b0 (size before relaxing)
 .debug_str     0x00002c24      0x3f1 FreeRTOS\timers.o
                                0x52d (size before relaxing)
 .debug_str     0x00003015      0x6ac FreeRTOS\tasks.o
                                0x8cf (size before relaxing)
 .debug_str     0x000036c1      0x2de FreeRTOS\queue.o
                                0x53a (size before relaxing)
 .debug_str     0x0000399f      0x117 FreeRTOS\portable\port.o
                                0x224 (size before relaxing)
 .debug_str     0x00003ab6      0x168 FreeRTOS\portable\MemMang\heap_2.o
                                0x28b (size before relaxing)
 .debug_str     0x00003c1e       0x9b FreeRTOS\list.o
                                0x260 (size before relaxing)

.comment        0x00000000       0x83
 .comment       0x00000000       0x83 src\system_stm32f4xx.o
                                 0x84 (size before relaxing)
 .comment       0x00000000       0x84 src\stm32f4xx_it.o
 .comment       0x00000000       0x84 src\main.o
 .comment       0x00000000       0x84 src\hw_config.o
 .comment       0x00000000       0x84 Utilities\stm32f4_discovery_lis302dl.o
 .comment       0x00000000       0x84 Utilities\stm32f4_discovery.o
 .comment       0x00000000       0x84 Libraries\STM32F4xx_StdPeriph_Driver\src\stm32f4xx_tim.o
 .comment       0x00000000       0x84 Libraries\STM32F4xx_StdPeriph_Driver\src\stm32f4xx_syscfg.o
 .comment       0x00000000       0x84 Libraries\STM32F4xx_StdPeriph_Driver\src\stm32f4xx_spi.o
 .comment       0x00000000       0x84 Libraries\STM32F4xx_StdPeriph_Driver\src\stm32f4xx_rcc.o
 .comment       0x00000000       0x84 Libraries\STM32F4xx_StdPeriph_Driver\src\stm32f4xx_gpio.o
 .comment       0x00000000       0x84 Libraries\STM32F4xx_StdPeriph_Driver\src\stm32f4xx_exti.o
 .comment       0x00000000       0x84 Libraries\STM32F4xx_StdPeriph_Driver\src\misc.o
 .comment       0x00000000       0x84 FreeRTOS\timers.o
 .comment       0x00000000       0x84 FreeRTOS\tasks.o
 .comment       0x00000000       0x84 FreeRTOS\queue.o
 .comment       0x00000000       0x84 FreeRTOS\portable\port.o
 .comment       0x00000000       0x84 FreeRTOS\portable\MemMang\heap_2.o
 .comment       0x00000000       0x84 FreeRTOS\list.o

.debug_frame    0x00000000     0x25e4
 .debug_frame   0x00000000       0x64 src\system_stm32f4xx.o
 .debug_frame   0x00000064       0xbc src\stm32f4xx_it.o
 .debug_frame   0x00000120      0x104 src\main.o
 .debug_frame   0x00000224       0xa4 src\hw_config.o
 .debug_frame   0x000002c8      0x190 Utilities\stm32f4_discovery_lis302dl.o
 .debug_frame   0x00000458       0xc4 Utilities\stm32f4_discovery.o
 .debug_frame   0x0000051c      0xa3c Libraries\STM32F4xx_StdPeriph_Driver\src\stm32f4xx_tim.o
 .debug_frame   0x00000f58       0xbc Libraries\STM32F4xx_StdPeriph_Driver\src\stm32f4xx_syscfg.o
 .debug_frame   0x00001014      0x2d0 Libraries\STM32F4xx_StdPeriph_Driver\src\stm32f4xx_spi.o
 .debug_frame   0x000012e4      0x4d8 Libraries\STM32F4xx_StdPeriph_Driver\src\stm32f4xx_rcc.o
 .debug_frame   0x000017bc      0x19c Libraries\STM32F4xx_StdPeriph_Driver\src\stm32f4xx_gpio.o
 .debug_frame   0x00001958       0xec Libraries\STM32F4xx_StdPeriph_Driver\src\stm32f4xx_exti.o
 .debug_frame   0x00001a44       0x9c Libraries\STM32F4xx_StdPeriph_Driver\src\misc.o
 .debug_frame   0x00001ae0      0x1c4 FreeRTOS\timers.o
 .debug_frame   0x00001ca4      0x424 FreeRTOS\tasks.o
 .debug_frame   0x000020c8      0x224 FreeRTOS\queue.o
 .debug_frame   0x000022ec      0x110 FreeRTOS\portable\port.o
 .debug_frame   0x000023fc       0x80 FreeRTOS\portable\MemMang\heap_2.o
 .debug_frame   0x0000247c       0x9c FreeRTOS\list.o
 .debug_frame   0x00002518       0x2c c:/program files (x86)/atollic/truestudio for arm lite 4.1.0/armtools/bin/../lib/gcc/arm-atollic-eabi/4.7.3/../../../../arm-atollic-eabi/lib/armv7e-m/fpv4-sp-d16\libc.a(lib_a-init.o)
 .debug_frame   0x00002544       0x2c c:/program files (x86)/atollic/truestudio for arm lite 4.1.0/armtools/bin/../lib/gcc/arm-atollic-eabi/4.7.3/../../../../arm-atollic-eabi/lib/armv7e-m/fpv4-sp-d16\libc.a(lib_a-memcmp.o)
 .debug_frame   0x00002570       0x28 c:/program files (x86)/atollic/truestudio for arm lite 4.1.0/armtools/bin/../lib/gcc/arm-atollic-eabi/4.7.3/../../../../arm-atollic-eabi/lib/armv7e-m/fpv4-sp-d16\libc.a(lib_a-memcpy.o)
 .debug_frame   0x00002598       0x20 c:/program files (x86)/atollic/truestudio for arm lite 4.1.0/armtools/bin/../lib/gcc/arm-atollic-eabi/4.7.3/../../../../arm-atollic-eabi/lib/armv7e-m/fpv4-sp-d16\libc.a(lib_a-memset.o)
 .debug_frame   0x000025b8       0x2c c:/program files (x86)/atollic/truestudio for arm lite 4.1.0/armtools/bin/../lib/gcc/arm-atollic-eabi/4.7.3/../../../../arm-atollic-eabi/lib/armv7e-m/fpv4-sp-d16\libc.a(lib_a-strncpy.o)

Cross Reference Table

Symbol                                            File
ADC_AnalogWatchdogCmd                             Libraries\STM32F4xx_StdPeriph_Driver\src\stm32f4xx_adc.o
ADC_AnalogWatchdogSingleChannelConfig             Libraries\STM32F4xx_StdPeriph_Driver\src\stm32f4xx_adc.o
ADC_AnalogWatchdogThresholdsConfig                Libraries\STM32F4xx_StdPeriph_Driver\src\stm32f4xx_adc.o
ADC_AutoInjectedConvCmd                           Libraries\STM32F4xx_StdPeriph_Driver\src\stm32f4xx_adc.o
ADC_ClearFlag                                     Libraries\STM32F4xx_StdPeriph_Driver\src\stm32f4xx_adc.o
ADC_ClearITPendingBit                             Libraries\STM32F4xx_StdPeriph_Driver\src\stm32f4xx_adc.o
ADC_Cmd                                           Libraries\STM32F4xx_StdPeriph_Driver\src\stm32f4xx_adc.o
ADC_CommonInit                                    Libraries\STM32F4xx_StdPeriph_Driver\src\stm32f4xx_adc.o
ADC_CommonStructInit                              Libraries\STM32F4xx_StdPeriph_Driver\src\stm32f4xx_adc.o
ADC_ContinuousModeCmd                             Libraries\STM32F4xx_StdPeriph_Driver\src\stm32f4xx_adc.o
ADC_DMACmd                                        Libraries\STM32F4xx_StdPeriph_Driver\src\stm32f4xx_adc.o
ADC_DMARequestAfterLastTransferCmd                Libraries\STM32F4xx_StdPeriph_Driver\src\stm32f4xx_adc.o
ADC_DeInit                                        Libraries\STM32F4xx_StdPeriph_Driver\src\stm32f4xx_adc.o
ADC_DiscModeChannelCountConfig                    Libraries\STM32F4xx_StdPeriph_Driver\src\stm32f4xx_adc.o
ADC_DiscModeCmd                                   Libraries\STM32F4xx_StdPeriph_Driver\src\stm32f4xx_adc.o
ADC_EOCOnEachRegularChannelCmd                    Libraries\STM32F4xx_StdPeriph_Driver\src\stm32f4xx_adc.o
ADC_ExternalTrigInjectedConvConfig                Libraries\STM32F4xx_StdPeriph_Driver\src\stm32f4xx_adc.o
ADC_ExternalTrigInjectedConvEdgeConfig            Libraries\STM32F4xx_StdPeriph_Driver\src\stm32f4xx_adc.o
ADC_GetConversionValue                            Libraries\STM32F4xx_StdPeriph_Driver\src\stm32f4xx_adc.o
ADC_GetFlagStatus                                 Libraries\STM32F4xx_StdPeriph_Driver\src\stm32f4xx_adc.o
ADC_GetITStatus                                   Libraries\STM32F4xx_StdPeriph_Driver\src\stm32f4xx_adc.o
ADC_GetInjectedConversionValue                    Libraries\STM32F4xx_StdPeriph_Driver\src\stm32f4xx_adc.o
ADC_GetMultiModeConversionValue                   Libraries\STM32F4xx_StdPeriph_Driver\src\stm32f4xx_adc.o
ADC_GetSoftwareStartConvStatus                    Libraries\STM32F4xx_StdPeriph_Driver\src\stm32f4xx_adc.o
ADC_GetSoftwareStartInjectedConvCmdStatus         Libraries\STM32F4xx_StdPeriph_Driver\src\stm32f4xx_adc.o
ADC_IRQHandler                                    src\startup_stm32f4xx.o
ADC_ITConfig                                      Libraries\STM32F4xx_StdPeriph_Driver\src\stm32f4xx_adc.o
ADC_Init                                          Libraries\STM32F4xx_StdPeriph_Driver\src\stm32f4xx_adc.o
ADC_InjectedChannelConfig                         Libraries\STM32F4xx_StdPeriph_Driver\src\stm32f4xx_adc.o
ADC_InjectedDiscModeCmd                           Libraries\STM32F4xx_StdPeriph_Driver\src\stm32f4xx_adc.o
ADC_InjectedSequencerLengthConfig                 Libraries\STM32F4xx_StdPeriph_Driver\src\stm32f4xx_adc.o
ADC_MultiModeDMARequestAfterLastTransferCmd       Libraries\STM32F4xx_StdPeriph_Driver\src\stm32f4xx_adc.o
ADC_RegularChannelConfig                          Libraries\STM32F4xx_StdPeriph_Driver\src\stm32f4xx_adc.o
ADC_SetInjectedOffset                             Libraries\STM32F4xx_StdPeriph_Driver\src\stm32f4xx_adc.o
ADC_SoftwareStartConv                             Libraries\STM32F4xx_StdPeriph_Driver\src\stm32f4xx_adc.o
ADC_SoftwareStartInjectedConv                     Libraries\STM32F4xx_StdPeriph_Driver\src\stm32f4xx_adc.o
ADC_StructInit                                    Libraries\STM32F4xx_StdPeriph_Driver\src\stm32f4xx_adc.o
ADC_TempSensorVrefintCmd                          Libraries\STM32F4xx_StdPeriph_Driver\src\stm32f4xx_adc.o
ADC_VBATCmd                                       Libraries\STM32F4xx_StdPeriph_Driver\src\stm32f4xx_adc.o
AHBPrescTable                                     src\system_stm32f4xx.o
BUTTON_CLK                                        Utilities\stm32f4_discovery.o
BUTTON_EXTI_LINE                                  Utilities\stm32f4_discovery.o
BUTTON_IRQn                                       Utilities\stm32f4_discovery.o
BUTTON_PIN                                        Utilities\stm32f4_discovery.o
BUTTON_PIN_SOURCE                                 Utilities\stm32f4_discovery.o
BUTTON_PORT                                       Utilities\stm32f4_discovery.o
BUTTON_PORT_SOURCE                                Utilities\stm32f4_discovery.o
BusFault_Handler                                  src\stm32f4xx_it.o
CAN1_RX0_IRQHandler                               src\startup_stm32f4xx.o
CAN1_RX1_IRQHandler                               src\startup_stm32f4xx.o
CAN1_SCE_IRQHandler                               src\startup_stm32f4xx.o
CAN1_TX_IRQHandler                                src\startup_stm32f4xx.o
CAN2_RX0_IRQHandler                               src\startup_stm32f4xx.o
CAN2_RX1_IRQHandler                               src\startup_stm32f4xx.o
CAN2_SCE_IRQHandler                               src\startup_stm32f4xx.o
CAN2_TX_IRQHandler                                src\startup_stm32f4xx.o
CAN_CancelTransmit                                Libraries\STM32F4xx_StdPeriph_Driver\src\stm32f4xx_can.o
CAN_ClearFlag                                     Libraries\STM32F4xx_StdPeriph_Driver\src\stm32f4xx_can.o
CAN_ClearITPendingBit                             Libraries\STM32F4xx_StdPeriph_Driver\src\stm32f4xx_can.o
CAN_DBGFreeze                                     Libraries\STM32F4xx_StdPeriph_Driver\src\stm32f4xx_can.o
CAN_DeInit                                        Libraries\STM32F4xx_StdPeriph_Driver\src\stm32f4xx_can.o
CAN_FIFORelease                                   Libraries\STM32F4xx_StdPeriph_Driver\src\stm32f4xx_can.o
CAN_FilterInit                                    Libraries\STM32F4xx_StdPeriph_Driver\src\stm32f4xx_can.o
CAN_GetFlagStatus                                 Libraries\STM32F4xx_StdPeriph_Driver\src\stm32f4xx_can.o
CAN_GetITStatus                                   Libraries\STM32F4xx_StdPeriph_Driver\src\stm32f4xx_can.o
CAN_GetLSBTransmitErrorCounter                    Libraries\STM32F4xx_StdPeriph_Driver\src\stm32f4xx_can.o
CAN_GetLastErrorCode                              Libraries\STM32F4xx_StdPeriph_Driver\src\stm32f4xx_can.o
CAN_GetReceiveErrorCounter                        Libraries\STM32F4xx_StdPeriph_Driver\src\stm32f4xx_can.o
CAN_ITConfig                                      Libraries\STM32F4xx_StdPeriph_Driver\src\stm32f4xx_can.o
CAN_Init                                          Libraries\STM32F4xx_StdPeriph_Driver\src\stm32f4xx_can.o
CAN_MessagePending                                Libraries\STM32F4xx_StdPeriph_Driver\src\stm32f4xx_can.o
CAN_OperatingModeRequest                          Libraries\STM32F4xx_StdPeriph_Driver\src\stm32f4xx_can.o
CAN_Receive                                       Libraries\STM32F4xx_StdPeriph_Driver\src\stm32f4xx_can.o
CAN_SlaveStartBank                                Libraries\STM32F4xx_StdPeriph_Driver\src\stm32f4xx_can.o
CAN_Sleep                                         Libraries\STM32F4xx_StdPeriph_Driver\src\stm32f4xx_can.o
CAN_StructInit                                    Libraries\STM32F4xx_StdPeriph_Driver\src\stm32f4xx_can.o
CAN_TTComModeCmd                                  Libraries\STM32F4xx_StdPeriph_Driver\src\stm32f4xx_can.o
CAN_Transmit                                      Libraries\STM32F4xx_StdPeriph_Driver\src\stm32f4xx_can.o
CAN_TransmitStatus                                Libraries\STM32F4xx_StdPeriph_Driver\src\stm32f4xx_can.o
CAN_WakeUp                                        Libraries\STM32F4xx_StdPeriph_Driver\src\stm32f4xx_can.o
CRC_CalcBlockCRC                                  Libraries\STM32F4xx_StdPeriph_Driver\src\stm32f4xx_crc.o
CRC_CalcCRC                                       Libraries\STM32F4xx_StdPeriph_Driver\src\stm32f4xx_crc.o
CRC_GetCRC                                        Libraries\STM32F4xx_StdPeriph_Driver\src\stm32f4xx_crc.o
CRC_GetIDRegister                                 Libraries\STM32F4xx_StdPeriph_Driver\src\stm32f4xx_crc.o
CRC_ResetDR                                       Libraries\STM32F4xx_StdPeriph_Driver\src\stm32f4xx_crc.o
CRC_SetIDRegister                                 Libraries\STM32F4xx_StdPeriph_Driver\src\stm32f4xx_crc.o
CRYP_AES_CBC                                      Libraries\STM32F4xx_StdPeriph_Driver\src\stm32f4xx_cryp_aes.o
CRYP_AES_CTR                                      Libraries\STM32F4xx_StdPeriph_Driver\src\stm32f4xx_cryp_aes.o
CRYP_AES_ECB                                      Libraries\STM32F4xx_StdPeriph_Driver\src\stm32f4xx_cryp_aes.o
CRYP_Cmd                                          Libraries\STM32F4xx_StdPeriph_Driver\src\stm32f4xx_cryp.o
                                                  Libraries\STM32F4xx_StdPeriph_Driver\src\stm32f4xx_cryp_aes.o
                                                  Libraries\STM32F4xx_StdPeriph_Driver\src\stm32f4xx_cryp_des.o
                                                  Libraries\STM32F4xx_StdPeriph_Driver\src\stm32f4xx_cryp_tdes.o
CRYP_DES_CBC                                      Libraries\STM32F4xx_StdPeriph_Driver\src\stm32f4xx_cryp_des.o
CRYP_DES_ECB                                      Libraries\STM32F4xx_StdPeriph_Driver\src\stm32f4xx_cryp_des.o
CRYP_DMACmd                                       Libraries\STM32F4xx_StdPeriph_Driver\src\stm32f4xx_cryp.o
CRYP_DataIn                                       Libraries\STM32F4xx_StdPeriph_Driver\src\stm32f4xx_cryp.o
                                                  Libraries\STM32F4xx_StdPeriph_Driver\src\stm32f4xx_cryp_aes.o
                                                  Libraries\STM32F4xx_StdPeriph_Driver\src\stm32f4xx_cryp_des.o
                                                  Libraries\STM32F4xx_StdPeriph_Driver\src\stm32f4xx_cryp_tdes.o
CRYP_DataOut                                      Libraries\STM32F4xx_StdPeriph_Driver\src\stm32f4xx_cryp.o
                                                  Libraries\STM32F4xx_StdPeriph_Driver\src\stm32f4xx_cryp_aes.o
                                                  Libraries\STM32F4xx_StdPeriph_Driver\src\stm32f4xx_cryp_des.o
                                                  Libraries\STM32F4xx_StdPeriph_Driver\src\stm32f4xx_cryp_tdes.o
CRYP_DeInit                                       Libraries\STM32F4xx_StdPeriph_Driver\src\stm32f4xx_cryp.o
CRYP_FIFOFlush                                    Libraries\STM32F4xx_StdPeriph_Driver\src\stm32f4xx_cryp.o
                                                  Libraries\STM32F4xx_StdPeriph_Driver\src\stm32f4xx_cryp_aes.o
                                                  Libraries\STM32F4xx_StdPeriph_Driver\src\stm32f4xx_cryp_des.o
                                                  Libraries\STM32F4xx_StdPeriph_Driver\src\stm32f4xx_cryp_tdes.o
CRYP_GetFlagStatus                                Libraries\STM32F4xx_StdPeriph_Driver\src\stm32f4xx_cryp.o
                                                  Libraries\STM32F4xx_StdPeriph_Driver\src\stm32f4xx_cryp_aes.o
                                                  Libraries\STM32F4xx_StdPeriph_Driver\src\stm32f4xx_cryp_des.o
                                                  Libraries\STM32F4xx_StdPeriph_Driver\src\stm32f4xx_cryp_tdes.o
CRYP_GetITStatus                                  Libraries\STM32F4xx_StdPeriph_Driver\src\stm32f4xx_cryp.o
CRYP_IRQHandler                                   src\startup_stm32f4xx.o
CRYP_ITConfig                                     Libraries\STM32F4xx_StdPeriph_Driver\src\stm32f4xx_cryp.o
CRYP_IVInit                                       Libraries\STM32F4xx_StdPeriph_Driver\src\stm32f4xx_cryp.o
                                                  Libraries\STM32F4xx_StdPeriph_Driver\src\stm32f4xx_cryp_aes.o
                                                  Libraries\STM32F4xx_StdPeriph_Driver\src\stm32f4xx_cryp_des.o
                                                  Libraries\STM32F4xx_StdPeriph_Driver\src\stm32f4xx_cryp_tdes.o
CRYP_IVStructInit                                 Libraries\STM32F4xx_StdPeriph_Driver\src\stm32f4xx_cryp.o
CRYP_Init                                         Libraries\STM32F4xx_StdPeriph_Driver\src\stm32f4xx_cryp.o
                                                  Libraries\STM32F4xx_StdPeriph_Driver\src\stm32f4xx_cryp_aes.o
                                                  Libraries\STM32F4xx_StdPeriph_Driver\src\stm32f4xx_cryp_des.o
                                                  Libraries\STM32F4xx_StdPeriph_Driver\src\stm32f4xx_cryp_tdes.o
CRYP_KeyInit                                      Libraries\STM32F4xx_StdPeriph_Driver\src\stm32f4xx_cryp.o
                                                  Libraries\STM32F4xx_StdPeriph_Driver\src\stm32f4xx_cryp_aes.o
                                                  Libraries\STM32F4xx_StdPeriph_Driver\src\stm32f4xx_cryp_des.o
                                                  Libraries\STM32F4xx_StdPeriph_Driver\src\stm32f4xx_cryp_tdes.o
CRYP_KeyStructInit                                Libraries\STM32F4xx_StdPeriph_Driver\src\stm32f4xx_cryp.o
                                                  Libraries\STM32F4xx_StdPeriph_Driver\src\stm32f4xx_cryp_aes.o
                                                  Libraries\STM32F4xx_StdPeriph_Driver\src\stm32f4xx_cryp_des.o
                                                  Libraries\STM32F4xx_StdPeriph_Driver\src\stm32f4xx_cryp_tdes.o
CRYP_RestoreContext                               Libraries\STM32F4xx_StdPeriph_Driver\src\stm32f4xx_cryp.o
CRYP_SaveContext                                  Libraries\STM32F4xx_StdPeriph_Driver\src\stm32f4xx_cryp.o
CRYP_StructInit                                   Libraries\STM32F4xx_StdPeriph_Driver\src\stm32f4xx_cryp.o
CRYP_TDES_CBC                                     Libraries\STM32F4xx_StdPeriph_Driver\src\stm32f4xx_cryp_tdes.o
CRYP_TDES_ECB                                     Libraries\STM32F4xx_StdPeriph_Driver\src\stm32f4xx_cryp_tdes.o
DAC_ClearFlag                                     Libraries\STM32F4xx_StdPeriph_Driver\src\stm32f4xx_dac.o
DAC_ClearITPendingBit                             Libraries\STM32F4xx_StdPeriph_Driver\src\stm32f4xx_dac.o
DAC_Cmd                                           Libraries\STM32F4xx_StdPeriph_Driver\src\stm32f4xx_dac.o
DAC_DMACmd                                        Libraries\STM32F4xx_StdPeriph_Driver\src\stm32f4xx_dac.o
DAC_DeInit                                        Libraries\STM32F4xx_StdPeriph_Driver\src\stm32f4xx_dac.o
DAC_DualSoftwareTriggerCmd                        Libraries\STM32F4xx_StdPeriph_Driver\src\stm32f4xx_dac.o
DAC_GetDataOutputValue                            Libraries\STM32F4xx_StdPeriph_Driver\src\stm32f4xx_dac.o
DAC_GetFlagStatus                                 Libraries\STM32F4xx_StdPeriph_Driver\src\stm32f4xx_dac.o
DAC_GetITStatus                                   Libraries\STM32F4xx_StdPeriph_Driver\src\stm32f4xx_dac.o
DAC_ITConfig                                      Libraries\STM32F4xx_StdPeriph_Driver\src\stm32f4xx_dac.o
DAC_Init                                          Libraries\STM32F4xx_StdPeriph_Driver\src\stm32f4xx_dac.o
DAC_SetChannel1Data                               Libraries\STM32F4xx_StdPeriph_Driver\src\stm32f4xx_dac.o
DAC_SetChannel2Data                               Libraries\STM32F4xx_StdPeriph_Driver\src\stm32f4xx_dac.o
DAC_SetDualChannelData                            Libraries\STM32F4xx_StdPeriph_Driver\src\stm32f4xx_dac.o
DAC_SoftwareTriggerCmd                            Libraries\STM32F4xx_StdPeriph_Driver\src\stm32f4xx_dac.o
DAC_StructInit                                    Libraries\STM32F4xx_StdPeriph_Driver\src\stm32f4xx_dac.o
DAC_WaveGenerationCmd                             Libraries\STM32F4xx_StdPeriph_Driver\src\stm32f4xx_dac.o
DBGMCU_APB1PeriphConfig                           Libraries\STM32F4xx_StdPeriph_Driver\src\stm32f4xx_dbgmcu.o
DBGMCU_APB2PeriphConfig                           Libraries\STM32F4xx_StdPeriph_Driver\src\stm32f4xx_dbgmcu.o
DBGMCU_Config                                     Libraries\STM32F4xx_StdPeriph_Driver\src\stm32f4xx_dbgmcu.o
DBGMCU_GetDEVID                                   Libraries\STM32F4xx_StdPeriph_Driver\src\stm32f4xx_dbgmcu.o
DBGMCU_GetREVID                                   Libraries\STM32F4xx_StdPeriph_Driver\src\stm32f4xx_dbgmcu.o
DCMI_CROPCmd                                      Libraries\STM32F4xx_StdPeriph_Driver\src\stm32f4xx_dcmi.o
DCMI_CROPConfig                                   Libraries\STM32F4xx_StdPeriph_Driver\src\stm32f4xx_dcmi.o
DCMI_CaptureCmd                                   Libraries\STM32F4xx_StdPeriph_Driver\src\stm32f4xx_dcmi.o
DCMI_ClearFlag                                    Libraries\STM32F4xx_StdPeriph_Driver\src\stm32f4xx_dcmi.o
DCMI_ClearITPendingBit                            Libraries\STM32F4xx_StdPeriph_Driver\src\stm32f4xx_dcmi.o
DCMI_Cmd                                          Libraries\STM32F4xx_StdPeriph_Driver\src\stm32f4xx_dcmi.o
DCMI_DeInit                                       Libraries\STM32F4xx_StdPeriph_Driver\src\stm32f4xx_dcmi.o
DCMI_GetFlagStatus                                Libraries\STM32F4xx_StdPeriph_Driver\src\stm32f4xx_dcmi.o
DCMI_GetITStatus                                  Libraries\STM32F4xx_StdPeriph_Driver\src\stm32f4xx_dcmi.o
DCMI_IRQHandler                                   src\startup_stm32f4xx.o
DCMI_ITConfig                                     Libraries\STM32F4xx_StdPeriph_Driver\src\stm32f4xx_dcmi.o
DCMI_Init                                         Libraries\STM32F4xx_StdPeriph_Driver\src\stm32f4xx_dcmi.o
DCMI_JPEGCmd                                      Libraries\STM32F4xx_StdPeriph_Driver\src\stm32f4xx_dcmi.o
DCMI_ReadData                                     Libraries\STM32F4xx_StdPeriph_Driver\src\stm32f4xx_dcmi.o
DCMI_SetEmbeddedSynchroCodes                      Libraries\STM32F4xx_StdPeriph_Driver\src\stm32f4xx_dcmi.o
DCMI_StructInit                                   Libraries\STM32F4xx_StdPeriph_Driver\src\stm32f4xx_dcmi.o
DMA1_Stream0_IRQHandler                           src\startup_stm32f4xx.o
DMA1_Stream1_IRQHandler                           src\startup_stm32f4xx.o
DMA1_Stream2_IRQHandler                           src\startup_stm32f4xx.o
DMA1_Stream3_IRQHandler                           src\startup_stm32f4xx.o
DMA1_Stream4_IRQHandler                           src\startup_stm32f4xx.o
DMA1_Stream5_IRQHandler                           src\startup_stm32f4xx.o
DMA1_Stream6_IRQHandler                           src\startup_stm32f4xx.o
DMA1_Stream7_IRQHandler                           src\startup_stm32f4xx.o
DMA2_Stream0_IRQHandler                           src\startup_stm32f4xx.o
DMA2_Stream1_IRQHandler                           src\startup_stm32f4xx.o
DMA2_Stream2_IRQHandler                           src\startup_stm32f4xx.o
DMA2_Stream3_IRQHandler                           src\startup_stm32f4xx.o
DMA2_Stream4_IRQHandler                           src\startup_stm32f4xx.o
DMA2_Stream5_IRQHandler                           src\startup_stm32f4xx.o
DMA2_Stream6_IRQHandler                           src\startup_stm32f4xx.o
DMA2_Stream7_IRQHandler                           src\startup_stm32f4xx.o
DMA_ClearFlag                                     Libraries\STM32F4xx_StdPeriph_Driver\src\stm32f4xx_dma.o
DMA_ClearITPendingBit                             Libraries\STM32F4xx_StdPeriph_Driver\src\stm32f4xx_dma.o
DMA_Cmd                                           Libraries\STM32F4xx_StdPeriph_Driver\src\stm32f4xx_dma.o
DMA_DeInit                                        Libraries\STM32F4xx_StdPeriph_Driver\src\stm32f4xx_dma.o
DMA_DoubleBufferModeCmd                           Libraries\STM32F4xx_StdPeriph_Driver\src\stm32f4xx_dma.o
DMA_DoubleBufferModeConfig                        Libraries\STM32F4xx_StdPeriph_Driver\src\stm32f4xx_dma.o
DMA_FlowControllerConfig                          Libraries\STM32F4xx_StdPeriph_Driver\src\stm32f4xx_dma.o
DMA_GetCmdStatus                                  Libraries\STM32F4xx_StdPeriph_Driver\src\stm32f4xx_dma.o
DMA_GetCurrDataCounter                            Libraries\STM32F4xx_StdPeriph_Driver\src\stm32f4xx_dma.o
DMA_GetCurrentMemoryTarget                        Libraries\STM32F4xx_StdPeriph_Driver\src\stm32f4xx_dma.o
DMA_GetFIFOStatus                                 Libraries\STM32F4xx_StdPeriph_Driver\src\stm32f4xx_dma.o
DMA_GetFlagStatus                                 Libraries\STM32F4xx_StdPeriph_Driver\src\stm32f4xx_dma.o
DMA_GetITStatus                                   Libraries\STM32F4xx_StdPeriph_Driver\src\stm32f4xx_dma.o
DMA_ITConfig                                      Libraries\STM32F4xx_StdPeriph_Driver\src\stm32f4xx_dma.o
DMA_Init                                          Libraries\STM32F4xx_StdPeriph_Driver\src\stm32f4xx_dma.o
DMA_MemoryTargetConfig                            Libraries\STM32F4xx_StdPeriph_Driver\src\stm32f4xx_dma.o
DMA_PeriphIncOffsetSizeConfig                     Libraries\STM32F4xx_StdPeriph_Driver\src\stm32f4xx_dma.o
DMA_SetCurrDataCounter                            Libraries\STM32F4xx_StdPeriph_Driver\src\stm32f4xx_dma.o
DMA_StructInit                                    Libraries\STM32F4xx_StdPeriph_Driver\src\stm32f4xx_dma.o
DebugMon_Handler                                  src\stm32f4xx_it.o
Default_Handler                                   src\startup_stm32f4xx.o
ETH_IRQHandler                                    src\startup_stm32f4xx.o
ETH_WKUP_IRQHandler                               src\startup_stm32f4xx.o
EXTI0_IRQHandler                                  src\stm32f4xx_it.o
EXTI15_10_IRQHandler                              src\startup_stm32f4xx.o
EXTI1_IRQHandler                                  src\startup_stm32f4xx.o
EXTI2_IRQHandler                                  src\startup_stm32f4xx.o
EXTI3_IRQHandler                                  src\startup_stm32f4xx.o
EXTI4_IRQHandler                                  src\startup_stm32f4xx.o
EXTI9_5_IRQHandler                                src\startup_stm32f4xx.o
EXTI_ClearFlag                                    Libraries\STM32F4xx_StdPeriph_Driver\src\stm32f4xx_exti.o
EXTI_ClearITPendingBit                            Libraries\STM32F4xx_StdPeriph_Driver\src\stm32f4xx_exti.o
                                                  src\stm32f4xx_it.o
EXTI_DeInit                                       Libraries\STM32F4xx_StdPeriph_Driver\src\stm32f4xx_exti.o
EXTI_GenerateSWInterrupt                          Libraries\STM32F4xx_StdPeriph_Driver\src\stm32f4xx_exti.o
EXTI_GetFlagStatus                                Libraries\STM32F4xx_StdPeriph_Driver\src\stm32f4xx_exti.o
EXTI_GetITStatus                                  Libraries\STM32F4xx_StdPeriph_Driver\src\stm32f4xx_exti.o
                                                  src\stm32f4xx_it.o
EXTI_Init                                         Libraries\STM32F4xx_StdPeriph_Driver\src\stm32f4xx_exti.o
                                                  Utilities\stm32f4_discovery.o
EXTI_StructInit                                   Libraries\STM32F4xx_StdPeriph_Driver\src\stm32f4xx_exti.o
FLASH_ClearFlag                                   Libraries\STM32F4xx_StdPeriph_Driver\src\stm32f4xx_flash.o
FLASH_DataCacheCmd                                Libraries\STM32F4xx_StdPeriph_Driver\src\stm32f4xx_flash.o
FLASH_DataCacheReset                              Libraries\STM32F4xx_StdPeriph_Driver\src\stm32f4xx_flash.o
FLASH_EraseAllSectors                             Libraries\STM32F4xx_StdPeriph_Driver\src\stm32f4xx_flash.o
FLASH_EraseSector                                 Libraries\STM32F4xx_StdPeriph_Driver\src\stm32f4xx_flash.o
FLASH_GetFlagStatus                               Libraries\STM32F4xx_StdPeriph_Driver\src\stm32f4xx_flash.o
FLASH_GetStatus                                   Libraries\STM32F4xx_StdPeriph_Driver\src\stm32f4xx_flash.o
FLASH_IRQHandler                                  src\startup_stm32f4xx.o
FLASH_ITConfig                                    Libraries\STM32F4xx_StdPeriph_Driver\src\stm32f4xx_flash.o
FLASH_InstructionCacheCmd                         Libraries\STM32F4xx_StdPeriph_Driver\src\stm32f4xx_flash.o
FLASH_InstructionCacheReset                       Libraries\STM32F4xx_StdPeriph_Driver\src\stm32f4xx_flash.o
FLASH_Lock                                        Libraries\STM32F4xx_StdPeriph_Driver\src\stm32f4xx_flash.o
FLASH_OB_BORConfig                                Libraries\STM32F4xx_StdPeriph_Driver\src\stm32f4xx_flash.o
FLASH_OB_GetBOR                                   Libraries\STM32F4xx_StdPeriph_Driver\src\stm32f4xx_flash.o
FLASH_OB_GetRDP                                   Libraries\STM32F4xx_StdPeriph_Driver\src\stm32f4xx_flash.o
FLASH_OB_GetUser                                  Libraries\STM32F4xx_StdPeriph_Driver\src\stm32f4xx_flash.o
FLASH_OB_GetWRP                                   Libraries\STM32F4xx_StdPeriph_Driver\src\stm32f4xx_flash.o
FLASH_OB_Launch                                   Libraries\STM32F4xx_StdPeriph_Driver\src\stm32f4xx_flash.o
FLASH_OB_Lock                                     Libraries\STM32F4xx_StdPeriph_Driver\src\stm32f4xx_flash.o
FLASH_OB_RDPConfig                                Libraries\STM32F4xx_StdPeriph_Driver\src\stm32f4xx_flash.o
FLASH_OB_Unlock                                   Libraries\STM32F4xx_StdPeriph_Driver\src\stm32f4xx_flash.o
FLASH_OB_UserConfig                               Libraries\STM32F4xx_StdPeriph_Driver\src\stm32f4xx_flash.o
FLASH_OB_WRPConfig                                Libraries\STM32F4xx_StdPeriph_Driver\src\stm32f4xx_flash.o
FLASH_PrefetchBufferCmd                           Libraries\STM32F4xx_StdPeriph_Driver\src\stm32f4xx_flash.o
FLASH_ProgramByte                                 Libraries\STM32F4xx_StdPeriph_Driver\src\stm32f4xx_flash.o
FLASH_ProgramDoubleWord                           Libraries\STM32F4xx_StdPeriph_Driver\src\stm32f4xx_flash.o
FLASH_ProgramHalfWord                             Libraries\STM32F4xx_StdPeriph_Driver\src\stm32f4xx_flash.o
FLASH_ProgramWord                                 Libraries\STM32F4xx_StdPeriph_Driver\src\stm32f4xx_flash.o
FLASH_SetLatency                                  Libraries\STM32F4xx_StdPeriph_Driver\src\stm32f4xx_flash.o
FLASH_Unlock                                      Libraries\STM32F4xx_StdPeriph_Driver\src\stm32f4xx_flash.o
FLASH_WaitForLastOperation                        Libraries\STM32F4xx_StdPeriph_Driver\src\stm32f4xx_flash.o
FPU_IRQHandler                                    src\startup_stm32f4xx.o
FSMC_ClearFlag                                    Libraries\STM32F4xx_StdPeriph_Driver\src\stm32f4xx_fsmc.o
FSMC_ClearITPendingBit                            Libraries\STM32F4xx_StdPeriph_Driver\src\stm32f4xx_fsmc.o
FSMC_GetECC                                       Libraries\STM32F4xx_StdPeriph_Driver\src\stm32f4xx_fsmc.o
FSMC_GetFlagStatus                                Libraries\STM32F4xx_StdPeriph_Driver\src\stm32f4xx_fsmc.o
FSMC_GetITStatus                                  Libraries\STM32F4xx_StdPeriph_Driver\src\stm32f4xx_fsmc.o
FSMC_IRQHandler                                   src\startup_stm32f4xx.o
FSMC_ITConfig                                     Libraries\STM32F4xx_StdPeriph_Driver\src\stm32f4xx_fsmc.o
FSMC_NANDCmd                                      Libraries\STM32F4xx_StdPeriph_Driver\src\stm32f4xx_fsmc.o
FSMC_NANDDeInit                                   Libraries\STM32F4xx_StdPeriph_Driver\src\stm32f4xx_fsmc.o
FSMC_NANDECCCmd                                   Libraries\STM32F4xx_StdPeriph_Driver\src\stm32f4xx_fsmc.o
FSMC_NANDInit                                     Libraries\STM32F4xx_StdPeriph_Driver\src\stm32f4xx_fsmc.o
FSMC_NANDStructInit                               Libraries\STM32F4xx_StdPeriph_Driver\src\stm32f4xx_fsmc.o
FSMC_NORSRAMCmd                                   Libraries\STM32F4xx_StdPeriph_Driver\src\stm32f4xx_fsmc.o
FSMC_NORSRAMDeInit                                Libraries\STM32F4xx_StdPeriph_Driver\src\stm32f4xx_fsmc.o
FSMC_NORSRAMInit                                  Libraries\STM32F4xx_StdPeriph_Driver\src\stm32f4xx_fsmc.o
FSMC_NORSRAMStructInit                            Libraries\STM32F4xx_StdPeriph_Driver\src\stm32f4xx_fsmc.o
FSMC_PCCARDCmd                                    Libraries\STM32F4xx_StdPeriph_Driver\src\stm32f4xx_fsmc.o
FSMC_PCCARDDeInit                                 Libraries\STM32F4xx_StdPeriph_Driver\src\stm32f4xx_fsmc.o
FSMC_PCCARDInit                                   Libraries\STM32F4xx_StdPeriph_Driver\src\stm32f4xx_fsmc.o
FSMC_PCCARDStructInit                             Libraries\STM32F4xx_StdPeriph_Driver\src\stm32f4xx_fsmc.o
GPIO_CLK                                          Utilities\stm32f4_discovery.o
GPIO_DeInit                                       Libraries\STM32F4xx_StdPeriph_Driver\src\stm32f4xx_gpio.o
GPIO_Init                                         Libraries\STM32F4xx_StdPeriph_Driver\src\stm32f4xx_gpio.o
                                                  Utilities\stm32f4_discovery.o
                                                  Utilities\stm32f4_discovery_lis302dl.o
                                                  src\hw_config.o
GPIO_PIN                                          Utilities\stm32f4_discovery.o
GPIO_PORT                                         Utilities\stm32f4_discovery.o
GPIO_PinAFConfig                                  Libraries\STM32F4xx_StdPeriph_Driver\src\stm32f4xx_gpio.o
                                                  Utilities\stm32f4_discovery_lis302dl.o
                                                  src\hw_config.o
GPIO_PinLockConfig                                Libraries\STM32F4xx_StdPeriph_Driver\src\stm32f4xx_gpio.o
GPIO_ReadInputData                                Libraries\STM32F4xx_StdPeriph_Driver\src\stm32f4xx_gpio.o
GPIO_ReadInputDataBit                             Libraries\STM32F4xx_StdPeriph_Driver\src\stm32f4xx_gpio.o
                                                  Utilities\stm32f4_discovery.o
GPIO_ReadOutputData                               Libraries\STM32F4xx_StdPeriph_Driver\src\stm32f4xx_gpio.o
GPIO_ReadOutputDataBit                            Libraries\STM32F4xx_StdPeriph_Driver\src\stm32f4xx_gpio.o
GPIO_ResetBits                                    Libraries\STM32F4xx_StdPeriph_Driver\src\stm32f4xx_gpio.o
                                                  Utilities\stm32f4_discovery_lis302dl.o
GPIO_SetBits                                      Libraries\STM32F4xx_StdPeriph_Driver\src\stm32f4xx_gpio.o
                                                  Utilities\stm32f4_discovery_lis302dl.o
GPIO_StructInit                                   Libraries\STM32F4xx_StdPeriph_Driver\src\stm32f4xx_gpio.o
GPIO_ToggleBits                                   Libraries\STM32F4xx_StdPeriph_Driver\src\stm32f4xx_gpio.o
GPIO_Write                                        Libraries\STM32F4xx_StdPeriph_Driver\src\stm32f4xx_gpio.o
GPIO_WriteBit                                     Libraries\STM32F4xx_StdPeriph_Driver\src\stm32f4xx_gpio.o
HASH_ClearFlag                                    Libraries\STM32F4xx_StdPeriph_Driver\src\stm32f4xx_hash.o
HASH_ClearITPendingBit                            Libraries\STM32F4xx_StdPeriph_Driver\src\stm32f4xx_hash.o
HASH_DMACmd                                       Libraries\STM32F4xx_StdPeriph_Driver\src\stm32f4xx_hash.o
HASH_DataIn                                       Libraries\STM32F4xx_StdPeriph_Driver\src\stm32f4xx_hash.o
                                                  Libraries\STM32F4xx_StdPeriph_Driver\src\stm32f4xx_hash_md5.o
                                                  Libraries\STM32F4xx_StdPeriph_Driver\src\stm32f4xx_hash_sha1.o
HASH_DeInit                                       Libraries\STM32F4xx_StdPeriph_Driver\src\stm32f4xx_hash.o
                                                  Libraries\STM32F4xx_StdPeriph_Driver\src\stm32f4xx_hash_md5.o
                                                  Libraries\STM32F4xx_StdPeriph_Driver\src\stm32f4xx_hash_sha1.o
HASH_GetDigest                                    Libraries\STM32F4xx_StdPeriph_Driver\src\stm32f4xx_hash.o
                                                  Libraries\STM32F4xx_StdPeriph_Driver\src\stm32f4xx_hash_md5.o
                                                  Libraries\STM32F4xx_StdPeriph_Driver\src\stm32f4xx_hash_sha1.o
HASH_GetFlagStatus                                Libraries\STM32F4xx_StdPeriph_Driver\src\stm32f4xx_hash.o
                                                  Libraries\STM32F4xx_StdPeriph_Driver\src\stm32f4xx_hash_md5.o
                                                  Libraries\STM32F4xx_StdPeriph_Driver\src\stm32f4xx_hash_sha1.o
HASH_GetITStatus                                  Libraries\STM32F4xx_StdPeriph_Driver\src\stm32f4xx_hash.o
HASH_GetInFIFOWordsNbr                            Libraries\STM32F4xx_StdPeriph_Driver\src\stm32f4xx_hash.o
HASH_ITConfig                                     Libraries\STM32F4xx_StdPeriph_Driver\src\stm32f4xx_hash.o
HASH_Init                                         Libraries\STM32F4xx_StdPeriph_Driver\src\stm32f4xx_hash.o
                                                  Libraries\STM32F4xx_StdPeriph_Driver\src\stm32f4xx_hash_md5.o
                                                  Libraries\STM32F4xx_StdPeriph_Driver\src\stm32f4xx_hash_sha1.o
HASH_MD5                                          Libraries\STM32F4xx_StdPeriph_Driver\src\stm32f4xx_hash_md5.o
HASH_RNG_IRQHandler                               src\startup_stm32f4xx.o
HASH_Reset                                        Libraries\STM32F4xx_StdPeriph_Driver\src\stm32f4xx_hash.o
HASH_RestoreContext                               Libraries\STM32F4xx_StdPeriph_Driver\src\stm32f4xx_hash.o
HASH_SHA1                                         Libraries\STM32F4xx_StdPeriph_Driver\src\stm32f4xx_hash_sha1.o
HASH_SaveContext                                  Libraries\STM32F4xx_StdPeriph_Driver\src\stm32f4xx_hash.o
HASH_SetLastWordValidBitsNbr                      Libraries\STM32F4xx_StdPeriph_Driver\src\stm32f4xx_hash.o
                                                  Libraries\STM32F4xx_StdPeriph_Driver\src\stm32f4xx_hash_md5.o
                                                  Libraries\STM32F4xx_StdPeriph_Driver\src\stm32f4xx_hash_sha1.o
HASH_StartDigest                                  Libraries\STM32F4xx_StdPeriph_Driver\src\stm32f4xx_hash.o