Archive member included because of file (symbol)

c:/program files (x86)/atollic/truestudio for arm pro 4.2.0/armtools/bin/../lib/gcc/arm-atollic-eabi/4.7.3/../../../../arm-atollic-eabi/lib/armv7e-m/fpv4-sp-d16\libm.a(lib_a-s_atan.o)
                              modules\src\sensfusion6.o (atan)
c:/program files (x86)/atollic/truestudio for arm pro 4.2.0/armtools/bin/../lib/gcc/arm-atollic-eabi/4.7.3/../../../../arm-atollic-eabi/lib/armv7e-m/fpv4-sp-d16\libm.a(lib_a-s_fabs.o)
                              c:/program files (x86)/atollic/truestudio for arm pro 4.2.0/armtools/bin/../lib/gcc/arm-atollic-eabi/4.7.3/../../../../arm-atollic-eabi/lib/armv7e-m/fpv4-sp-d16\libm.a(lib_a-s_atan.o) (fabs)
c:/program files (x86)/atollic/truestudio for arm pro 4.2.0/armtools/bin/../lib/gcc/arm-atollic-eabi/4.7.3/../../../../arm-atollic-eabi/lib/armv7e-m/fpv4-sp-d16\libm.a(lib_a-w_atan2.o)
                              modules\src\sensfusion6.o (atan2)
c:/program files (x86)/atollic/truestudio for arm pro 4.2.0/armtools/bin/../lib/gcc/arm-atollic-eabi/4.7.3/../../../../arm-atollic-eabi/lib/armv7e-m/fpv4-sp-d16\libm.a(lib_a-w_sqrt.o)
                              modules\src\sensfusion6.o (sqrt)
c:/program files (x86)/atollic/truestudio for arm pro 4.2.0/armtools/bin/../lib/gcc/arm-atollic-eabi/4.7.3/../../../../arm-atollic-eabi/lib/armv7e-m/fpv4-sp-d16\libm.a(lib_a-e_atan2.o)
                              c:/program files (x86)/atollic/truestudio for arm pro 4.2.0/armtools/bin/../lib/gcc/arm-atollic-eabi/4.7.3/../../../../arm-atollic-eabi/lib/armv7e-m/fpv4-sp-d16\libm.a(lib_a-w_atan2.o) (__ieee754_atan2)
c:/program files (x86)/atollic/truestudio for arm pro 4.2.0/armtools/bin/../lib/gcc/arm-atollic-eabi/4.7.3/../../../../arm-atollic-eabi/lib/armv7e-m/fpv4-sp-d16\libm.a(lib_a-e_sqrt.o)
                              c:/program files (x86)/atollic/truestudio for arm pro 4.2.0/armtools/bin/../lib/gcc/arm-atollic-eabi/4.7.3/../../../../arm-atollic-eabi/lib/armv7e-m/fpv4-sp-d16\libm.a(lib_a-w_sqrt.o) (__ieee754_sqrt)
c:/program files (x86)/atollic/truestudio for arm pro 4.2.0/armtools/bin/../lib/gcc/arm-atollic-eabi/4.7.3/../../../../arm-atollic-eabi/lib/armv7e-m/fpv4-sp-d16\libm.a(lib_a-s_fpclassify.o)
                              c:/program files (x86)/atollic/truestudio for arm pro 4.2.0/armtools/bin/../lib/gcc/arm-atollic-eabi/4.7.3/../../../../arm-atollic-eabi/lib/armv7e-m/fpv4-sp-d16\libm.a(lib_a-w_sqrt.o) (__fpclassifyd)
c:/program files (x86)/atollic/truestudio for arm pro 4.2.0/armtools/bin/../lib/gcc/arm-atollic-eabi/4.7.3/../../../../arm-atollic-eabi/lib/armv7e-m/fpv4-sp-d16\libm.a(lib_a-s_lib_ver.o)
                              c:/program files (x86)/atollic/truestudio for arm pro 4.2.0/armtools/bin/../lib/gcc/arm-atollic-eabi/4.7.3/../../../../arm-atollic-eabi/lib/armv7e-m/fpv4-sp-d16\libm.a(lib_a-w_sqrt.o) (__fdlib_version)
c:/program files (x86)/atollic/truestudio for arm pro 4.2.0/armtools/bin/../lib/gcc/arm-atollic-eabi/4.7.3/../../../../arm-atollic-eabi/lib/armv7e-m/fpv4-sp-d16\libm.a(lib_a-s_matherr.o)
                              c:/program files (x86)/atollic/truestudio for arm pro 4.2.0/armtools/bin/../lib/gcc/arm-atollic-eabi/4.7.3/../../../../arm-atollic-eabi/lib/armv7e-m/fpv4-sp-d16\libm.a(lib_a-w_sqrt.o) (matherr)
c:/program files (x86)/atollic/truestudio for arm pro 4.2.0/armtools/bin/../lib/gcc/arm-atollic-eabi/4.7.3/../../../../arm-atollic-eabi/lib/armv7e-m/fpv4-sp-d16\libc.a(lib_a-init.o)
                              src\startup_stm32f4xx.o (__libc_init_array)
c:/program files (x86)/atollic/truestudio for arm pro 4.2.0/armtools/bin/../lib/gcc/arm-atollic-eabi/4.7.3/../../../../arm-atollic-eabi/lib/armv7e-m/fpv4-sp-d16\libc.a(lib_a-memcpy.o)
                              FreeRTOS\queue.o (memcpy)
c:/program files (x86)/atollic/truestudio for arm pro 4.2.0/armtools/bin/../lib/gcc/arm-atollic-eabi/4.7.3/../../../../arm-atollic-eabi/lib/armv7e-m/fpv4-sp-d16\libc.a(lib_a-memset.o)
                              FreeRTOS\tasks.o (memset)
c:/program files (x86)/atollic/truestudio for arm pro 4.2.0/armtools/bin/../lib/gcc/arm-atollic-eabi/4.7.3/../../../../arm-atollic-eabi/lib/armv7e-m/fpv4-sp-d16\libc.a(lib_a-strncpy.o)
                              FreeRTOS\tasks.o (strncpy)
c:/program files (x86)/atollic/truestudio for arm pro 4.2.0/armtools/bin/../lib/gcc/arm-atollic-eabi/4.7.3/../../../../arm-atollic-eabi/lib/armv7e-m/fpv4-sp-d16\libc.a(lib_a-syscalls.o)
                              src\tiny_printf.o (_write)
c:/program files (x86)/atollic/truestudio for arm pro 4.2.0/armtools/bin/../lib/gcc/arm-atollic-eabi/4.7.3/../../../../arm-atollic-eabi/lib/armv7e-m/fpv4-sp-d16\libc.a(lib_a-reent.o)
                              c:/program files (x86)/atollic/truestudio for arm pro 4.2.0/armtools/bin/../lib/gcc/arm-atollic-eabi/4.7.3/../../../../arm-atollic-eabi/lib/armv7e-m/fpv4-sp-d16\libc.a(lib_a-syscalls.o) (errno)
[...]
Memory Configuration

Name             Origin             Length             Attributes
FLASH            0x08000000         0x00100000         xr
RAM              0x20000000         0x00020000         xrw
MEMORY_B1        0x60000000         0x00000000         xr
*default*        0x00000000         0xffffffff

Linker script and memory map

LOAD c:/program files (x86)/atollic/truestudio for arm pro 4.2.0/armtools/bin/../lib/gcc/arm-atollic-eabi/4.7.3/armv7e-m/fpv4-sp-d16/crti.o
LOAD c:/program files (x86)/atollic/truestudio for arm pro 4.2.0/armtools/bin/../lib/gcc/arm-atollic-eabi/4.7.3/armv7e-m/fpv4-sp-d16/crtbegin.o
LOAD utils\src\filter.o
LOAD utils\src\debug.o
LOAD utils\src\cfassert.o
LOAD src\tiny_printf.o
LOAD src\system_stm32f4xx.o
LOAD src\stm32f4xx_it.o
LOAD src\startup_stm32f4xx.o
LOAD src\main.o
LOAD src\hw_config.o
LOAD modules\src\stabilizer.o
LOAD modules\src\sensfusion6.o
LOAD hal\src\imu.o
LOAD drivers\src\nvic.o
LOAD drivers\src\mpu6050.o
LOAD drivers\src\motors.o
LOAD drivers\src\i2croutines.o
LOAD drivers\src\i2cdev.o
LOAD Utilities\stm32f4_discovery_lis302dl.o
LOAD Utilities\stm32f4_discovery.o
LOAD Libraries\STM32F4xx_StdPeriph_Driver\src\stm32f4xx_wwdg.o
LOAD Libraries\STM32F4xx_StdPeriph_Driver\src\stm32f4xx_usart.o
LOAD Libraries\STM32F4xx_StdPeriph_Driver\src\stm32f4xx_tim.o
LOAD Libraries\STM32F4xx_StdPeriph_Driver\src\stm32f4xx_syscfg.o
LOAD Libraries\STM32F4xx_StdPeriph_Driver\src\stm32f4xx_spi.o
LOAD Libraries\STM32F4xx_StdPeriph_Driver\src\stm32f4xx_sdio.o
LOAD Libraries\STM32F4xx_StdPeriph_Driver\src\stm32f4xx_rtc.o
LOAD Libraries\STM32F4xx_StdPeriph_Driver\src\stm32f4xx_rng.o
LOAD Libraries\STM32F4xx_StdPeriph_Driver\src\stm32f4xx_rcc.o
LOAD Libraries\STM32F4xx_StdPeriph_Driver\src\stm32f4xx_pwr.o
LOAD Libraries\STM32F4xx_StdPeriph_Driver\src\stm32f4xx_iwdg.o
LOAD Libraries\STM32F4xx_StdPeriph_Driver\src\stm32f4xx_i2c.o
LOAD Libraries\STM32F4xx_StdPeriph_Driver\src\stm32f4xx_hash_sha1.o
LOAD Libraries\STM32F4xx_StdPeriph_Driver\src\stm32f4xx_hash_md5.o
LOAD Libraries\STM32F4xx_StdPeriph_Driver\src\stm32f4xx_hash.o
LOAD Libraries\STM32F4xx_StdPeriph_Driver\src\stm32f4xx_gpio.o
LOAD Libraries\STM32F4xx_StdPeriph_Driver\src\stm32f4xx_fsmc.o
LOAD Libraries\STM32F4xx_StdPeriph_Driver\src\stm32f4xx_flash.o
LOAD Libraries\STM32F4xx_StdPeriph_Driver\src\stm32f4xx_exti.o
LOAD Libraries\STM32F4xx_StdPeriph_Driver\src\stm32f4xx_dma.o
LOAD Libraries\STM32F4xx_StdPeriph_Driver\src\stm32f4xx_dcmi.o
LOAD Libraries\STM32F4xx_StdPeriph_Driver\src\stm32f4xx_dbgmcu.o
LOAD Libraries\STM32F4xx_StdPeriph_Driver\src\stm32f4xx_dac.o
LOAD Libraries\STM32F4xx_StdPeriph_Driver\src\stm32f4xx_cryp_tdes.o
LOAD Libraries\STM32F4xx_StdPeriph_Driver\src\stm32f4xx_cryp_des.o
LOAD Libraries\STM32F4xx_StdPeriph_Driver\src\stm32f4xx_cryp_aes.o
LOAD Libraries\STM32F4xx_StdPeriph_Driver\src\stm32f4xx_cryp.o
LOAD Libraries\STM32F4xx_StdPeriph_Driver\src\stm32f4xx_crc.o
LOAD Libraries\STM32F4xx_StdPeriph_Driver\src\stm32f4xx_can.o
LOAD Libraries\STM32F4xx_StdPeriph_Driver\src\stm32f4xx_adc.o
LOAD Libraries\STM32F4xx_StdPeriph_Driver\src\misc.o
LOAD FreeRTOS\timers.o
LOAD FreeRTOS\tasks.o
LOAD FreeRTOS\queue.o
LOAD FreeRTOS\portable\port.o
LOAD FreeRTOS\portable\MemMang\heap_2.o
LOAD FreeRTOS\list.o
LOAD c:/program files (x86)/atollic/truestudio for arm pro 4.2.0/armtools/bin/../lib/gcc/arm-atollic-eabi/4.7.3/../../../../arm-atollic-eabi/lib/armv7e-m/fpv4-sp-d16\libm.a
START GROUP
LOAD c:/program files (x86)/atollic/truestudio for arm pro 4.2.0/armtools/bin/../lib/gcc/arm-atollic-eabi/4.7.3/../../../../arm-atollic-eabi/lib/armv7e-m/fpv4-sp-d16\libc.a
LOAD c:/program files (x86)/atollic/truestudio for arm pro 4.2.0/armtools/bin/../lib/gcc/arm-atollic-eabi/4.7.3/../../../../arm-atollic-eabi/lib/armv7e-m/fpv4-sp-d16\libm.a
END GROUP
                0x00001000                malloc_getpagesize_P = 0x1000
START GROUP
LOAD c:/program files (x86)/atollic/truestudio for arm pro 4.2.0/armtools/bin/../lib/gcc/arm-atollic-eabi/4.7.3/armv7e-m/fpv4-sp-d16\libgcc.a
LOAD c:/program files (x86)/atollic/truestudio for arm pro 4.2.0/armtools/bin/../lib/gcc/arm-atollic-eabi/4.7.3/../../../../arm-atollic-eabi/lib/armv7e-m/fpv4-sp-d16\libc.a
END GROUP
LOAD c:/program files (x86)/atollic/truestudio for arm pro 4.2.0/armtools/bin/../lib/gcc/arm-atollic-eabi/4.7.3/armv7e-m/fpv4-sp-d16/crtend.o
LOAD c:/program files (x86)/atollic/truestudio for arm pro 4.2.0/armtools/bin/../lib/gcc/arm-atollic-eabi/4.7.3/armv7e-m/fpv4-sp-d16/crtn.o
                0x20020000                _estack = 0x20020000
                0x00000000                _Min_Heap_Size = 0x0
                0x00000400                _Min_Stack_Size = 0x400

.isr_vector     0x08000000      0x188
                0x08000000                . = ALIGN (0x4)
 *(.isr_vector)
 .isr_vector    0x08000000      0x188 src\startup_stm32f4xx.o
                0x08000000                g_pfnVectors
                0x08000188                . = ALIGN (0x4)

.text           0x08000188     0x8e00
                0x08000188                . = ALIGN (0x4)
 *(.text)
 .text          0x08000188       0x54 c:/program files (x86)/atollic/truestudio for arm pro 4.2.0/armtools/bin/../lib/gcc/arm-atollic-eabi/4.7.3/armv7e-m/fpv4-sp-d16/crtbegin.o
 .text          0x080001dc      0x370 c:/program files (x86)/atollic/truestudio for arm pro 4.2.0/armtools/bin/../lib/gcc/arm-atollic-eabi/4.7.3/armv7e-m/fpv4-sp-d16\libgcc.a(_arm_addsubdf3.o)
                0x080001dc                __aeabi_drsub
                0x080001e4                __aeabi_dsub
                0x080001e4                __subdf3
                0x080001e8                __aeabi_dadd
                0x080001e8                __adddf3
                0x08000460                __floatunsidf
                0x08000460                __aeabi_ui2d
                0x08000480                __floatsidf
                0x08000480                __aeabi_i2d
                0x080004a4                __aeabi_f2d
                0x080004a4                __extendsfdf2
                0x080004e0                __floatundidf
                0x080004e0                __aeabi_ul2d
                0x080004f0                __floatdidf
                0x080004f0                __aeabi_l2d
 .text          0x0800054c      0x424 c:/program files (x86)/atollic/truestudio for arm pro 4.2.0/armtools/bin/../lib/gcc/arm-atollic-eabi/4.7.3/armv7e-m/fpv4-sp-d16\libgcc.a(_arm_muldivdf3.o)
                0x0800054c                __aeabi_dmul
                0x0800054c                __muldf3
                0x080007a0                __divdf3
                0x080007a0                __aeabi_ddiv
 .text          0x08000970      0x110 c:/program files (x86)/atollic/truestudio for arm pro 4.2.0/armtools/bin/../lib/gcc/arm-atollic-eabi/4.7.3/armv7e-m/fpv4-sp-d16\libgcc.a(_arm_cmpdf2.o)
                0x08000970                __gtdf2
                0x08000970                __gedf2
                0x08000978                __ltdf2
                0x08000978                __ledf2
                0x08000980                __nedf2
                0x08000980                __eqdf2
                0x08000980                __cmpdf2
                0x080009fc                __aeabi_cdrcmple
                0x08000a0c                __aeabi_cdcmpeq
                0x08000a0c                __aeabi_cdcmple
                0x08000a1c                __aeabi_dcmpeq
                0x08000a30                __aeabi_dcmplt
                0x08000a44                __aeabi_dcmple
                0x08000a58                __aeabi_dcmpge
                0x08000a6c                __aeabi_dcmpgt
 .text          0x08000a80       0x40 c:/program files (x86)/atollic/truestudio for arm pro 4.2.0/armtools/bin/../lib/gcc/arm-atollic-eabi/4.7.3/armv7e-m/fpv4-sp-d16\libgcc.a(_arm_fixunsdfsi.o)
                0x08000a80                __aeabi_d2uiz
                0x08000a80                __fixunsdfsi
 .text          0x08000ac0       0xa0 c:/program files (x86)/atollic/truestudio for arm pro 4.2.0/armtools/bin/../lib/gcc/arm-atollic-eabi/4.7.3/armv7e-m/fpv4-sp-d16\libgcc.a(_arm_truncdfsf2.o)
                0x08000ac0                __truncdfsf2
                0x08000ac0                __aeabi_d2f
 .text          0x08000b60      0x21c c:/program files (x86)/atollic/truestudio for arm pro 4.2.0/armtools/bin/../lib/gcc/arm-atollic-eabi/4.7.3/armv7e-m/fpv4-sp-d16\libgcc.a(_arm_addsubsf3.o)
                0x08000b60                __aeabi_frsub
                0x08000b68                __subsf3
                0x08000b68                __aeabi_fsub
                0x08000b6c                __aeabi_fadd
                0x08000b6c                __addsf3
                0x08000ccc                __aeabi_ui2f
                0x08000ccc                __floatunsisf
                0x08000cd4                __aeabi_i2f
                0x08000cd4                __floatsisf
                0x08000cf0                __aeabi_ul2f
                0x08000cf0                __floatundisf
                0x08000d00                __aeabi_l2f
                0x08000d00                __floatdisf
 .text          0x08000d7c      0x2a0 c:/program files (x86)/atollic/truestudio for arm pro 4.2.0/armtools/bin/../lib/gcc/arm-atollic-eabi/4.7.3/armv7e-m/fpv4-sp-d16\libgcc.a(_arm_muldivsf3.o)
                0x08000d7c                __mulsf3
                0x08000d7c                __aeabi_fmul
                0x08000ee4                __aeabi_fdiv
                0x08000ee4                __divsf3
 .text          0x0800101c       0xec c:/program files (x86)/atollic/truestudio for arm pro 4.2.0/armtools/bin/../lib/gcc/arm-atollic-eabi/4.7.3/armv7e-m/fpv4-sp-d16\libgcc.a(_arm_cmpsf2.o)
                0x0800101c                __gesf2
                0x0800101c                __gtsf2
                0x08001024                __lesf2
                0x08001024                __ltsf2
                0x0800102c                __nesf2
                0x0800102c                __eqsf2
                0x0800102c                __cmpsf2
                0x0800108c                __aeabi_cfrcmple
                0x08001094                __aeabi_cfcmpeq
                0x08001094                __aeabi_cfcmple
                0x080010a4                __aeabi_fcmpeq
                0x080010b8                __aeabi_fcmplt
                0x080010cc                __aeabi_fcmple
                0x080010e0                __aeabi_fcmpge
                0x080010f4                __aeabi_fcmpgt
 .text          0x08001108       0x40 c:/program files (x86)/atollic/truestudio for arm pro 4.2.0/armtools/bin/../lib/gcc/arm-atollic-eabi/4.7.3/armv7e-m/fpv4-sp-d16\libgcc.a(_arm_fixunssfsi.o)
                0x08001108                __fixunssfsi
                0x08001108                __aeabi_f2uiz
 *(.text*)
 .text.iirLPFilterSingle
                0x08001148       0x7c utils\src\filter.o
                0x08001148                iirLPFilterSingle
 .text.SystemInit
                0x080011c4       0x94 src\system_stm32f4xx.o
                0x080011c4                SystemInit
 .text.SetSysClock
                0x08001258      0x188 src\system_stm32f4xx.o
 .text.NMI_Handler
                0x080013e0        0xc src\stm32f4xx_it.o
                0x080013e0                NMI_Handler
 .text.HardFault_Handler
                0x080013ec        0x8 src\stm32f4xx_it.o
                0x080013ec                HardFault_Handler
 .text.MemManage_Handler
                0x080013f4        0x8 src\stm32f4xx_it.o
                0x080013f4                MemManage_Handler
 .text.BusFault_Handler
                0x080013fc        0x8 src\stm32f4xx_it.o
                0x080013fc                BusFault_Handler
 .text.UsageFault_Handler
                0x08001404        0x8 src\stm32f4xx_it.o
                0x08001404                UsageFault_Handler
 .text.DebugMon_Handler
                0x0800140c        0xc src\stm32f4xx_it.o
                0x0800140c                DebugMon_Handler
 .text.EXTI0_IRQHandler
                0x08001418       0x5c src\stm32f4xx_it.o
                0x08001418                EXTI0_IRQHandler
 .text.Reset_Handler
                0x08001474       0x60 src\startup_stm32f4xx.o
                0x08001474                Reset_Handler
 .text.Default_Handler
                0x080014d4        0x4 src\startup_stm32f4xx.o
                0x080014d4                RTC_Alarm_IRQHandler
                0x080014d4                HASH_RNG_IRQHandler
                0x080014d4                EXTI2_IRQHandler
                0x080014d4                TIM8_CC_IRQHandler
                0x080014d4                TIM1_CC_IRQHandler
                0x080014d4                DMA2_Stream5_IRQHandler
                0x080014d4                DMA1_Stream5_IRQHandler
                0x080014d4                PVD_IRQHandler
                0x080014d4                SDIO_IRQHandler
                0x080014d4                TAMP_STAMP_IRQHandler
                0x080014d4                CAN2_RX1_IRQHandler
                0x080014d4                EXTI3_IRQHandler
                0x080014d4                TIM8_TRG_COM_TIM14_IRQHandler
                0x080014d4                TIM1_UP_TIM10_IRQHandler
                0x080014d4                TIM8_UP_TIM13_IRQHandler
                0x080014d4                I2C3_ER_IRQHandler
                0x080014d4                DMA1_Stream2_IRQHandler
                0x080014d4                CAN1_RX0_IRQHandler
                0x080014d4                FPU_IRQHandler
                0x080014d4                OTG_HS_WKUP_IRQHandler
                0x080014d4                CAN2_SCE_IRQHandler
                0x080014d4                DMA2_Stream2_IRQHandler
                0x080014d4                SPI1_IRQHandler
                0x080014d4                TIM6_DAC_IRQHandler
                0x080014d4                TIM1_BRK_TIM9_IRQHandler
                0x080014d4                DCMI_IRQHandler
                0x080014d4                CAN2_RX0_IRQHandler
                0x080014d4                DMA2_Stream3_IRQHandler
                0x080014d4                USART6_IRQHandler
                0x080014d4                USART3_IRQHandler
                0x080014d4                CRYP_IRQHandler
                0x080014d4                CAN1_RX1_IRQHandler
                0x080014d4                UART5_IRQHandler
                0x080014d4                DMA2_Stream0_IRQHandler
                0x080014d4                TIM4_IRQHandler
                0x080014d4                DMA1_Stream6_IRQHandler
                0x080014d4                DMA1_Stream1_IRQHandler
                0x080014d4                UART4_IRQHandler
                0x080014d4                TIM3_IRQHandler
                0x080014d4                RCC_IRQHandler
                0x080014d4                TIM8_BRK_TIM12_IRQHandler
                0x080014d4                Default_Handler
                0x080014d4                EXTI15_10_IRQHandler
                0x080014d4                ADC_IRQHandler
                0x080014d4                DMA1_Stream7_IRQHandler
                0x080014d4                TIM7_IRQHandler
                0x080014d4                CAN2_TX_IRQHandler
                0x080014d4                TIM5_IRQHandler
                0x080014d4                DMA2_Stream7_IRQHandler
                0x080014d4                I2C3_EV_IRQHandler
                0x080014d4                RTC_WKUP_IRQHandler
                0x080014d4                ETH_WKUP_IRQHandler
                0x080014d4                SPI2_IRQHandler
                0x080014d4                OTG_HS_EP1_IN_IRQHandler
                0x080014d4                DMA1_Stream0_IRQHandler
                0x080014d4                CAN1_TX_IRQHandler
                0x080014d4                EXTI4_IRQHandler
                0x080014d4                FSMC_IRQHandler
                0x080014d4                ETH_IRQHandler
                0x080014d4                OTG_HS_EP1_OUT_IRQHandler
                0x080014d4                WWDG_IRQHandler
                0x080014d4                TIM2_IRQHandler
                0x080014d4                OTG_FS_WKUP_IRQHandler
                0x080014d4                TIM1_TRG_COM_TIM11_IRQHandler
                0x080014d4                OTG_HS_IRQHandler
                0x080014d4                EXTI1_IRQHandler
                0x080014d4                USART2_IRQHandler
                0x080014d4                DMA2_Stream1_IRQHandler
                0x080014d4                CAN1_SCE_IRQHandler
                0x080014d4                FLASH_IRQHandler
                0x080014d4                DMA2_Stream4_IRQHandler
                0x080014d4                USART1_IRQHandler
                0x080014d4                OTG_FS_IRQHandler
                0x080014d4                SPI3_IRQHandler
                0x080014d4                DMA1_Stream4_IRQHandler
                0x080014d4                DMA2_Stream6_IRQHandler
                0x080014d4                DMA1_Stream3_IRQHandler
 .text.main     0x080014d8       0x20 src\main.o
                0x080014d8                main
 .text.vApplicationStackOverflowHook
                0x080014f8        0xc src\main.o
                0x080014f8                vApplicationStackOverflowHook
 .text.prvSetupHardware
                0x08001504       0x38 src\hw_config.o
                0x08001504                prvSetupHardware
 .text.prvLED_Config
                0x0800153c       0xc4 src\hw_config.o
                0x0800153c                prvLED_Config
 .text.prvMEMS_Config
                0x08001600      0x124 src\hw_config.o
                0x08001600                prvMEMS_Config
 .text.LIS302DL_TIMEOUT_UserCallback
                0x08001724        0x8 src\hw_config.o
                0x08001724                LIS302DL_TIMEOUT_UserCallback
 .text.prvTIM4_Config
                0x0800172c      0x170 src\hw_config.o
                0x0800172c                prvTIM4_Config
 .text.stabilizerInit
                0x0800189c       0x74 modules\src\stabilizer.o
                0x0800189c                stabilizerInit
 .text.stabilizerTask
                0x08001910      0x134 modules\src\stabilizer.o
 .text.imuinit  0x08001a44       0x8c modules\src\stabilizer.o
 .text.sensfusion6Init
                0x08001ad0       0x2c modules\src\sensfusion6.o
                0x08001ad0                sensfusion6Init
 *fill*         0x08001afc        0x4 00
 .text.sensfusion6UpdateQ
                0x08001b00      0x788 modules\src\sensfusion6.o
                0x08001b00                sensfusion6UpdateQ
 .text.sensfusion6GetEulerRPY
                0x08002288      0x3a8 modules\src\sensfusion6.o
                0x08002288                sensfusion6GetEulerRPY
 .text.invSqrt  0x08002630       0x80 modules\src\sensfusion6.o
 .text.imu6Init
                0x080026b0       0xd4 hal\src\imu.o
                0x080026b0                imu6Init
 .text.imu6Read
                0x08002784      0x208 hal\src\imu.o
                0x08002784                imu6Read
 .text.imuBiasInit
                0x0800298c       0x24 hal\src\imu.o
 .text.imuCalculateVarianceAndMean
                0x080029b0      0x34c hal\src\imu.o
 .text.imuAddBiasValue
                0x08002cfc       0x60 hal\src\imu.o
 .text.imuFindBiasValue
                0x08002d5c       0xa8 hal\src\imu.o
 .text.imuAccIIRLPFilter
                0x08002e04       0x6c hal\src\imu.o
 .text.EXTI9_5_IRQHandler
                0x08002e70        0xc drivers\src\nvic.o
                0x08002e70                EXTI9_5_IRQHandler
 .text.I2C1_EV_IRQHandler
                0x08002e7c        0xc drivers\src\nvic.o
                0x08002e7c                I2C1_EV_IRQHandler
 .text.I2C1_ER_IRQHandler
                0x08002e88        0xc drivers\src\nvic.o
                0x08002e88                I2C1_ER_IRQHandler
 .text.I2C2_EV_IRQHandler
                0x08002e94        0xc drivers\src\nvic.o
                0x08002e94                I2C2_EV_IRQHandler
 .text.I2C2_ER_IRQHandler
                0x08002ea0       0x1c drivers\src\nvic.o
                0x08002ea0                I2C2_ER_IRQHandler
 .text.mpu6050Init
                0x08002ebc       0x4c drivers\src\mpu6050.o
                0x08002ebc                mpu6050Init
 .text.mpu6050TestConnection
                0x08002f08       0x18 drivers\src\mpu6050.o
                0x08002f08                mpu6050TestConnection
 .text.mpu6050SetRate
                0x08002f20       0x34 drivers\src\mpu6050.o
                0x08002f20                mpu6050SetRate
 .text.mpu6050SetDLPFMode
                0x08002f54       0x40 drivers\src\mpu6050.o
                0x08002f54                mpu6050SetDLPFMode
 .text.mpu6050SetFullScaleGyroRange
                0x08002f94       0x40 drivers\src\mpu6050.o
                0x08002f94                mpu6050SetFullScaleGyroRange
 .text.mpu6050SetFullScaleAccelRange
                0x08002fd4       0x40 drivers\src\mpu6050.o
                0x08002fd4                mpu6050SetFullScaleAccelRange
 .text.mpu6050SetI2CBypassEnabled
                0x08003014       0x3c drivers\src\mpu6050.o
                0x08003014                mpu6050SetI2CBypassEnabled
 .text.mpu6050SetIntEnabled
                0x08003050       0x34 drivers\src\mpu6050.o
                0x08003050                mpu6050SetIntEnabled
 .text.mpu6050GetMotion6
                0x08003084      0x110 drivers\src\mpu6050.o
                0x08003084                mpu6050GetMotion6
 .text.mpu6050Reset
                0x08003194       0x34 drivers\src\mpu6050.o
                0x08003194                mpu6050Reset
 .text.mpu6050SetSleepEnabled
                0x080031c8       0x3c drivers\src\mpu6050.o
                0x080031c8                mpu6050SetSleepEnabled
 .text.mpu6050SetTempSensorEnabled
                0x08003204       0x40 drivers\src\mpu6050.o
                0x08003204                mpu6050SetTempSensorEnabled
 .text.mpu6050SetClockSource
                0x08003244       0x40 drivers\src\mpu6050.o
                0x08003244                mpu6050SetClockSource
 .text.mpu6050GetDeviceID
                0x08003284       0x4c drivers\src\mpu6050.o
                0x08003284                mpu6050GetDeviceID
 .text.motorsInit
                0x080032d0      0x22c drivers\src\motors.o
                0x080032d0                motorsInit
 .text.motorsSetRatio
                0x080034fc       0x80 drivers\src\motors.o
                0x080034fc                motorsSetRatio
 .text.I2C_Master_BufferRead
                0x0800357c      0x280 drivers\src\i2croutines.o
                0x0800357c                I2C_Master_BufferRead
 .text.I2C_Master_BufferWrite
                0x080037fc      0x26c drivers\src\i2croutines.o
                0x080037fc                I2C_Master_BufferWrite
 .text.I2C_LowLevel_Init
                0x08003a68      0x254 drivers\src\i2croutines.o
                0x08003a68                I2C_LowLevel_Init
 .text.I2C_DMAConfig
                0x08003cbc      0x114 drivers\src\i2croutines.o
                0x08003cbc                I2C_DMAConfig
 .text.i2cInterruptHandlerI2c1
                0x08003dd0      0x308 drivers\src\i2croutines.o
                0x08003dd0                i2cInterruptHandlerI2c1
 .text.i2cErrorInterruptHandlerI2c1
                0x080040d8       0xd4 drivers\src\i2croutines.o
                0x080040d8                i2cErrorInterruptHandlerI2c1
 .text.i2cdevInit
                0x080041ac      0x110 drivers\src\i2cdev.o
                0x080041ac                i2cdevInit
 .text.i2cdevReadByte
                0x080042bc       0x34 drivers\src\i2cdev.o
                0x080042bc                i2cdevReadByte
 .text.i2cdevReadBits
                0x080042f0       0x78 drivers\src\i2cdev.o
                0x080042f0                i2cdevReadBits
 .text.i2cdevRead
                0x08004368       0x88 drivers\src\i2cdev.o
                0x08004368                i2cdevRead
 .text.i2cdevWriteByte
                0x080043f0       0x34 drivers\src\i2cdev.o
                0x080043f0                i2cdevWriteByte
 .text.i2cdevWriteBit
                0x08004424       0x70 drivers\src\i2cdev.o
                0x08004424                i2cdevWriteBit
 .text.i2cdevWriteBits
                0x08004494       0x98 drivers\src\i2cdev.o
                0x08004494                i2cdevWriteBits
 .text.i2cdevWrite
                0x0800452c       0xd8 drivers\src\i2cdev.o
                0x0800452c                i2cdevWrite
 .text.i2cdevRuffLoopDelay
                0x08004604       0x30 drivers\src\i2cdev.o
 .text.i2cdevResetBusI2c1
                0x08004634      0x24c drivers\src\i2cdev.o
 .text.LIS302DL_Init
                0x08004880       0x54 Utilities\stm32f4_discovery_lis302dl.o
                0x08004880                LIS302DL_Init
 .text.LIS302DL_InterruptConfig
                0x080048d4       0x50 Utilities\stm32f4_discovery_lis302dl.o
                0x080048d4                LIS302DL_InterruptConfig
 .text.LIS302DL_Write
                0x08004924       0x70 Utilities\stm32f4_discovery_lis302dl.o
                0x08004924                LIS302DL_Write
 .text.LIS302DL_Read
                0x08004994       0x80 Utilities\stm32f4_discovery_lis302dl.o
                0x08004994                LIS302DL_Read
 .text.LIS302DL_LowLevel_Init
                0x08004a14      0x1cc Utilities\stm32f4_discovery_lis302dl.o
 .text.LIS302DL_SendByte
                0x08004be0       0xe4 Utilities\stm32f4_discovery_lis302dl.o
 .text.STM_EVAL_LEDToggle
                0x08004cc4       0x44 Utilities\stm32f4_discovery.o
                0x08004cc4                STM_EVAL_LEDToggle
 .text.STM_EVAL_PBInit
                0x08004d08       0xec Utilities\stm32f4_discovery.o
                0x08004d08                STM_EVAL_PBInit
 .text.TIM_TimeBaseInit
                0x08004df4       0xf4 Libraries\STM32F4xx_StdPeriph_Driver\src\stm32f4xx_tim.o
                0x08004df4                TIM_TimeBaseInit
 .text.TIM_ARRPreloadConfig
                0x08004ee8       0x40 Libraries\STM32F4xx_StdPeriph_Driver\src\stm32f4xx_tim.o
                0x08004ee8                TIM_ARRPreloadConfig
 .text.TIM_Cmd  0x08004f28       0x40 Libraries\STM32F4xx_StdPeriph_Driver\src\stm32f4xx_tim.o
                0x08004f28                TIM_Cmd
 .text.TIM_OC1Init
                0x08004f68       0xfc Libraries\STM32F4xx_StdPeriph_Driver\src\stm32f4xx_tim.o
                0x08004f68                TIM_OC1Init
 .text.TIM_OC2Init
                0x08005064      0x128 Libraries\STM32F4xx_StdPeriph_Driver\src\stm32f4xx_tim.o
                0x08005064                TIM_OC2Init
 .text.TIM_OC3Init
                0x0800518c      0x120 Libraries\STM32F4xx_StdPeriph_Driver\src\stm32f4xx_tim.o
                0x0800518c                TIM_OC3Init
 .text.TIM_OC4Init
                0x080052ac       0xe0 Libraries\STM32F4xx_StdPeriph_Driver\src\stm32f4xx_tim.o
                0x080052ac                TIM_OC4Init
 .text.TIM_SetCompare1
                0x0800538c       0x1c Libraries\STM32F4xx_StdPeriph_Driver\src\stm32f4xx_tim.o
                0x0800538c                TIM_SetCompare1
 .text.TIM_SetCompare2
                0x080053a8       0x1c Libraries\STM32F4xx_StdPeriph_Driver\src\stm32f4xx_tim.o
                0x080053a8                TIM_SetCompare2
 .text.TIM_SetCompare3
                0x080053c4       0x1c Libraries\STM32F4xx_StdPeriph_Driver\src\stm32f4xx_tim.o
                0x080053c4                TIM_SetCompare3
 .text.TIM_SetCompare4
                0x080053e0       0x1c Libraries\STM32F4xx_StdPeriph_Driver\src\stm32f4xx_tim.o
                0x080053e0                TIM_SetCompare4
 .text.TIM_OC1PreloadConfig
                0x080053fc       0x38 Libraries\STM32F4xx_StdPeriph_Driver\src\stm32f4xx_tim.o
                0x080053fc                TIM_OC1PreloadConfig
 .text.TIM_OC2PreloadConfig
                0x08005434       0x40 Libraries\STM32F4xx_StdPeriph_Driver\src\stm32f4xx_tim.o
                0x08005434                TIM_OC2PreloadConfig
 .text.TIM_OC3PreloadConfig
                0x08005474       0x38 Libraries\STM32F4xx_StdPeriph_Driver\src\stm32f4xx_tim.o
                0x08005474                TIM_OC3PreloadConfig
 .text.TIM_OC4PreloadConfig
                0x080054ac       0x40 Libraries\STM32F4xx_StdPeriph_Driver\src\stm32f4xx_tim.o
                0x080054ac                TIM_OC4PreloadConfig
 .text.TIM_CCxCmd
                0x080054ec       0x5c Libraries\STM32F4xx_StdPeriph_Driver\src\stm32f4xx_tim.o
                0x080054ec                TIM_CCxCmd
 .text.SYSCFG_EXTILineConfig
                0x08005548       0xb0 Libraries\STM32F4xx_StdPeriph_Driver\src\stm32f4xx_syscfg.o
                0x08005548                SYSCFG_EXTILineConfig
 .text.SPI_I2S_DeInit
                0x080055f8       0x88 Libraries\STM32F4xx_StdPeriph_Driver\src\stm32f4xx_spi.o
                0x080055f8                SPI_I2S_DeInit
 .text.SPI_Init
                0x08005680       0x88 Libraries\STM32F4xx_StdPeriph_Driver\src\stm32f4xx_spi.o
                0x08005680                SPI_Init
 .text.SPI_Cmd  0x08005708       0x40 Libraries\STM32F4xx_StdPeriph_Driver\src\stm32f4xx_spi.o
                0x08005708                SPI_Cmd
 .text.SPI_I2S_ReceiveData
                0x08005748       0x1c Libraries\STM32F4xx_StdPeriph_Driver\src\stm32f4xx_spi.o
                0x08005748                SPI_I2S_ReceiveData
 .text.SPI_I2S_SendData
                0x08005764       0x1c Libraries\STM32F4xx_StdPeriph_Driver\src\stm32f4xx_spi.o
                0x08005764                SPI_I2S_SendData
 .text.SPI_I2S_GetFlagStatus
                0x08005780       0x40 Libraries\STM32F4xx_StdPeriph_Driver\src\stm32f4xx_spi.o
                0x08005780                SPI_I2S_GetFlagStatus
 .text.RCC_GetClocksFreq
                0x080057c0      0x1cc Libraries\STM32F4xx_StdPeriph_Driver\src\stm32f4xx_rcc.o
                0x080057c0                RCC_GetClocksFreq
 .text.RCC_AHB1PeriphClockCmd
                0x0800598c       0x54 Libraries\STM32F4xx_StdPeriph_Driver\src\stm32f4xx_rcc.o
                0x0800598c                RCC_AHB1PeriphClockCmd
 .text.RCC_APB1PeriphClockCmd
                0x080059e0       0x54 Libraries\STM32F4xx_StdPeriph_Driver\src\stm32f4xx_rcc.o
                0x080059e0                RCC_APB1PeriphClockCmd
 .text.RCC_APB2PeriphClockCmd
                0x08005a34       0x54 Libraries\STM32F4xx_StdPeriph_Driver\src\stm32f4xx_rcc.o
                0x08005a34                RCC_APB2PeriphClockCmd
 .text.RCC_APB1PeriphResetCmd
                0x08005a88       0x54 Libraries\STM32F4xx_StdPeriph_Driver\src\stm32f4xx_rcc.o
                0x08005a88                RCC_APB1PeriphResetCmd
 .text.RCC_APB2PeriphResetCmd
                0x08005adc       0x54 Libraries\STM32F4xx_StdPeriph_Driver\src\stm32f4xx_rcc.o
                0x08005adc                RCC_APB2PeriphResetCmd
 .text.I2C_DeInit
                0x08005b30       0x88 Libraries\STM32F4xx_StdPeriph_Driver\src\stm32f4xx_i2c.o
                0x08005b30                I2C_DeInit
 .text.I2C_Init
                0x08005bb8      0x1ac Libraries\STM32F4xx_StdPeriph_Driver\src\stm32f4xx_i2c.o
                0x08005bb8                I2C_Init
 .text.I2C_SoftwareResetCmd
                0x08005d64       0x48 Libraries\STM32F4xx_StdPeriph_Driver\src\stm32f4xx_i2c.o
                0x08005d64                I2C_SoftwareResetCmd
 .text.I2C_ClearFlag
                0x08005dac       0x30 Libraries\STM32F4xx_StdPeriph_Driver\src\stm32f4xx_i2c.o
                0x08005dac                I2C_ClearFlag
 .text.GPIO_Init
                0x08005ddc      0x144 Libraries\STM32F4xx_StdPeriph_Driver\src\stm32f4xx_gpio.o
                0x08005ddc                GPIO_Init
 .text.GPIO_ReadInputDataBit
                0x08005f20       0x3c Libraries\STM32F4xx_StdPeriph_Driver\src\stm32f4xx_gpio.o
                0x08005f20                GPIO_ReadInputDataBit
 .text.GPIO_SetBits
                0x08005f5c       0x1c Libraries\STM32F4xx_StdPeriph_Driver\src\stm32f4xx_gpio.o
                0x08005f5c                GPIO_SetBits
 .text.GPIO_ResetBits
                0x08005f78       0x1c Libraries\STM32F4xx_StdPeriph_Driver\src\stm32f4xx_gpio.o
                0x08005f78                GPIO_ResetBits
 .text.GPIO_PinAFConfig
                0x08005f94       0xa8 Libraries\STM32F4xx_StdPeriph_Driver\src\stm32f4xx_gpio.o
                0x08005f94                GPIO_PinAFConfig
 .text.EXTI_Init
                0x0800603c      0x138 Libraries\STM32F4xx_StdPeriph_Driver\src\stm32f4xx_exti.o
                0x0800603c                EXTI_Init
 .text.EXTI_GetITStatus
                0x08006174       0x58 Libraries\STM32F4xx_StdPeriph_Driver\src\stm32f4xx_exti.o
                0x08006174                EXTI_GetITStatus
 .text.EXTI_ClearITPendingBit
                0x080061cc       0x20 Libraries\STM32F4xx_StdPeriph_Driver\src\stm32f4xx_exti.o
                0x080061cc                EXTI_ClearITPendingBit
 .text.DMA_DeInit
                0x080061ec      0x244 Libraries\STM32F4xx_StdPeriph_Driver\src\stm32f4xx_dma.o
                0x080061ec                DMA_DeInit
 .text.DMA_Init
                0x08006430       0xb0 Libraries\STM32F4xx_StdPeriph_Driver\src\stm32f4xx_dma.o
                0x08006430                DMA_Init
 .text.DMA_Cmd  0x080064e0       0x38 Libraries\STM32F4xx_StdPeriph_Driver\src\stm32f4xx_dma.o
                0x080064e0                DMA_Cmd
 .text.DMA_ClearFlag
                0x08006518       0x60 Libraries\STM32F4xx_StdPeriph_Driver\src\stm32f4xx_dma.o
                0x08006518                DMA_ClearFlag
 .text.DMA_ITConfig
                0x08006578       0x74 Libraries\STM32F4xx_StdPeriph_Driver\src\stm32f4xx_dma.o
                0x08006578                DMA_ITConfig
 .text.NVIC_PriorityGroupConfig
                0x080065ec       0x28 Libraries\STM32F4xx_StdPeriph_Driver\src\misc.o
                0x080065ec                NVIC_PriorityGroupConfig
 .text.NVIC_Init
                0x08006614       0xe4 Libraries\STM32F4xx_StdPeriph_Driver\src\misc.o
                0x08006614                NVIC_Init
 .text.NVIC_SetVectorTable
                0x080066f8       0x2c Libraries\STM32F4xx_StdPeriph_Driver\src\misc.o
                0x080066f8                NVIC_SetVectorTable
 .text.xTimerCreateTimerTask
                0x08006724       0x70 FreeRTOS\timers.o
                0x08006724                xTimerCreateTimerTask
 .text.xTimerGenericCommand
                0x08006794       0xac FreeRTOS\timers.o
                0x08006794                xTimerGenericCommand
 .text.prvProcessExpiredTimer
                0x08006840       0x80 FreeRTOS\timers.o
 .text.prvTimerTask
                0x080068c0       0x24 FreeRTOS\timers.o
 .text.prvProcessTimerOrBlockTask
                0x080068e4       0x74 FreeRTOS\timers.o
 .text.prvGetNextExpireTime
                0x08006958       0x54 FreeRTOS\timers.o
 .text.prvSampleTimeNow
                0x080069ac       0x58 FreeRTOS\timers.o
 .text.prvInsertTimerInActiveList
                0x08006a04       0x94 FreeRTOS\timers.o
 .text.prvProcessReceivedCommands
                0x08006a98      0x114 FreeRTOS\timers.o
 .text.prvSwitchTimerLists
                0x08006bac       0xec FreeRTOS\timers.o
 .text.prvCheckForValidListAndQueue
                0x08006c98       0x70 FreeRTOS\timers.o
 .text.xTaskGenericCreate
                0x08006d08      0x1f4 FreeRTOS\tasks.o
                0x08006d08                xTaskGenericCreate
 .text.vTaskDelayUntil
                0x08006efc       0xd0 FreeRTOS\tasks.o
                0x08006efc                vTaskDelayUntil
 .text.vTaskStartScheduler
                0x08006fcc       0x90 FreeRTOS\tasks.o
                0x08006fcc                vTaskStartScheduler
 .text.vTaskSuspendAll
                0x0800705c       0x24 FreeRTOS\tasks.o
                0x0800705c                vTaskSuspendAll
 .text.xTaskResumeAll
                0x08007080      0x168 FreeRTOS\tasks.o
                0x08007080                xTaskResumeAll
 .text.xTaskGetTickCount
                0x080071e8       0x28 FreeRTOS\tasks.o
                0x080071e8                xTaskGetTickCount
 .text.vTaskIncrementTick
                0x08007210      0x1d0 FreeRTOS\tasks.o
                0x08007210                vTaskIncrementTick
 .text.vTaskSwitchContext
                0x080073e0      0x118 FreeRTOS\tasks.o
                0x080073e0                vTaskSwitchContext
 .text.vTaskPlaceOnEventList
                0x080074f8       0x64 FreeRTOS\tasks.o
                0x080074f8                vTaskPlaceOnEventList
 .text.vTaskPlaceOnEventListRestricted
                0x0800755c       0x64 FreeRTOS\tasks.o
                0x0800755c                vTaskPlaceOnEventListRestricted
 .text.xTaskRemoveFromEventList
                0x080075c0       0xd4 FreeRTOS\tasks.o
                0x080075c0                xTaskRemoveFromEventList
 .text.vTaskSetTimeOutState
                0x08007694       0x40 FreeRTOS\tasks.o
                0x08007694                vTaskSetTimeOutState
 .text.xTaskCheckForTimeOut
                0x080076d4       0xb0 FreeRTOS\tasks.o
                0x080076d4                xTaskCheckForTimeOut
 .text.vTaskMissedYield
                0x08007784       0x18 FreeRTOS\tasks.o
                0x08007784                vTaskMissedYield
 .text.prvIdleTask
                0x0800779c       0x10 FreeRTOS\tasks.o
 .text.prvInitialiseTCBVariables
                0x080077ac       0x74 FreeRTOS\tasks.o
 .text.prvInitialiseTaskLists
                0x08007820       0x8c FreeRTOS\tasks.o
 .text.prvCheckTasksWaitingTermination
                0x080078ac        0xc FreeRTOS\tasks.o
 .text.prvAddCurrentTaskToDelayedList
                0x080078b8       0x8c FreeRTOS\tasks.o
 .text.prvAllocateTCBAndStack
                0x08007944       0x70 FreeRTOS\tasks.o
 .text.xTaskGetSchedulerState
                0x080079b4       0x48 FreeRTOS\tasks.o
                0x080079b4                xTaskGetSchedulerState
 .text.xQueueCreate
                0x080079fc       0xdc FreeRTOS\queue.o
                0x080079fc                xQueueCreate
 .text.xQueueGenericSend
                0x08007ad8      0x154 FreeRTOS\queue.o
                0x08007ad8                xQueueGenericSend
 .text.xQueueGenericSendFromISR
                0x08007c2c       0xd4 FreeRTOS\queue.o
                0x08007c2c                xQueueGenericSendFromISR
 .text.xQueueGenericReceive
                0x08007d00      0x190 FreeRTOS\queue.o
                0x08007d00                xQueueGenericReceive
 .text.prvCopyDataToQueue
                0x08007e90       0xa8 FreeRTOS\queue.o
 .text.prvCopyDataFromQueue
                0x08007f38       0x50 FreeRTOS\queue.o
 .text.prvUnlockQueue
                0x08007f88       0xa0 FreeRTOS\queue.o
 .text.prvIsQueueEmpty
                0x08008028       0x2c FreeRTOS\queue.o
 .text.prvIsQueueFull
                0x08008054       0x30 FreeRTOS\queue.o
 .text.vQueueWaitForMessageRestricted
                0x08008084       0x5c FreeRTOS\queue.o
                0x08008084                vQueueWaitForMessageRestricted
 .text.pxPortInitialiseStack
                0x080080e0       0x60 FreeRTOS\portable\port.o
                0x080080e0                pxPortInitialiseStack
 .text.SVC_Handler
                0x08008140       0x20 FreeRTOS\portable\port.o
                0x08008140                SVC_Handler
 .text.vPortStartFirstTask
                0x08008160       0x14 FreeRTOS\portable\port.o
                0x08008160                vPortStartFirstTask
 .text.xPortStartScheduler
                0x08008174       0x54 FreeRTOS\portable\port.o
                0x08008174                xPortStartScheduler
 .text.vPortYieldFromISR
                0x080081c8       0x18 FreeRTOS\portable\port.o
                0x080081c8                vPortYieldFromISR
 .text.vPortEnterCritical
                0x080081e0       0x2c FreeRTOS\portable\port.o
                0x080081e0                vPortEnterCritical
 .text.vPortExitCritical
                0x0800820c       0x38 FreeRTOS\portable\port.o
                0x0800820c                vPortExitCritical
 .text.PendSV_Handler
                0x08008244       0x3c FreeRTOS\portable\port.o
                0x08008244                PendSV_Handler
 .text.SysTick_Handler
                0x08008280       0x38 FreeRTOS\portable\port.o
                0x08008280                SysTick_Handler
 .text.prvSetupTimerInterrupt
                0x080082b8       0x28 FreeRTOS\portable\port.o
 .text.pvPortMalloc
                0x080082e0      0x1b0 FreeRTOS\portable\MemMang\heap_2.o
                0x080082e0                pvPortMalloc
 .text.vPortFree
                0x08008490       0x88 FreeRTOS\portable\MemMang\heap_2.o
                0x08008490                vPortFree
 .text.vListInitialise
                0x08008518       0x40 FreeRTOS\list.o
                0x08008518                vListInitialise
 .text.vListInitialiseItem
                0x08008558       0x1c FreeRTOS\list.o
                0x08008558                vListInitialiseItem
 .text.vListInsertEnd
                0x08008574       0x50 FreeRTOS\list.o
                0x08008574                vListInsertEnd
 .text.vListInsert
                0x080085c4       0x74 FreeRTOS\list.o
                0x080085c4                vListInsert
 .text.vListRemove
                0x08008638       0x54 FreeRTOS\list.o
                0x08008638                vListRemove
 *fill*         0x0800868c        0x4 00
 .text.atan     0x08008690      0x360 c:/program files (x86)/atollic/truestudio for arm pro 4.2.0/armtools/bin/../lib/gcc/arm-atollic-eabi/4.7.3/../../../../arm-atollic-eabi/lib/armv7e-m/fpv4-sp-d16\libm.a(lib_a-s_atan.o)
                0x08008690                atan
 .text.fabs     0x080089f0        0x6 c:/program files (x86)/atollic/truestudio for arm pro 4.2.0/armtools/bin/../lib/gcc/arm-atollic-eabi/4.7.3/../../../../arm-atollic-eabi/lib/armv7e-m/fpv4-sp-d16\libm.a(lib_a-s_fabs.o)
                0x080089f0                fabs
 .text.atan2    0x080089f6        0x4 c:/program files (x86)/atollic/truestudio for arm pro 4.2.0/armtools/bin/../lib/gcc/arm-atollic-eabi/4.7.3/../../../../arm-atollic-eabi/lib/armv7e-m/fpv4-sp-d16\libm.a(lib_a-w_atan2.o)
                0x080089f6                atan2
 *fill*         0x080089fa        0x2 00
 .text.sqrt     0x080089fc       0xa4 c:/program files (x86)/atollic/truestudio for arm pro 4.2.0/armtools/bin/../lib/gcc/arm-atollic-eabi/4.7.3/../../../../arm-atollic-eabi/lib/armv7e-m/fpv4-sp-d16\libm.a(lib_a-w_sqrt.o)
                0x080089fc                sqrt
 .text.__ieee754_atan2
                0x08008aa0      0x1e0 c:/program files (x86)/atollic/truestudio for arm pro 4.2.0/armtools/bin/../lib/gcc/arm-atollic-eabi/4.7.3/../../../../arm-atollic-eabi/lib/armv7e-m/fpv4-sp-d16\libm.a(lib_a-e_atan2.o)
                0x08008aa0                __ieee754_atan2
 .text.__ieee754_sqrt
                0x08008c80      0x15c c:/program files (x86)/atollic/truestudio for arm pro 4.2.0/armtools/bin/../lib/gcc/arm-atollic-eabi/4.7.3/../../../../arm-atollic-eabi/lib/armv7e-m/fpv4-sp-d16\libm.a(lib_a-e_sqrt.o)
                0x08008c80                __ieee754_sqrt
 .text.__fpclassifyd
                0x08008ddc       0x64 c:/program files (x86)/atollic/truestudio for arm pro 4.2.0/armtools/bin/../lib/gcc/arm-atollic-eabi/4.7.3/../../../../arm-atollic-eabi/lib/armv7e-m/fpv4-sp-d16\libm.a(lib_a-s_fpclassify.o)
                0x08008ddc                __fpclassifyd
 .text.matherr  0x08008e40        0x4 c:/program files (x86)/atollic/truestudio for arm pro 4.2.0/armtools/bin/../lib/gcc/arm-atollic-eabi/4.7.3/../../../../arm-atollic-eabi/lib/armv7e-m/fpv4-sp-d16\libm.a(lib_a-s_matherr.o)
                0x08008e40                matherr
 .text.__libc_init_array
                0x08008e44       0x4c c:/program files (x86)/atollic/truestudio for arm pro 4.2.0/armtools/bin/../lib/gcc/arm-atollic-eabi/4.7.3/../../../../arm-atollic-eabi/lib/armv7e-m/fpv4-sp-d16\libc.a(lib_a-init.o)
                0x08008e44                __libc_init_array
 .text.memcpy   0x08008e90       0x12 c:/program files (x86)/atollic/truestudio for arm pro 4.2.0/armtools/bin/../lib/gcc/arm-atollic-eabi/4.7.3/../../../../arm-atollic-eabi/lib/armv7e-m/fpv4-sp-d16\libc.a(lib_a-memcpy.o)
                0x08008e90                memcpy
 .text.memset   0x08008ea2       0x10 c:/program files (x86)/atollic/truestudio for arm pro 4.2.0/armtools/bin/../lib/gcc/arm-atollic-eabi/4.7.3/../../../../arm-atollic-eabi/lib/armv7e-m/fpv4-sp-d16\libc.a(lib_a-memset.o)
                0x08008ea2                memset
 .text.strncpy  0x08008eb2       0x2a c:/program files (x86)/atollic/truestudio for arm pro 4.2.0/armtools/bin/../lib/gcc/arm-atollic-eabi/4.7.3/../../../../arm-atollic-eabi/lib/armv7e-m/fpv4-sp-d16\libc.a(lib_a-strncpy.o)
                0x08008eb2                strncpy
 *(.rodata)
 .rodata        0x08008edc        0xc modules\src\stabilizer.o
 .rodata        0x08008ee8        0x8 FreeRTOS\timers.o
 .rodata        0x08008ef0        0x8 FreeRTOS\tasks.o
 *(.rodata*)
 .rodata.GPIO_PIN
                0x08008ef8        0x8 Utilities\stm32f4_discovery.o
                0x08008ef8                GPIO_PIN
 .rodata.BUTTON_PIN
                0x08008f00        0x4 Utilities\stm32f4_discovery.o
                0x08008f00                BUTTON_PIN
 .rodata.BUTTON_CLK
                0x08008f04        0x4 Utilities\stm32f4_discovery.o
                0x08008f04                BUTTON_CLK
 .rodata.BUTTON_EXTI_LINE
                0x08008f08        0x4 Utilities\stm32f4_discovery.o
                0x08008f08                BUTTON_EXTI_LINE
 .rodata.BUTTON_PORT_SOURCE
                0x08008f0c        0x4 Utilities\stm32f4_discovery.o
                0x08008f0c                BUTTON_PORT_SOURCE
 .rodata.BUTTON_PIN_SOURCE
                0x08008f10        0x4 Utilities\stm32f4_discovery.o
                0x08008f10                BUTTON_PIN_SOURCE
 .rodata.BUTTON_IRQn
                0x08008f14        0x4 Utilities\stm32f4_discovery.o
                0x08008f14                BUTTON_IRQn
 .rodata.heapSTRUCT_SIZE
                0x08008f18        0x2 FreeRTOS\portable\MemMang\heap_2.o
 *fill*         0x08008f1a        0x6 00
 .rodata.atanlo
                0x08008f20       0x20 c:/program files (x86)/atollic/truestudio for arm pro 4.2.0/armtools/bin/../lib/gcc/arm-atollic-eabi/4.7.3/../../../../arm-atollic-eabi/lib/armv7e-m/fpv4-sp-d16\libm.a(lib_a-s_atan.o)
 .rodata.atanhi
                0x08008f40       0x20 c:/program files (x86)/atollic/truestudio for arm pro 4.2.0/armtools/bin/../lib/gcc/arm-atollic-eabi/4.7.3/../../../../arm-atollic-eabi/lib/armv7e-m/fpv4-sp-d16\libm.a(lib_a-s_atan.o)
 .rodata.str1.1
                0x08008f60        0x5 c:/program files (x86)/atollic/truestudio for arm pro 4.2.0/armtools/bin/../lib/gcc/arm-atollic-eabi/4.7.3/../../../../arm-atollic-eabi/lib/armv7e-m/fpv4-sp-d16\libm.a(lib_a-w_sqrt.o)
 *(.glue_7)
 .glue_7        0x00000000        0x0 linker stubs
 *(.glue_7t)
 .glue_7t       0x00000000        0x0 linker stubs
 *(.eh_frame)
 *fill*         0x08008f65        0x3 00
 .eh_frame      0x08008f68        0x0 c:/program files (x86)/atollic/truestudio for arm pro 4.2.0/armtools/bin/../lib/gcc/arm-atollic-eabi/4.7.3/armv7e-m/fpv4-sp-d16/crtbegin.o
 *(.init)
 .init          0x08008f68        0x4 c:/program files (x86)/atollic/truestudio for arm pro 4.2.0/armtools/bin/../lib/gcc/arm-atollic-eabi/4.7.3/armv7e-m/fpv4-sp-d16/crti.o
                0x08008f68                _init
 .init          0x08008f6c        0x8 c:/program files (x86)/atollic/truestudio for arm pro 4.2.0/armtools/bin/../lib/gcc/arm-atollic-eabi/4.7.3/armv7e-m/fpv4-sp-d16/crtn.o
 *(.fini)
 .fini          0x08008f74        0x4 c:/program files (x86)/atollic/truestudio for arm pro 4.2.0/armtools/bin/../lib/gcc/arm-atollic-eabi/4.7.3/armv7e-m/fpv4-sp-d16/crti.o
                0x08008f74                _fini
 .fini          0x08008f78        0x8 c:/program files (x86)/atollic/truestudio for arm pro 4.2.0/armtools/bin/../lib/gcc/arm-atollic-eabi/4.7.3/armv7e-m/fpv4-sp-d16/crtn.o
 .fini.stub     0x08008f80        0x8 linker stubs
                0x08008f88                . = ALIGN (0x4)
                0x08008f88                _etext = .

.vfp11_veneer   0x08008f88        0x0
 .vfp11_veneer  0x00000000        0x0 linker stubs

.v4_bx          0x08008f88        0x0
 .v4_bx         0x00000000        0x0 linker stubs

.iplt           0x08008f88        0x0
 .iplt          0x00000000        0x0 c:/program files (x86)/atollic/truestudio for arm pro 4.2.0/armtools/bin/../lib/gcc/arm-atollic-eabi/4.7.3/armv7e-m/fpv4-sp-d16/crtbegin.o

.rel.dyn        0x08008f88        0x0
 .rel.iplt      0x00000000        0x0 c:/program files (x86)/atollic/truestudio for arm pro 4.2.0/armtools/bin/../lib/gcc/arm-atollic-eabi/4.7.3/armv7e-m/fpv4-sp-d16/crtbegin.o

.ARM.extab
 *(.ARM.extab* .gnu.linkonce.armextab.*)

.ARM            0x08008f88        0x0
                0x08008f88                __exidx_start = .
 *(.ARM.exidx*)
                0x08008f88                __exidx_end = .

.preinit_array  0x08008f88        0x0
                0x08008f88                PROVIDE (__preinit_array_start, .)
 *(.preinit_array*)
                0x08008f88                PROVIDE (__preinit_array_end, .)

.init_array     0x08008f88        0x4
                0x08008f88                PROVIDE (__init_array_start, .)
 *(SORT(.init_array.*))
 *(.init_array*)
 .init_array    0x08008f88        0x4 c:/program files (x86)/atollic/truestudio for arm pro 4.2.0/armtools/bin/../lib/gcc/arm-atollic-eabi/4.7.3/armv7e-m/fpv4-sp-d16/crtbegin.o
                0x08008f8c                PROVIDE (__init_array_end, .)

.fini_array     0x08008f8c        0x4
                0x08008f8c                PROVIDE (__fini_array_start, .)
 *(.fini_array*)
 .fini_array    0x08008f8c        0x4 c:/program files (x86)/atollic/truestudio for arm pro 4.2.0/armtools/bin/../lib/gcc/arm-atollic-eabi/4.7.3/armv7e-m/fpv4-sp-d16/crtbegin.o
 *(SORT(.fini_array.*))
                0x08008f90                PROVIDE (__fini_array_end, .)
                0x08008f90                _sidata = .

.data           0x20000000       0x48 load address 0x08008f90
                0x20000000                . = ALIGN (0x4)
                0x20000000                _sdata = .
 *(.data)
 *(.data*)
 .data.SystemCoreClock
                0x20000000        0x4 src\system_stm32f4xx.o
                0x20000000                SystemCoreClock
 .data.twoKp    0x20000004        0x4 modules\src\sensfusion6.o
                0x20000004                twoKp
 .data.twoKi    0x20000008        0x4 modules\src\sensfusion6.o
                0x20000008                twoKi
 .data.q0       0x2000000c        0x4 modules\src\sensfusion6.o
                0x2000000c                q0
 .data.LIS302DLTimeout
                0x20000010        0x4 Utilities\stm32f4_discovery_lis302dl.o
                0x20000010                LIS302DLTimeout
 .data.GPIO_PORT
                0x20000014       0x10 Utilities\stm32f4_discovery.o
                0x20000014                GPIO_PORT
 .data.BUTTON_PORT
                0x20000024        0x4 Utilities\stm32f4_discovery.o
                0x20000024                BUTTON_PORT
 .data.APBAHBPrescTable
                0x20000028       0x10 Libraries\STM32F4xx_StdPeriph_Driver\src\stm32f4xx_rcc.o
 .data.xNextTaskUnblockTime
                0x20000038        0x4 FreeRTOS\tasks.o
 .data.uxCriticalNesting
                0x2000003c        0x4 FreeRTOS\portable\port.o
 .data.xFreeBytesRemaining
                0x20000040        0x4 FreeRTOS\portable\MemMang\heap_2.o
 .data.__fdlib_version
                0x20000044        0x1 c:/program files (x86)/atollic/truestudio for arm pro 4.2.0/armtools/bin/../lib/gcc/arm-atollic-eabi/4.7.3/../../../../arm-atollic-eabi/lib/armv7e-m/fpv4-sp-d16\libm.a(lib_a-s_lib_ver.o)
                0x20000044                __fdlib_version
                0x20000048                . = ALIGN (0x4)
 *fill*         0x20000045        0x3 00
                0x20000048                _edata = .

.jcr            0x20000048        0x0 load address 0x08008fd8
 .jcr           0x20000048        0x0 c:/program files (x86)/atollic/truestudio for arm pro 4.2.0/armtools/bin/../lib/gcc/arm-atollic-eabi/4.7.3/armv7e-m/fpv4-sp-d16/crtbegin.o

.igot.plt       0x20000048        0x0 load address 0x08008fd8
 .igot.plt      0x00000000        0x0 c:/program files (x86)/atollic/truestudio for arm pro 4.2.0/armtools/bin/../lib/gcc/arm-atollic-eabi/4.7.3/armv7e-m/fpv4-sp-d16/crtbegin.o
                0x20000048                . = ALIGN (0x4)

.bss            0x20000048     0xd130 load address 0x08008fd8
                0x20000048                _sbss = .
                0x20000048                __bss_start__ = _sbss
 *(.bss)
 .bss           0x20000048       0x1c c:/program files (x86)/atollic/truestudio for arm pro 4.2.0/armtools/bin/../lib/gcc/arm-atollic-eabi/4.7.3/armv7e-m/fpv4-sp-d16/crtbegin.o
 *(.bss*)
 .bss.xSemaphoreSW
                0x20000064        0x4 src\main.o
                0x20000064                xSemaphoreSW
 .bss.i.8970    0x20000068        0x4 modules\src\stabilizer.o
 .bss.integralFBx
                0x2000006c        0x4 modules\src\sensfusion6.o
                0x2000006c                integralFBx
 .bss.integralFBy
                0x20000070        0x4 modules\src\sensfusion6.o
                0x20000070                integralFBy
 .bss.integralFBz
                0x20000074        0x4 modules\src\sensfusion6.o
                0x20000074                integralFBz
 .bss.q1        0x20000078        0x4 modules\src\sensfusion6.o
                0x20000078                q1
 .bss.q2        0x2000007c        0x4 modules\src\sensfusion6.o
                0x2000007c                q2
 .bss.q3        0x20000080        0x4 modules\src\sensfusion6.o
                0x20000080                q3
 .bss.isInit    0x20000084        0x1 modules\src\sensfusion6.o
 .bss.isInit    0x20000085        0x1 hal\src\imu.o
 .bss.devAddr   0x20000086        0x1 drivers\src\mpu6050.o
 *fill*         0x20000087        0x1 00
 .bss.I2Cx      0x20000088        0x4 drivers\src\mpu6050.o
 .bss.buffer    0x2000008c       0x10 drivers\src\mpu6050.o
 .bss.isInit    0x2000009c        0x1 drivers\src\mpu6050.o
 .bss.isInit    0x2000009d        0x1 drivers\src\motors.o
 *fill*         0x2000009e        0x2 00
 .bss.I2CDirection
                0x200000a0        0x4 drivers\src\i2croutines.o
                0x200000a0                I2CDirection
 .bss.Tx_Idx1   0x200000a4        0x1 drivers\src\i2croutines.o
                0x200000a4                Tx_Idx1
 .bss.Rx_Idx1   0x200000a5        0x1 drivers\src\i2croutines.o
                0x200000a5                Rx_Idx1
 *fill*         0x200000a6        0x2 00
 .bss.buffer.7700
                0x200000a8       0x14 drivers\src\i2cdev.o
 .bss.xActiveTimerList1
                0x200000bc       0x14 FreeRTOS\timers.o
 .bss.xActiveTimerList2
                0x200000d0       0x14 FreeRTOS\timers.o
 .bss.pxCurrentTimerList
                0x200000e4        0x4 FreeRTOS\timers.o
 .bss.pxOverflowTimerList
                0x200000e8        0x4 FreeRTOS\timers.o
 .bss.xTimerQueue
                0x200000ec        0x4 FreeRTOS\timers.o
 .bss.xLastTime.4405
                0x200000f0        0x4 FreeRTOS\timers.o
 .bss.pxCurrentTCB
                0x200000f4        0x4 FreeRTOS\tasks.o
                0x200000f4                pxCurrentTCB
 .bss.pxReadyTasksLists
                0x200000f8       0x64 FreeRTOS\tasks.o
 .bss.xDelayedTaskList1
                0x2000015c       0x14 FreeRTOS\tasks.o
 .bss.xDelayedTaskList2
                0x20000170       0x14 FreeRTOS\tasks.o
 .bss.pxDelayedTaskList
                0x20000184        0x4 FreeRTOS\tasks.o
 .bss.pxOverflowDelayedTaskList
                0x20000188        0x4 FreeRTOS\tasks.o
 .bss.xPendingReadyList
                0x2000018c       0x14 FreeRTOS\tasks.o
 .bss.uxCurrentNumberOfTasks
                0x200001a0        0x4 FreeRTOS\tasks.o
 .bss.xTickCount
                0x200001a4        0x4 FreeRTOS\tasks.o
 .bss.uxTopUsedPriority
                0x200001a8        0x4 FreeRTOS\tasks.o
 .bss.uxTopReadyPriority
                0x200001ac        0x4 FreeRTOS\tasks.o
 .bss.xSchedulerRunning
                0x200001b0        0x4 FreeRTOS\tasks.o
 .bss.uxSchedulerSuspended
                0x200001b4        0x4 FreeRTOS\tasks.o
 .bss.uxMissedTicks
                0x200001b8        0x4 FreeRTOS\tasks.o
 .bss.xMissedYield
                0x200001bc        0x4 FreeRTOS\tasks.o
 .bss.xNumOfOverflows
                0x200001c0        0x4 FreeRTOS\tasks.o
 .bss.uxTaskNumber
                0x200001c4        0x4 FreeRTOS\tasks.o
 .bss.xHeap     0x200001c8     0xc800 FreeRTOS\portable\MemMang\heap_2.o
 .bss.xStart    0x2000c9c8        0x8 FreeRTOS\portable\MemMang\heap_2.o
 .bss.xEnd      0x2000c9d0        0x8 FreeRTOS\portable\MemMang\heap_2.o
 .bss.xHeapHasBeenInitialised.4818
                0x2000c9d8        0x4 FreeRTOS\portable\MemMang\heap_2.o
 *(COMMON)
 COMMON         0x2000c9dc        0x4 src\stm32f4xx_it.o
                0x2000c9dc                xHigherPriorityTaskWoken
 COMMON         0x2000c9e0       0x52 src\main.o
                0x2000c9e0                acc
                0x2000c9ec                xMEMS_Task
                0x2000c9f0                gyro
                0x2000c9fc                xLED_Tasks
                0x2000ca0c                spektrumchannel
                0x2000ca1c                gyroMpu
                0x2000ca24                xQueue
                0x2000ca28                xBALANCE_Task
                0x2000ca2c                accelMpu
 *fill*         0x2000ca32        0x2 00
 COMMON         0x2000ca34       0xa4 modules\src\stabilizer.o
                0x2000ca34                eulerqueue
                0x2000ca38                yawkp
                0x2000ca3c                a21
                0x2000ca40                pitchki
                0x2000ca44                crollmix
                0x2000ca48                a11
                0x2000ca4c                eulerRollActual
                0x2000ca50                rightmotor
                0x2000ca54                Throttle
                0x2000ca58                leftmotor
                0x2000ca5c                eulerYawDesired
                0x2000ca60                yawphasing
                0x2000ca64                tx1Queue
                0x2000ca68                rs
                0x2000ca6c                eulerPitchDesired
                0x2000ca70                theta
                0x2000ca74                rollkd
                0x2000ca78                tail
                0x2000ca7c                rollphasing
                0x2000ca80                eulerYawActual
                0x2000ca84                a12
                0x2000ca88                spektrumqueue
                0x2000ca8c                actuatorThrust
                0x2000ca8e                rollkp
                0x2000ca90                motorPowerLeftfront
                0x2000ca94                yawRateDesired
                0x2000ca98                rollki
                0x2000ca9a                pitchkd
                0x2000ca9c                motorPowerRightrear
                0x2000caa0                pitchRateDesired
                0x2000caa4                a22
                0x2000caa8                fusionDt
                0x2000caac                eulerPitchActual
                0x2000cab0                eulerRollDesired
                0x2000cab4                cpitch
                0x2000cab8                phaseangle
                0x2000cabc                cyaw
                0x2000cabe                croll
                0x2000cac0                pitchkp
                0x2000cac4                motorPowerLeftrear
                0x2000cac8                rollRateDesired
                0x2000cacc                ls
                0x2000cad0                motorPowerRightfront
                0x2000cad4                cyawmix
 COMMON         0x2000cad8      0x646 hal\src\imu.o
                0x2000cad8                __errno
                0x2000cadc                accelBias
                0x2000cde8                accelLPFAligned
                0x2000cdf0                varianceSampleTime
                0x2000cdf4                imuAccLpfAttFactor
                0x2000cdf8                accelLPF
                0x2000ce00                accelStoredFilterValues
                0x2000ce0c                gyroBias
                0x2000d118                mag
 *fill*         0x2000d11e        0x2 00
 COMMON         0x2000d120       0x48 drivers\src\i2croutines.o
                0x2000d120                I2CDMA_InitStructure
                0x2000d15c                Address
                0x2000d160                NumbOfBytes2
                0x2000d164                NumbOfBytes1
 COMMON         0x2000d168       0x10 drivers\src\i2cdev.o
                0x2000d168                Buffer_Tx1
                0x2000d16c                i2cdevDmaEventI2c1
                0x2000d170                Buffer_Rx1
                0x2000d174                i2cdevDmaEventI2c2
                0x2000d178                . = ALIGN (0x4)
                0x2000d178                _ebss = .
                0x2000d178                __bss_end__ = _ebss

._user_heap_stack
                0x2000d178      0x400 load address 0x08008fd8
                0x2000d178                . = ALIGN (0x4)
                0x2000d178                PROVIDE (end, .)
                0x2000d178                PROVIDE (_end, .)
                0x2000d178                . = (. + _Min_Heap_Size)
                0x2000d578                . = (. + _Min_Stack_Size)
 *fill*         0x2000d178      0x400 00
                0x2000d578                . = ALIGN (0x4)

.memory_b1_text
 *(.mb1text)
 *(.mb1text*)
 *(.mb1rodata)
 *(.mb1rodata*)

/DISCARD/
 libc.a(*)
 libm.a(*)
 libgcc.a(*)

.ARM.attributes
                0x00000000       0x30
 *(.ARM.attributes)
 .ARM.attributes
                0x00000000       0x24 c:/program files (x86)/atollic/truestudio for arm pro 4.2.0/armtools/bin/../lib/gcc/arm-atollic-eabi/4.7.3/armv7e-m/fpv4-sp-d16/crti.o
 .ARM.attributes
                0x00000024       0x2e c:/program files (x86)/atollic/truestudio for arm pro 4.2.0/armtools/bin/../lib/gcc/arm-atollic-eabi/4.7.3/armv7e-m/fpv4-sp-d16/crtbegin.o
 .ARM.attributes
                0x00000052       0x33 utils\src\filter.o
 .ARM.attributes
                0x00000085       0x33 src\system_stm32f4xx.o
 .ARM.attributes
                0x000000b8       0x33 src\stm32f4xx_it.o
 .ARM.attributes
                0x000000eb       0x21 src\startup_stm32f4xx.o
 .ARM.attributes
                0x0000010c       0x33 src\main.o
 .ARM.attributes
                0x0000013f       0x33 src\hw_config.o
 .ARM.attributes
                0x00000172       0x33 modules\src\stabilizer.o
 .ARM.attributes
                0x000001a5       0x33 modules\src\sensfusion6.o
 .ARM.attributes
                0x000001d8       0x33 hal\src\imu.o
 .ARM.attributes
                0x0000020b       0x33 drivers\src\nvic.o
 .ARM.attributes
                0x0000023e       0x33 drivers\src\mpu6050.o
 .ARM.attributes
                0x00000271       0x33 drivers\src\motors.o
 .ARM.attributes
                0x000002a4       0x33 drivers\src\i2croutines.o
 .ARM.attributes
                0x000002d7       0x33 drivers\src\i2cdev.o
 .ARM.attributes
                0x0000030a       0x33 Utilities\stm32f4_discovery_lis302dl.o
 .ARM.attributes
                0x0000033d       0x33 Utilities\stm32f4_discovery.o
 .ARM.attributes
                0x00000370       0x33 Libraries\STM32F4xx_StdPeriph_Driver\src\stm32f4xx_tim.o
 .ARM.attributes
                0x000003a3       0x33 Libraries\STM32F4xx_StdPeriph_Driver\src\stm32f4xx_syscfg.o
 .ARM.attributes
                0x000003d6       0x33 Libraries\STM32F4xx_StdPeriph_Driver\src\stm32f4xx_spi.o
 .ARM.attributes
                0x00000409       0x33 Libraries\STM32F4xx_StdPeriph_Driver\src\stm32f4xx_rcc.o
 .ARM.attributes
                0x0000043c       0x33 Libraries\STM32F4xx_StdPeriph_Driver\src\stm32f4xx_i2c.o
 .ARM.attributes
                0x0000046f       0x33 Libraries\STM32F4xx_StdPeriph_Driver\src\stm32f4xx_gpio.o
 .ARM.attributes
                0x000004a2       0x33 Libraries\STM32F4xx_StdPeriph_Driver\src\stm32f4xx_exti.o
 .ARM.attributes
                0x000004d5       0x33 Libraries\STM32F4xx_StdPeriph_Driver\src\stm32f4xx_dma.o
 .ARM.attributes
                0x00000508       0x33 Libraries\STM32F4xx_StdPeriph_Driver\src\misc.o
 .ARM.attributes
                0x0000053b       0x33 FreeRTOS\timers.o
 .ARM.attributes
                0x0000056e       0x33 FreeRTOS\tasks.o
 .ARM.attributes
                0x000005a1       0x33 FreeRTOS\queue.o
 .ARM.attributes
                0x000005d4       0x33 FreeRTOS\portable\port.o
 .ARM.attributes
                0x00000607       0x33 FreeRTOS\portable\MemMang\heap_2.o
 .ARM.attributes
                0x0000063a       0x33 FreeRTOS\list.o
 .ARM.attributes
                0x0000066d       0x2e c:/program files (x86)/atollic/truestudio for arm pro 4.2.0/armtools/bin/../lib/gcc/arm-atollic-eabi/4.7.3/../../../../arm-atollic-eabi/lib/armv7e-m/fpv4-sp-d16\libm.a(lib_a-s_atan.o)
 .ARM.attributes
                0x0000069b       0x2e c:/program files (x86)/atollic/truestudio for arm pro 4.2.0/armtools/bin/../lib/gcc/arm-atollic-eabi/4.7.3/../../../../arm-atollic-eabi/lib/armv7e-m/fpv4-sp-d16\libm.a(lib_a-s_fabs.o)
 .ARM.attributes
                0x000006c9       0x2e c:/program files (x86)/atollic/truestudio for arm pro 4.2.0/armtools/bin/../lib/gcc/arm-atollic-eabi/4.7.3/../../../../arm-atollic-eabi/lib/armv7e-m/fpv4-sp-d16\libm.a(lib_a-w_atan2.o)
 .ARM.attributes
                0x000006f7       0x2e c:/program files (x86)/atollic/truestudio for arm pro 4.2.0/armtools/bin/../lib/gcc/arm-atollic-eabi/4.7.3/../../../../arm-atollic-eabi/lib/armv7e-m/fpv4-sp-d16\libm.a(lib_a-w_sqrt.o)
 .ARM.attributes
                0x00000725       0x2e c:/program files (x86)/atollic/truestudio for arm pro 4.2.0/armtools/bin/../lib/gcc/arm-atollic-eabi/4.7.3/../../../../arm-atollic-eabi/lib/armv7e-m/fpv4-sp-d16\libm.a(lib_a-e_atan2.o)
 .ARM.attributes
                0x00000753       0x2e c:/program files (x86)/atollic/truestudio for arm pro 4.2.0/armtools/bin/../lib/gcc/arm-atollic-eabi/4.7.3/../../../../arm-atollic-eabi/lib/armv7e-m/fpv4-sp-d16\libm.a(lib_a-e_sqrt.o)
 .ARM.attributes
                0x00000781       0x2e c:/program files (x86)/atollic/truestudio for arm pro 4.2.0/armtools/bin/../lib/gcc/arm-atollic-eabi/4.7.3/../../../../arm-atollic-eabi/lib/armv7e-m/fpv4-sp-d16\libm.a(lib_a-s_fpclassify.o)
 .ARM.attributes
                0x000007af       0x2e c:/program files (x86)/atollic/truestudio for arm pro 4.2.0/armtools/bin/../lib/gcc/arm-atollic-eabi/4.7.3/../../../../arm-atollic-eabi/lib/armv7e-m/fpv4-sp-d16\libm.a(lib_a-s_lib_ver.o)
 .ARM.attributes
                0x000007dd       0x2e c:/program files (x86)/atollic/truestudio for arm pro 4.2.0/armtools/bin/../lib/gcc/arm-atollic-eabi/4.7.3/../../../../arm-atollic-eabi/lib/armv7e-m/fpv4-sp-d16\libm.a(lib_a-s_matherr.o)
 .ARM.attributes
                0x0000080b       0x2e c:/program files (x86)/atollic/truestudio for arm pro 4.2.0/armtools/bin/../lib/gcc/arm-atollic-eabi/4.7.3/../../../../arm-atollic-eabi/lib/armv7e-m/fpv4-sp-d16\libc.a(lib_a-init.o)
 .ARM.attributes
                0x00000839       0x2e c:/program files (x86)/atollic/truestudio for arm pro 4.2.0/armtools/bin/../lib/gcc/arm-atollic-eabi/4.7.3/../../../../arm-atollic-eabi/lib/armv7e-m/fpv4-sp-d16\libc.a(lib_a-memcpy.o)
 .ARM.attributes
                0x00000867       0x2e c:/program files (x86)/atollic/truestudio for arm pro 4.2.0/armtools/bin/../lib/gcc/arm-atollic-eabi/4.7.3/../../../../arm-atollic-eabi/lib/armv7e-m/fpv4-sp-d16\libc.a(lib_a-memset.o)
 .ARM.attributes
                0x00000895       0x2e c:/program files (x86)/atollic/truestudio for arm pro 4.2.0/armtools/bin/../lib/gcc/arm-atollic-eabi/4.7.3/../../../../arm-atollic-eabi/lib/armv7e-m/fpv4-sp-d16\libc.a(lib_a-strncpy.o)
 .ARM.attributes
                0x000008c3       0x24 c:/program files (x86)/atollic/truestudio for arm pro 4.2.0/armtools/bin/../lib/gcc/arm-atollic-eabi/4.7.3/armv7e-m/fpv4-sp-d16\libgcc.a(_arm_addsubdf3.o)
 .ARM.attributes
                0x000008e7       0x24 c:/program files (x86)/atollic/truestudio for arm pro 4.2.0/armtools/bin/../lib/gcc/arm-atollic-eabi/4.7.3/armv7e-m/fpv4-sp-d16\libgcc.a(_arm_muldivdf3.o)
 .ARM.attributes
                0x0000090b       0x24 c:/program files (x86)/atollic/truestudio for arm pro 4.2.0/armtools/bin/../lib/gcc/arm-atollic-eabi/4.7.3/armv7e-m/fpv4-sp-d16\libgcc.a(_arm_cmpdf2.o)
 .ARM.attributes
                0x0000092f       0x24 c:/program files (x86)/atollic/truestudio for arm pro 4.2.0/armtools/bin/../lib/gcc/arm-atollic-eabi/4.7.3/armv7e-m/fpv4-sp-d16\libgcc.a(_arm_fixunsdfsi.o)
 .ARM.attributes
                0x00000953       0x24 c:/program files (x86)/atollic/truestudio for arm pro 4.2.0/armtools/bin/../lib/gcc/arm-atollic-eabi/4.7.3/armv7e-m/fpv4-sp-d16\libgcc.a(_arm_truncdfsf2.o)
 .ARM.attributes
                0x00000977       0x24 c:/program files (x86)/atollic/truestudio for arm pro 4.2.0/armtools/bin/../lib/gcc/arm-atollic-eabi/4.7.3/armv7e-m/fpv4-sp-d16\libgcc.a(_arm_addsubsf3.o)
 .ARM.attributes
                0x0000099b       0x24 c:/program files (x86)/atollic/truestudio for arm pro 4.2.0/armtools/bin/../lib/gcc/arm-atollic-eabi/4.7.3/armv7e-m/fpv4-sp-d16\libgcc.a(_arm_muldivsf3.o)
 .ARM.attributes
                0x000009bf       0x24 c:/program files (x86)/atollic/truestudio for arm pro 4.2.0/armtools/bin/../lib/gcc/arm-atollic-eabi/4.7.3/armv7e-m/fpv4-sp-d16\libgcc.a(_arm_cmpsf2.o)
 .ARM.attributes
                0x000009e3       0x24 c:/program files (x86)/atollic/truestudio for arm pro 4.2.0/armtools/bin/../lib/gcc/arm-atollic-eabi/4.7.3/armv7e-m/fpv4-sp-d16\libgcc.a(_arm_fixunssfsi.o)
 .ARM.attributes
                0x00000a07       0x24 c:/program files (x86)/atollic/truestudio for arm pro 4.2.0/armtools/bin/../lib/gcc/arm-atollic-eabi/4.7.3/armv7e-m/fpv4-sp-d16/crtn.o
OUTPUT(F4_FreeRTOS1_MPU.elf elf32-littlearm)

.debug_info     0x00000000    0x109bc
 .debug_info    0x00000000       0xfe utils\src\filter.o
 .debug_info    0x000000fe      0x5f9 src\system_stm32f4xx.o
 .debug_info    0x000006f7      0x187 src\stm32f4xx_it.o
 .debug_info    0x0000087e       0x84 src\startup_stm32f4xx.o
 .debug_info    0x00000902      0x99b src\main.o
 .debug_info    0x0000129d      0x76a src\hw_config.o
 .debug_info    0x00001a07      0x842 modules\src\stabilizer.o
 .debug_info    0x00002249      0x35a modules\src\sensfusion6.o
 .debug_info    0x000025a3      0x6cd hal\src\imu.o
 .debug_info    0x00002c70      0x2f1 drivers\src\nvic.o
 .debug_info    0x00002f61     0x2b85 drivers\src\mpu6050.o
 .debug_info    0x00005ae6      0x6fb drivers\src\motors.o
 .debug_info    0x000061e1      0xbae drivers\src\i2croutines.o
 .debug_info    0x00006d8f      0xc84 drivers\src\i2cdev.o
 .debug_info    0x00007a13      0x83c Utilities\stm32f4_discovery_lis302dl.o
 .debug_info    0x0000824f      0x8be Utilities\stm32f4_discovery.o
 .debug_info    0x00008b0d     0x1e81 Libraries\STM32F4xx_StdPeriph_Driver\src\stm32f4xx_tim.o
 .debug_info    0x0000a98e      0x27d Libraries\STM32F4xx_StdPeriph_Driver\src\stm32f4xx_syscfg.o
 .debug_info    0x0000ac0b      0xbe2 Libraries\STM32F4xx_StdPeriph_Driver\src\stm32f4xx_spi.o
 .debug_info    0x0000b7ed      0xd4d Libraries\STM32F4xx_StdPeriph_Driver\src\stm32f4xx_rcc.o
 .debug_info    0x0000c53a      0xbaf Libraries\STM32F4xx_StdPeriph_Driver\src\stm32f4xx_i2c.o
 .debug_info    0x0000d0e9      0x644 Libraries\STM32F4xx_StdPeriph_Driver\src\stm32f4xx_gpio.o
 .debug_info    0x0000d72d      0x377 Libraries\STM32F4xx_StdPeriph_Driver\src\stm32f4xx_exti.o
 .debug_info    0x0000daa4      0x7b3 Libraries\STM32F4xx_StdPeriph_Driver\src\stm32f4xx_dma.o
 .debug_info    0x0000e257      0x596 Libraries\STM32F4xx_StdPeriph_Driver\src\misc.o
 .debug_info    0x0000e7ed      0x746 FreeRTOS\timers.o
 .debug_info    0x0000ef33      0xb55 FreeRTOS\tasks.o
 .debug_info    0x0000fa88      0x7cf FreeRTOS\queue.o
 .debug_info    0x00010257      0x1ed FreeRTOS\portable\port.o
 .debug_info    0x00010444      0x2c2 FreeRTOS\portable\MemMang\heap_2.o
 .debug_info    0x00010706      0x2b6 FreeRTOS\list.o

.debug_abbrev   0x00000000     0x2b95
 .debug_abbrev  0x00000000       0x9a utils\src\filter.o
 .debug_abbrev  0x0000009a      0x13a src\system_stm32f4xx.o
 .debug_abbrev  0x000001d4       0xc9 src\stm32f4xx_it.o
 .debug_abbrev  0x0000029d       0x12 src\startup_stm32f4xx.o
 .debug_abbrev  0x000002af      0x22c src\main.o
 .debug_abbrev  0x000004db      0x164 src\hw_config.o
 .debug_abbrev  0x0000063f      0x165 modules\src\stabilizer.o
 .debug_abbrev  0x000007a4      0x11e modules\src\sensfusion6.o
 .debug_abbrev  0x000008c2      0x1f9 hal\src\imu.o
 .debug_abbrev  0x00000abb       0xb9 drivers\src\nvic.o
 .debug_abbrev  0x00000b74      0x22c drivers\src\mpu6050.o
 .debug_abbrev  0x00000da0      0x19d drivers\src\motors.o
 .debug_abbrev  0x00000f3d      0x1b0 drivers\src\i2croutines.o
 .debug_abbrev  0x000010ed      0x1ee drivers\src\i2cdev.o
 .debug_abbrev  0x000012db      0x1bd Utilities\stm32f4_discovery_lis302dl.o
 .debug_abbrev  0x00001498      0x187 Utilities\stm32f4_discovery.o
 .debug_abbrev  0x0000161f      0x18b Libraries\STM32F4xx_StdPeriph_Driver\src\stm32f4xx_tim.o
 .debug_abbrev  0x000017aa      0x135 Libraries\STM32F4xx_StdPeriph_Driver\src\stm32f4xx_syscfg.o
 .debug_abbrev  0x000018df      0x16b Libraries\STM32F4xx_StdPeriph_Driver\src\stm32f4xx_spi.o
 .debug_abbrev  0x00001a4a      0x1e7 Libraries\STM32F4xx_StdPeriph_Driver\src\stm32f4xx_rcc.o
 .debug_abbrev  0x00001c31      0x168 Libraries\STM32F4xx_StdPeriph_Driver\src\stm32f4xx_i2c.o
 .debug_abbrev  0x00001d99      0x1a7 Libraries\STM32F4xx_StdPeriph_Driver\src\stm32f4xx_gpio.o
 .debug_abbrev  0x00001f40      0x1a9 Libraries\STM32F4xx_StdPeriph_Driver\src\stm32f4xx_exti.o
 .debug_abbrev  0x000020e9      0x159 Libraries\STM32F4xx_StdPeriph_Driver\src\stm32f4xx_dma.o
 .debug_abbrev  0x00002242      0x12b Libraries\STM32F4xx_StdPeriph_Driver\src\misc.o
 .debug_abbrev  0x0000236d      0x177 FreeRTOS\timers.o
 .debug_abbrev  0x000024e4      0x1e7 FreeRTOS\tasks.o
 .debug_abbrev  0x000026cb      0x16e FreeRTOS\queue.o
 .debug_abbrev  0x00002839      0x134 FreeRTOS\portable\port.o
 .debug_abbrev  0x0000296d      0x16a FreeRTOS\portable\MemMang\heap_2.o
 .debug_abbrev  0x00002ad7       0xbe FreeRTOS\list.o

.debug_loc      0x00000000     0x9378
 .debug_loc     0x00000000       0x38 utils\src\filter.o
 .debug_loc     0x00000038       0x9c src\system_stm32f4xx.o
 .debug_loc     0x000000d4      0x134 src\stm32f4xx_it.o
 .debug_loc     0x00000208      0x219 src\main.o
 .debug_loc     0x00000421      0x100 src\hw_config.o
 .debug_loc     0x00000521      0x10d modules\src\stabilizer.o
 .debug_loc     0x0000062e      0x102 modules\src\sensfusion6.o
 .debug_loc     0x00000730      0x1fa hal\src\imu.o
 .debug_loc     0x0000092a      0x23c drivers\src\nvic.o
 .debug_loc     0x00000b66     0x397a drivers\src\mpu6050.o
 .debug_loc     0x000044e0      0x10c drivers\src\motors.o
 .debug_loc     0x000045ec      0x188 drivers\src\i2croutines.o
 .debug_loc     0x00004774      0x2c0 drivers\src\i2cdev.o
 .debug_loc     0x00004a34      0x2a0 Utilities\stm32f4_discovery_lis302dl.o
 .debug_loc     0x00004cd4      0x150 Utilities\stm32f4_discovery.o
 .debug_loc     0x00004e24     0x1420 Libraries\STM32F4xx_StdPeriph_Driver\src\stm32f4xx_tim.o
 .debug_loc     0x00006244      0x144 Libraries\STM32F4xx_StdPeriph_Driver\src\stm32f4xx_syscfg.o
 .debug_loc     0x00006388      0x578 Libraries\STM32F4xx_StdPeriph_Driver\src\stm32f4xx_spi.o
 .debug_loc     0x00006900      0x97c Libraries\STM32F4xx_StdPeriph_Driver\src\stm32f4xx_rcc.o
 .debug_loc     0x0000727c      0x738 Libraries\STM32F4xx_StdPeriph_Driver\src\stm32f4xx_i2c.o
 .debug_loc     0x000079b4      0x310 Libraries\STM32F4xx_StdPeriph_Driver\src\stm32f4xx_gpio.o
 .debug_loc     0x00007cc4      0x1b4 Libraries\STM32F4xx_StdPeriph_Driver\src\stm32f4xx_exti.o
 .debug_loc     0x00007e78      0x428 Libraries\STM32F4xx_StdPeriph_Driver\src\stm32f4xx_dma.o
 .debug_loc     0x000082a0      0x118 Libraries\STM32F4xx_StdPeriph_Driver\src\misc.o
 .debug_loc     0x000083b8      0x304 FreeRTOS\timers.o
 .debug_loc     0x000086bc      0x5ac FreeRTOS\tasks.o
 .debug_loc     0x00008c68      0x3b8 FreeRTOS\queue.o
 .debug_loc     0x00009020      0x178 FreeRTOS\portable\port.o
 .debug_loc     0x00009198       0xc8 FreeRTOS\portable\MemMang\heap_2.o
 .debug_loc     0x00009260      0x118 FreeRTOS\list.o

.debug_aranges  0x00000000     0x1898
 .debug_aranges
                0x00000000       0x20 utils\src\filter.o
 .debug_aranges
                0x00000020       0x30 src\system_stm32f4xx.o
 .debug_aranges
                0x00000050       0x50 src\stm32f4xx_it.o
 .debug_aranges
                0x000000a0       0x28 src\startup_stm32f4xx.o
 .debug_aranges
                0x000000c8       0x68 src\main.o
 .debug_aranges
                0x00000130       0x40 src\hw_config.o
 .debug_aranges
                0x00000170       0x40 modules\src\stabilizer.o
 .debug_aranges
                0x000001b0       0x40 modules\src\sensfusion6.o
 .debug_aranges
                0x000001f0       0x60 hal\src\imu.o
 .debug_aranges
                0x00000250       0x80 drivers\src\nvic.o
 .debug_aranges
                0x000002d0      0x870 drivers\src\mpu6050.o
 .debug_aranges
                0x00000b40       0x40 drivers\src\motors.o
 .debug_aranges
                0x00000b80       0x50 drivers\src\i2croutines.o
 .debug_aranges
                0x00000bd0       0x80 drivers\src\i2cdev.o
 .debug_aranges
                0x00000c50       0x78 Utilities\stm32f4_discovery_lis302dl.o
 .debug_aranges
                0x00000cc8       0x48 Utilities\stm32f4_discovery.o
 .debug_aranges
                0x00000d10      0x2f8 Libraries\STM32F4xx_StdPeriph_Driver\src\stm32f4xx_tim.o
 .debug_aranges
                0x00001008       0x48 Libraries\STM32F4xx_StdPeriph_Driver\src\stm32f4xx_syscfg.o
 .debug_aranges
                0x00001050       0xe0 Libraries\STM32F4xx_StdPeriph_Driver\src\stm32f4xx_spi.o
 .debug_aranges
                0x00001130      0x178 Libraries\STM32F4xx_StdPeriph_Driver\src\stm32f4xx_rcc.o
 .debug_aranges
                0x000012a8      0x120 Libraries\STM32F4xx_StdPeriph_Driver\src\stm32f4xx_i2c.o
 .debug_aranges
                0x000013c8       0x88 Libraries\STM32F4xx_StdPeriph_Driver\src\stm32f4xx_gpio.o
 .debug_aranges
                0x00001450       0x58 Libraries\STM32F4xx_StdPeriph_Driver\src\stm32f4xx_exti.o
 .debug_aranges
                0x000014a8       0xb0 Libraries\STM32F4xx_StdPeriph_Driver\src\stm32f4xx_dma.o
 .debug_aranges
                0x00001558       0x40 Libraries\STM32F4xx_StdPeriph_Driver\src\misc.o
 .debug_aranges
                0x00001598       0x88 FreeRTOS\timers.o
 .debug_aranges
                0x00001620       0xf0 FreeRTOS\tasks.o
 .debug_aranges
                0x00001710       0xa0 FreeRTOS\queue.o
 .debug_aranges
                0x000017b0       0x70 FreeRTOS\portable\port.o
 .debug_aranges
                0x00001820       0x38 FreeRTOS\portable\MemMang\heap_2.o
 .debug_aranges
                0x00001858       0x40 FreeRTOS\list.o

.debug_ranges   0x00000000     0x16b0
 .debug_ranges  0x00000000       0x10 utils\src\filter.o
 .debug_ranges  0x00000010       0x20 src\system_stm32f4xx.o
 .debug_ranges  0x00000030       0x40 src\stm32f4xx_it.o
 .debug_ranges  0x00000070       0x20 src\startup_stm32f4xx.o
 .debug_ranges  0x00000090       0x58 src\main.o
 .debug_ranges  0x000000e8       0x30 src\hw_config.o
 .debug_ranges  0x00000118       0x30 modules\src\stabilizer.o
 .debug_ranges  0x00000148       0x30 modules\src\sensfusion6.o
 .debug_ranges  0x00000178       0x50 hal\src\imu.o
 .debug_ranges  0x000001c8       0x70 drivers\src\nvic.o
 .debug_ranges  0x00000238      0x860 drivers\src\mpu6050.o
 .debug_ranges  0x00000a98       0x30 drivers\src\motors.o
 .debug_ranges  0x00000ac8       0x40 drivers\src\i2croutines.o
 .debug_ranges  0x00000b08       0x70 drivers\src\i2cdev.o
 .debug_ranges  0x00000b78       0x68 Utilities\stm32f4_discovery_lis302dl.o
 .debug_ranges  0x00000be0       0x38 Utilities\stm32f4_discovery.o
 .debug_ranges  0x00000c18      0x2e8 Libraries\STM32F4xx_StdPeriph_Driver\src\stm32f4xx_tim.o
 .debug_ranges  0x00000f00       0x38 Libraries\STM32F4xx_StdPeriph_Driver\src\stm32f4xx_syscfg.o
 .debug_ranges  0x00000f38       0xd0 Libraries\STM32F4xx_StdPeriph_Driver\src\stm32f4xx_spi.o
 .debug_ranges  0x00001008      0x168 Libraries\STM32F4xx_StdPeriph_Driver\src\stm32f4xx_rcc.o
 .debug_ranges  0x00001170      0x110 Libraries\STM32F4xx_StdPeriph_Driver\src\stm32f4xx_i2c.o
 .debug_ranges  0x00001280       0x78 Libraries\STM32F4xx_StdPeriph_Driver\src\stm32f4xx_gpio.o
 .debug_ranges  0x000012f8       0x48 Libraries\STM32F4xx_StdPeriph_Driver\src\stm32f4xx_exti.o
 .debug_ranges  0x00001340       0xa0 Libraries\STM32F4xx_StdPeriph_Driver\src\stm32f4xx_dma.o
 .debug_ranges  0x000013e0       0x30 Libraries\STM32F4xx_StdPeriph_Driver\src\misc.o
 .debug_ranges  0x00001410       0x78 FreeRTOS\timers.o
 .debug_ranges  0x00001488       0xe0 FreeRTOS\tasks.o
 .debug_ranges  0x00001568       0x90 FreeRTOS\queue.o
 .debug_ranges  0x000015f8       0x60 FreeRTOS\portable\port.o
 .debug_ranges  0x00001658       0x28 FreeRTOS\portable\MemMang\heap_2.o
 .debug_ranges  0x00001680       0x30 FreeRTOS\list.o

.debug_line     0x00000000     0x7154
 .debug_line    0x00000000       0xec utils\src\filter.o
 .debug_line    0x000000ec      0x1b5 src\system_stm32f4xx.o
 .debug_line    0x000002a1      0x1ec src\stm32f4xx_it.o
 .debug_line    0x0000048d       0x7c src\startup_stm32f4xx.o
 .debug_line    0x00000509      0x496 src\main.o
 .debug_line    0x0000099f      0x289 src\hw_config.o
 .debug_line    0x00000c28      0x2b6 modules\src\stabilizer.o
 .debug_line    0x00000ede      0x1c1 modules\src\sensfusion6.o
 .debug_line    0x0000109f      0x300 hal\src\imu.o
 .debug_line    0x0000139f      0x214 drivers\src\nvic.o
 .debug_line    0x000015b3     0x16bb drivers\src\mpu6050.o
 .debug_line    0x00002c6e      0x276 drivers\src\motors.o
 .debug_line    0x00002ee4      0x40b drivers\src\i2croutines.o
 .debug_line    0x000032ef      0x3e6 drivers\src\i2cdev.o
 .debug_line    0x000036d5      0x351 Utilities\stm32f4_discovery_lis302dl.o
 .debug_line    0x00003a26      0x235 Utilities\stm32f4_discovery.o
 .debug_line    0x00003c5b      0xa23 Libraries\STM32F4xx_StdPeriph_Driver\src\stm32f4xx_tim.o
 .debug_line    0x0000467e      0x1d0 Libraries\STM32F4xx_StdPeriph_Driver\src\stm32f4xx_syscfg.o
 .debug_line    0x0000484e      0x3fd Libraries\STM32F4xx_StdPeriph_Driver\src\stm32f4xx_spi.o
 .debug_line    0x00004c4b      0x545 Libraries\STM32F4xx_StdPeriph_Driver\src\stm32f4xx_rcc.o
 .debug_line    0x00005190      0x486 Libraries\STM32F4xx_StdPeriph_Driver\src\stm32f4xx_i2c.o
 .debug_line    0x00005616      0x2e9 Libraries\STM32F4xx_StdPeriph_Driver\src\stm32f4xx_gpio.o
 .debug_line    0x000058ff      0x24f Libraries\STM32F4xx_StdPeriph_Driver\src\stm32f4xx_exti.o
 .debug_line    0x00005b4e      0x386 Libraries\STM32F4xx_StdPeriph_Driver\src\stm32f4xx_dma.o
 .debug_line    0x00005ed4      0x1ef Libraries\STM32F4xx_StdPeriph_Driver\src\misc.o
 .debug_line    0x000060c3      0x286 FreeRTOS\timers.o
 .debug_line    0x00006349      0x5d9 FreeRTOS\tasks.o
 .debug_line    0x00006922      0x485 FreeRTOS\queue.o
 .debug_line    0x00006da7      0x147 FreeRTOS\portable\port.o
 .debug_line    0x00006eee      0x16d FreeRTOS\portable\MemMang\heap_2.o
 .debug_line    0x0000705b       0xf9 FreeRTOS\list.o

.debug_str      0x00000000     0x6b3c
 .debug_str     0x00000000      0x128 utils\src\filter.o
                                0x16c (size before relaxing)
 .debug_str     0x00000128      0x22e src\system_stm32f4xx.o
                                0x366 (size before relaxing)
 .debug_str     0x00000356       0xb7 src\stm32f4xx_it.o
                                0x20f (size before relaxing)
 .debug_str     0x0000040d      0x297 src\main.o
                                0x468 (size before relaxing)
 .debug_str     0x000006a4      0x437 src\hw_config.o
                                0x685 (size before relaxing)
 .debug_str     0x00000adb      0x33b modules\src\stabilizer.o
                                0x543 (size before relaxing)
 .debug_str     0x00000e16       0xd9 modules\src\sensfusion6.o
                                0x23f (size before relaxing)
 .debug_str     0x00000eef      0x1cc hal\src\imu.o
                                0x407 (size before relaxing)
 .debug_str     0x000010bb      0x127 drivers\src\nvic.o
                                0x2df (size before relaxing)
 .debug_str     0x000011e2     0x1d7b drivers\src\mpu6050.o
                               0x1f88 (size before relaxing)
 .debug_str     0x00002f5d       0x70 drivers\src\motors.o
                                0x59b (size before relaxing)
 .debug_str     0x00002fcd      0x8ef drivers\src\i2croutines.o
                                0xcc2 (size before relaxing)
 .debug_str     0x000038bc      0x142 drivers\src\i2cdev.o
                                0xafc (size before relaxing)
 .debug_str     0x000039fe      0x2c8 Utilities\stm32f4_discovery_lis302dl.o
                                0x713 (size before relaxing)
 .debug_str     0x00003cc6      0x21d Utilities\stm32f4_discovery.o
                                0xaf2 (size before relaxing)
 .debug_str     0x00003ee3      0xa04 Libraries\STM32F4xx_StdPeriph_Driver\src\stm32f4xx_tim.o
                                0xdab (size before relaxing)
 .debug_str     0x000048e7      0x156 Libraries\STM32F4xx_StdPeriph_Driver\src\stm32f4xx_syscfg.o
                                0x2da (size before relaxing)
 .debug_str     0x00004a3d      0x2fd Libraries\STM32F4xx_StdPeriph_Driver\src\stm32f4xx_spi.o
                                0x665 (size before relaxing)
 .debug_str     0x00004d3a      0x542 Libraries\STM32F4xx_StdPeriph_Driver\src\stm32f4xx_rcc.o
                                0x82b (size before relaxing)
 .debug_str     0x0000527c      0x335 Libraries\STM32F4xx_StdPeriph_Driver\src\stm32f4xx_i2c.o
                                0x640 (size before relaxing)
 .debug_str     0x000055b1      0x179 Libraries\STM32F4xx_StdPeriph_Driver\src\stm32f4xx_gpio.o
                                0x47e (size before relaxing)
 .debug_str     0x0000572a       0xf3 Libraries\STM32F4xx_StdPeriph_Driver\src\stm32f4xx_exti.o
                                0x349 (size before relaxing)
 .debug_str     0x0000581d      0x254 Libraries\STM32F4xx_StdPeriph_Driver\src\stm32f4xx_dma.o
                                0x527 (size before relaxing)
 .debug_str     0x00005a71      0x140 Libraries\STM32F4xx_StdPeriph_Driver\src\misc.o
                                0x3b4 (size before relaxing)
 .debug_str     0x00005bb1      0x3f1 FreeRTOS\timers.o
                                0x531 (size before relaxing)
 .debug_str     0x00005fa2      0x5a9 FreeRTOS\tasks.o
                                0x7b5 (size before relaxing)
 .debug_str     0x0000654b      0x2de FreeRTOS\queue.o
                                0x53e (size before relaxing)
 .debug_str     0x00006829      0x117 FreeRTOS\portable\port.o
                                0x228 (size before relaxing)
 .debug_str     0x00006940      0x161 FreeRTOS\portable\MemMang\heap_2.o
                                0x28f (size before relaxing)
 .debug_str     0x00006aa1       0x9b FreeRTOS\list.o
                                0x264 (size before relaxing)

.comment        0x00000000       0x82
 .comment       0x00000000       0x82 utils\src\filter.o
                                 0x83 (size before relaxing)
 .comment       0x00000000       0x83 src\system_stm32f4xx.o
 .comment       0x00000000       0x83 src\stm32f4xx_it.o
 .comment       0x00000000       0x83 src\main.o
 .comment       0x00000000       0x83 src\hw_config.o
 .comment       0x00000000       0x83 modules\src\stabilizer.o
 .comment       0x00000000       0x83 modules\src\sensfusion6.o
 .comment       0x00000000       0x83 hal\src\imu.o
 .comment       0x00000000       0x83 drivers\src\nvic.o
 .comment       0x00000000       0x83 drivers\src\mpu6050.o
 .comment       0x00000000       0x83 drivers\src\motors.o
 .comment       0x00000000       0x83 drivers\src\i2croutines.o
 .comment       0x00000000       0x83 drivers\src\i2cdev.o
 .comment       0x00000000       0x83 Utilities\stm32f4_discovery_lis302dl.o
 .comment       0x00000000       0x83 Utilities\stm32f4_discovery.o
 .comment       0x00000000       0x83 Libraries\STM32F4xx_StdPeriph_Driver\src\stm32f4xx_tim.o
 .comment       0x00000000       0x83 Libraries\STM32F4xx_StdPeriph_Driver\src\stm32f4xx_syscfg.o
 .comment       0x00000000       0x83 Libraries\STM32F4xx_StdPeriph_Driver\src\stm32f4xx_spi.o
 .comment       0x00000000       0x83 Libraries\STM32F4xx_StdPeriph_Driver\src\stm32f4xx_rcc.o
 .comment       0x00000000       0x83 Libraries\STM32F4xx_StdPeriph_Driver\src\stm32f4xx_i2c.o
 .comment       0x00000000       0x83 Libraries\STM32F4xx_StdPeriph_Driver\src\stm32f4xx_gpio.o
 .comment       0x00000000       0x83 Libraries\STM32F4xx_StdPeriph_Driver\src\stm32f4xx_exti.o
 .comment       0x00000000       0x83 Libraries\STM32F4xx_StdPeriph_Driver\src\stm32f4xx_dma.o
 .comment       0x00000000       0x83 Libraries\STM32F4xx_StdPeriph_Driver\src\misc.o
 .comment       0x00000000       0x83 FreeRTOS\timers.o
 .comment       0x00000000       0x83 FreeRTOS\tasks.o
 .comment       0x00000000       0x83 FreeRTOS\queue.o
 .comment       0x00000000       0x83 FreeRTOS\portable\port.o
 .comment       0x00000000       0x83 FreeRTOS\portable\MemMang\heap_2.o
 .comment       0x00000000       0x83 FreeRTOS\list.o

.debug_frame    0x00000000     0x54a8
 .debug_frame   0x00000000       0x2c utils\src\filter.o
 .debug_frame   0x0000002c       0x64 src\system_stm32f4xx.o
 .debug_frame   0x00000090       0xbc src\stm32f4xx_it.o
 .debug_frame   0x0000014c      0x140 src\main.o
 .debug_frame   0x0000028c       0xa4 src\hw_config.o
 .debug_frame   0x00000330       0xac modules\src\stabilizer.o
 .debug_frame   0x000003dc       0xa4 modules\src\sensfusion6.o
 .debug_frame   0x00000480      0x12c hal\src\imu.o
 .debug_frame   0x000005ac      0x168 drivers\src\nvic.o
 .debug_frame   0x00000714     0x2120 drivers\src\mpu6050.o
 .debug_frame   0x00002834       0xac drivers\src\motors.o
 .debug_frame   0x000028e0       0xe4 drivers\src\i2croutines.o
 .debug_frame   0x000029c4      0x1a0 drivers\src\i2cdev.o
 .debug_frame   0x00002b64      0x190 Utilities\stm32f4_discovery_lis302dl.o
 .debug_frame   0x00002cf4       0xc4 Utilities\stm32f4_discovery.o
 .debug_frame   0x00002db8      0xa3c Libraries\STM32F4xx_StdPeriph_Driver\src\stm32f4xx_tim.o
 .debug_frame   0x000037f4       0xbc Libraries\STM32F4xx_StdPeriph_Driver\src\stm32f4xx_syscfg.o
 .debug_frame   0x000038b0      0x2d0 Libraries\STM32F4xx_StdPeriph_Driver\src\stm32f4xx_spi.o
 .debug_frame   0x00003b80      0x4d8 Libraries\STM32F4xx_StdPeriph_Driver\src\stm32f4xx_rcc.o
 .debug_frame   0x00004058      0x3b4 Libraries\STM32F4xx_StdPeriph_Driver\src\stm32f4xx_i2c.o
 .debug_frame   0x0000440c      0x19c Libraries\STM32F4xx_StdPeriph_Driver\src\stm32f4xx_gpio.o
 .debug_frame   0x000045a8       0xec Libraries\STM32F4xx_StdPeriph_Driver\src\stm32f4xx_exti.o
 .debug_frame   0x00004694      0x224 Libraries\STM32F4xx_StdPeriph_Driver\src\stm32f4xx_dma.o
 .debug_frame   0x000048b8       0x9c Libraries\STM32F4xx_StdPeriph_Driver\src\misc.o
 .debug_frame   0x00004954      0x1c4 FreeRTOS\timers.o
 .debug_frame   0x00004b18      0x340 FreeRTOS\tasks.o
 .debug_frame   0x00004e58      0x224 FreeRTOS\queue.o
 .debug_frame   0x0000507c      0x110 FreeRTOS\portable\port.o
 .debug_frame   0x0000518c       0x80 FreeRTOS\portable\MemMang\heap_2.o
 .debug_frame   0x0000520c       0x9c FreeRTOS\list.o
 .debug_frame   0x000052a8       0x38 c:/program files (x86)/atollic/truestudio for arm pro 4.2.0/armtools/bin/../lib/gcc/arm-atollic-eabi/4.7.3/../../../../arm-atollic-eabi/lib/armv7e-m/fpv4-sp-d16\libm.a(lib_a-s_atan.o)
 .debug_frame   0x000052e0       0x20 c:/program files (x86)/atollic/truestudio for arm pro 4.2.0/armtools/bin/../lib/gcc/arm-atollic-eabi/4.7.3/../../../../arm-atollic-eabi/lib/armv7e-m/fpv4-sp-d16\libm.a(lib_a-s_fabs.o)
 .debug_frame   0x00005300       0x20 c:/program files (x86)/atollic/truestudio for arm pro 4.2.0/armtools/bin/../lib/gcc/arm-atollic-eabi/4.7.3/../../../../arm-atollic-eabi/lib/armv7e-m/fpv4-sp-d16\libm.a(lib_a-w_atan2.o)
 .debug_frame   0x00005320       0x38 c:/program files (x86)/atollic/truestudio for arm pro 4.2.0/armtools/bin/../lib/gcc/arm-atollic-eabi/4.7.3/../../../../arm-atollic-eabi/lib/armv7e-m/fpv4-sp-d16\libm.a(lib_a-w_sqrt.o)
 .debug_frame   0x00005358       0x3c c:/program files (x86)/atollic/truestudio for arm pro 4.2.0/armtools/bin/../lib/gcc/arm-atollic-eabi/4.7.3/../../../../arm-atollic-eabi/lib/armv7e-m/fpv4-sp-d16\libm.a(lib_a-e_atan2.o)
 .debug_frame   0x00005394       0x34 c:/program files (x86)/atollic/truestudio for arm pro 4.2.0/armtools/bin/../lib/gcc/arm-atollic-eabi/4.7.3/../../../../arm-atollic-eabi/lib/armv7e-m/fpv4-sp-d16\libm.a(lib_a-e_sqrt.o)
 .debug_frame   0x000053c8       0x20 c:/program files (x86)/atollic/truestudio for arm pro 4.2.0/armtools/bin/../lib/gcc/arm-atollic-eabi/4.7.3/../../../../arm-atollic-eabi/lib/armv7e-m/fpv4-sp-d16\libm.a(lib_a-s_fpclassify.o)
 .debug_frame   0x000053e8       0x20 c:/program files (x86)/atollic/truestudio for arm pro 4.2.0/armtools/bin/../lib/gcc/arm-atollic-eabi/4.7.3/../../../../arm-atollic-eabi/lib/armv7e-m/fpv4-sp-d16\libm.a(lib_a-s_matherr.o)